Renesas Optimizing Linker (W3.03.00 )             30-Jul-2021 12:37:11

*** Options ***

-MAKEUD=DefaultBuild\LeadWell_Vibr.lk.ud
-subcommand=DefaultBuild\LeadWell_Vibr.clnk
-library=DefaultBuild\LeadWell_Vibr.lib
-input=DefaultBuild\r_cg_hardware_setup.obj
-input=DefaultBuild\r_smc_cgc.obj
-input=DefaultBuild\r_smc_cgc_user.obj
-input=DefaultBuild\r_smc_interrupt.obj
-input=DefaultBuild\hwsetup.obj
-input=DefaultBuild\dbsct.obj
-input=DefaultBuild\lowlvl.obj
-input=DefaultBuild\lowsrc.obj
-input=DefaultBuild\mcu_locks.obj
-input=DefaultBuild\resetprg.obj
-input=DefaultBuild\r_bsp_common.obj
-input=DefaultBuild\r_bsp_cpu.obj
-input=DefaultBuild\r_bsp_interrupts.obj
-input=DefaultBuild\r_bsp_locking.obj
-input=DefaultBuild\r_bsp_mcu_startup.obj
-input=DefaultBuild\r_bsp_software_interrupt.obj
-input=DefaultBuild\r_rx_intrinsic_functions.obj
-input=DefaultBuild\sbrk.obj
-input=DefaultBuild\mcu_clocks.obj
-input=DefaultBuild\mcu_init.obj
-input=DefaultBuild\mcu_interrupts.obj
-input=DefaultBuild\mcu_mapped_interrupts.obj
-input=DefaultBuild\vecttbl.obj
-input=DefaultBuild\Pin.obj
-input=DefaultBuild\ether_callback.obj
-input=DefaultBuild\t4_driver.obj
-input=DefaultBuild\timer.obj
-input=DefaultBuild\config_tcpudp.obj
-input=DefaultBuild\r_cmt_rx.obj
-input=DefaultBuild\r_ether_rx.obj
-input=DefaultBuild\phy.obj
-input=DefaultBuild\r_ether_setting_rx.obj
-input=DefaultBuild\r_dhcp_client.obj
-input=DefaultBuild\r_dns_client.obj
-input=DefaultBuild\r_byteq.obj
-input=DefaultBuild\r_sci_rx.obj
-input=DefaultBuild\r_sci_rx64m.obj
-input=DefaultBuild\r_sci_rx64m_data.obj
-input=DefaultBuild\Sensor.obj
-input=DefaultBuild\dsp_process.obj
-input=DefaultBuild\dsp_RFFT.obj
-input=DefaultBuild\EthernetProcess.obj
-input=DefaultBuild\globalVar.obj
-input=DefaultBuild\LeadWell_Vibr.obj
-input=DefaultBuild\r_s12ad_rx.obj
-input=DefaultBuild\r_s12ad_rx63x.obj
-input=DefaultBuild\r_s12ad_rx64m.obj
-input=DefaultBuild\r_s12ad_rx65x.obj
-input=DefaultBuild\LEDprocess.obj
-input=DefaultBuild\MiscClac.obj
-input=DefaultBuild\MQTT.obj
-input=DefaultBuild\r_irq_rx.obj
-input=DefaultBuild\r_irq_rx_user.obj
-library=src\r_t4_rx\lib\T4_Library_rxv1_ether_big.lib
-library=src\r_t4_rx\lib\T4_Library_rxv1_ether_little.lib
-library=src\r_t4_rx\lib\T4_Library_rxv2_ether_big.lib
-library=src\r_t4_rx\lib\T4_Library_rxv2_ether_little.lib
-library=src\dsplib-rxv2\RX_DSP_FPU_LE_Check.lib
-library=src\r_t4_rx\lib\T4_Library_rxv1_ether_little.lib
-library=src\r_t4_rx\lib\T4_Library_rxv2_ether_little.lib
-library=src\dsplib-rxv2\RX_DSP_FPU_LE_Check.lib
-noprelink
-output=DefaultBuild\LeadWell_Vibr.abs
-vect=_undefined_interrupt_source_isr
-list=DefaultBuild\LeadWell_Vibr.map
-show=symbol,total_size
-nooptimize
-start=SI,SU,B_1,R_1,B_2,R_2,B,R/00000004,B_MQTT_SEC_1,R_MQTT_SEC_1,B_MQTT_SEC_2,R_MQTT_SEC_2,B_MQTT_SEC,R_MQTT_SEC/00014F9C,B_VIBR_SEC_1,R_VIBR_SEC_1,B_VIBR_SEC_2,R_VIBR_SEC_2,B_VIBR_SEC,R_VIBR_SEC/00015000,B_ETHERNET_BUFFERS_1,B_RX_DESC_1,B_TX_DESC_1/00030000,PResetPRG/0FFC00000,C_1,C_2,C,C$DSEC,C$BSEC,C$INIT,C$VTBL,C$VECT,D_1,D_2,D,P,PIntPRG,W_1,W_2,W,L/0FFC00100,P_MQTT_SEC,C_MQTT_SEC,C_MQTT_SEC_1,C_MQTT_SEC_2,D_MQTT_SEC,D_MQTT_SEC_1,D_MQTT_SEC_2/FFF8FF9C,P_VIBR_SEC,C_VIBR_SEC,C_VIBR_SEC_1,C_VIBR_SEC_2,D_VIBR_SEC,D_VIBR_SEC_1,D_VIBR_SEC_2/FFF90000,EXCEPTVECT/FFFFFF80,RESETVECT/FFFFFFFC
-rom=D=R,D_1=R_1,D_2=R_2,D_VIBR_SEC=R_VIBR_SEC,D_VIBR_SEC_1=R_VIBR_SEC_1,D_VIBR_SEC_2=R_VIBR_SEC_2,D_MQTT_SEC=R_MQTT_SEC,D_MQTT_SEC_1=R_MQTT_SEC_1,D_MQTT_SEC_2=R_MQTT_SEC_2
-stack
-nologo
-end

*** Error information ***

W0561010:Duplicate file specified in option "library" : "src\r_t4_rx\lib\T4_Library_rxv1_ether_little.lib"
W0561010:Duplicate file specified in option "library" : "src\r_t4_rx\lib\T4_Library_rxv2_ether_little.lib"
W0561010:Duplicate file specified in option "library" : "src\dsplib-rxv2\RX_DSP_FPU_LE_Check.lib"
W0561320:Duplicate symbol "__ether_proc_rcv" in "src\r_t4_rx\lib\T4_Library_rxv1_ether_big.lib(ether)"
W0561320:Duplicate symbol "__ether_proc_rcv" in "src\r_t4_rx\lib\T4_Library_rxv1_ether_little.lib(ether)"
W0561320:Duplicate symbol "__ether_rcv_arp" in "src\r_t4_rx\lib\T4_Library_rxv1_ether_big.lib(ether)"
W0561320:Duplicate symbol "__ether_rcv_arp" in "src\r_t4_rx\lib\T4_Library_rxv1_ether_little.lib(ether)"
W0561320:Duplicate symbol "__ether_arp_resolve" in "src\r_t4_rx\lib\T4_Library_rxv1_ether_big.lib(ether)"
W0561320:Duplicate symbol "__ether_arp_resolve" in "src\r_t4_rx\lib\T4_Library_rxv1_ether_little.lib(ether)"
W0561320:Duplicate symbol "__ether_snd_arp" in "src\r_t4_rx\lib\T4_Library_rxv1_ether_big.lib(ether)"
W0561320:Duplicate symbol "__ether_snd_arp" in "src\r_t4_rx\lib\T4_Library_rxv1_ether_little.lib(ether)"
W0561320:Duplicate symbol "__ether_snd_ip" in "src\r_t4_rx\lib\T4_Library_rxv1_ether_big.lib(ether)"
W0561320:Duplicate symbol "__ether_snd_ip" in "src\r_t4_rx\lib\T4_Library_rxv1_ether_little.lib(ether)"
W0561320:Duplicate symbol "__ether_snd" in "src\r_t4_rx\lib\T4_Library_rxv1_ether_big.lib(ether)"
W0561320:Duplicate symbol "__ether_snd" in "src\r_t4_rx\lib\T4_Library_rxv1_ether_little.lib(ether)"
W0561320:Duplicate symbol "__ether_arp_add" in "src\r_t4_rx\lib\T4_Library_rxv1_ether_big.lib(ether)"
W0561320:Duplicate symbol "__ether_arp_add" in "src\r_t4_rx\lib\T4_Library_rxv1_ether_little.lib(ether)"
W0561320:Duplicate symbol "__ether_arp_del" in "src\r_t4_rx\lib\T4_Library_rxv1_ether_big.lib(ether)"
W0561320:Duplicate symbol "__ether_arp_del" in "src\r_t4_rx\lib\T4_Library_rxv1_ether_little.lib(ether)"
W0561320:Duplicate symbol "__ether_arp_init" in "src\r_t4_rx\lib\T4_Library_rxv1_ether_big.lib(ether)"
W0561320:Duplicate symbol "__ether_arp_init" in "src\r_t4_rx\lib\T4_Library_rxv1_ether_little.lib(ether)"
W0561320:Duplicate symbol "__ether_p_rcv_buff" in "src\r_t4_rx\lib\T4_Library_rxv1_ether_big.lib(ether)"
W0561320:Duplicate symbol "__ether_p_rcv_buff" in "src\r_t4_rx\lib\T4_Library_rxv1_ether_little.lib(ether)"
W0561320:Duplicate symbol "__ip_rcv_hdr" in "src\r_t4_rx\lib\T4_Library_rxv1_ether_big.lib(ip)"
W0561320:Duplicate symbol "__ip_rcv_hdr" in "src\r_t4_rx\lib\T4_Library_rxv1_ether_little.lib(ip)"
W0561320:Duplicate symbol "__ip_snd" in "src\r_t4_rx\lib\T4_Library_rxv1_ether_big.lib(ip)"
W0561320:Duplicate symbol "__ip_snd" in "src\r_t4_rx\lib\T4_Library_rxv1_ether_little.lib(ip)"
W0561320:Duplicate symbol "__ip_snd_icmp" in "src\r_t4_rx\lib\T4_Library_rxv1_ether_big.lib(ip)"
W0561320:Duplicate symbol "__ip_snd_icmp" in "src\r_t4_rx\lib\T4_Library_rxv1_ether_little.lib(ip)"
W0561320:Duplicate symbol "__ip_check_ipadd_proto" in "src\r_t4_rx\lib\T4_Library_rxv1_ether_big.lib(ip)"
W0561320:Duplicate symbol "__ip_check_ipadd_proto" in "src\r_t4_rx\lib\T4_Library_rxv1_ether_little.lib(ip)"
W0561320:Duplicate symbol "__ip_check_multicast" in "src\r_t4_rx\lib\T4_Library_rxv1_ether_big.lib(ip)"
W0561320:Duplicate symbol "__ip_check_multicast" in "src\r_t4_rx\lib\T4_Library_rxv1_ether_little.lib(ip)"
W0561320:Duplicate symbol "__ip_check_broadcast" in "src\r_t4_rx\lib\T4_Library_rxv1_ether_big.lib(ip)"
W0561320:Duplicate symbol "__ip_check_broadcast" in "src\r_t4_rx\lib\T4_Library_rxv1_ether_little.lib(ip)"
W0561320:Duplicate symbol "_data_link_buf_ptr" in "src\r_t4_rx\lib\T4_Library_rxv1_ether_big.lib(ip)"
W0561320:Duplicate symbol "_data_link_buf_ptr" in "src\r_t4_rx\lib\T4_Library_rxv1_ether_little.lib(ip)"
W0561320:Duplicate symbol "__ch_info_tbl" in "src\r_t4_rx\lib\T4_Library_rxv1_ether_big.lib(ip)"
W0561320:Duplicate symbol "__ch_info_tbl" in "src\r_t4_rx\lib\T4_Library_rxv1_ether_little.lib(ip)"
W0561320:Duplicate symbol "__ch_info_head" in "src\r_t4_rx\lib\T4_Library_rxv1_ether_big.lib(ip)"
W0561320:Duplicate symbol "__ch_info_head" in "src\r_t4_rx\lib\T4_Library_rxv1_ether_little.lib(ip)"
W0561320:Duplicate symbol "_R_t4_version" in "src\r_t4_rx\lib\T4_Library_rxv1_ether_big.lib(T4_Version)"
W0561320:Duplicate symbol "_R_t4_version" in "src\r_t4_rx\lib\T4_Library_rxv1_ether_little.lib(T4_Version)"
W0561320:Duplicate symbol "_net2hl_yn_xn" in "src\r_t4_rx\lib\T4_Library_rxv1_ether_big.lib(tcp)"
W0561320:Duplicate symbol "_net2hl_yn_xn" in "src\r_t4_rx\lib\T4_Library_rxv1_ether_little.lib(tcp)"
W0561320:Duplicate symbol "__tcp_init_tcb" in "src\r_t4_rx\lib\T4_Library_rxv1_ether_big.lib(tcp)"
W0561320:Duplicate symbol "__tcp_init_tcb" in "src\r_t4_rx\lib\T4_Library_rxv1_ether_little.lib(tcp)"
W0561320:Duplicate symbol "__process_tcpip" in "src\r_t4_rx\lib\T4_Library_rxv1_ether_big.lib(tcp)"
W0561320:Duplicate symbol "__process_tcpip" in "src\r_t4_rx\lib\T4_Library_rxv1_ether_little.lib(tcp)"
W0561320:Duplicate symbol "__proc_api" in "src\r_t4_rx\lib\T4_Library_rxv1_ether_big.lib(tcp)"
W0561320:Duplicate symbol "__proc_api" in "src\r_t4_rx\lib\T4_Library_rxv1_ether_little.lib(tcp)"
W0561320:Duplicate symbol "__tcp_api_acpt" in "src\r_t4_rx\lib\T4_Library_rxv1_ether_big.lib(tcp)"
W0561320:Duplicate symbol "__tcp_api_acpt" in "src\r_t4_rx\lib\T4_Library_rxv1_ether_little.lib(tcp)"
W0561320:Duplicate symbol "__tcp_api_con" in "src\r_t4_rx\lib\T4_Library_rxv1_ether_big.lib(tcp)"
W0561320:Duplicate symbol "__tcp_api_con" in "src\r_t4_rx\lib\T4_Library_rxv1_ether_little.lib(tcp)"
W0561320:Duplicate symbol "__tcp_api_sht_cls" in "src\r_t4_rx\lib\T4_Library_rxv1_ether_big.lib(tcp)"
W0561320:Duplicate symbol "__tcp_api_sht_cls" in "src\r_t4_rx\lib\T4_Library_rxv1_ether_little.lib(tcp)"
W0561320:Duplicate symbol "__tcp_api_snddt" in "src\r_t4_rx\lib\T4_Library_rxv1_ether_big.lib(tcp)"
W0561320:Duplicate symbol "__tcp_api_snddt" in "src\r_t4_rx\lib\T4_Library_rxv1_ether_little.lib(tcp)"
W0561320:Duplicate symbol "__tcp_api_rcvdt" in "src\r_t4_rx\lib\T4_Library_rxv1_ether_big.lib(tcp)"
W0561320:Duplicate symbol "__tcp_api_rcvdt" in "src\r_t4_rx\lib\T4_Library_rxv1_ether_little.lib(tcp)"
W0561320:Duplicate symbol "__tcp_cpy_rwdat" in "src\r_t4_rx\lib\T4_Library_rxv1_ether_big.lib(tcp)"
W0561320:Duplicate symbol "__tcp_cpy_rwdat" in "src\r_t4_rx\lib\T4_Library_rxv1_ether_little.lib(tcp)"
W0561320:Duplicate symbol "__proc_rcv" in "src\r_t4_rx\lib\T4_Library_rxv1_ether_big.lib(tcp)"
W0561320:Duplicate symbol "__proc_rcv" in "src\r_t4_rx\lib\T4_Library_rxv1_ether_little.lib(tcp)"
W0561320:Duplicate symbol "__tcp_stat" in "src\r_t4_rx\lib\T4_Library_rxv1_ether_big.lib(tcp)"
W0561320:Duplicate symbol "__tcp_stat" in "src\r_t4_rx\lib\T4_Library_rxv1_ether_little.lib(tcp)"
W0561320:Duplicate symbol "__tcp_rcv_rst" in "src\r_t4_rx\lib\T4_Library_rxv1_ether_big.lib(tcp)"
W0561320:Duplicate symbol "__tcp_rcv_rst" in "src\r_t4_rx\lib\T4_Library_rxv1_ether_little.lib(tcp)"
W0561320:Duplicate symbol "__tcp_rcv_syn" in "src\r_t4_rx\lib\T4_Library_rxv1_ether_big.lib(tcp)"
W0561320:Duplicate symbol "__tcp_rcv_syn" in "src\r_t4_rx\lib\T4_Library_rxv1_ether_little.lib(tcp)"
W0561320:Duplicate symbol "__tcp_rcv_ack" in "src\r_t4_rx\lib\T4_Library_rxv1_ether_big.lib(tcp)"
W0561320:Duplicate symbol "__tcp_rcv_ack" in "src\r_t4_rx\lib\T4_Library_rxv1_ether_little.lib(tcp)"
W0561320:Duplicate symbol "__tcp_rcv_opt" in "src\r_t4_rx\lib\T4_Library_rxv1_ether_big.lib(tcp)"
W0561320:Duplicate symbol "__tcp_rcv_opt" in "src\r_t4_rx\lib\T4_Library_rxv1_ether_little.lib(tcp)"
W0561320:Duplicate symbol "__tcp_proc_data" in "src\r_t4_rx\lib\T4_Library_rxv1_ether_big.lib(tcp)"
W0561320:Duplicate symbol "__tcp_proc_data" in "src\r_t4_rx\lib\T4_Library_rxv1_ether_little.lib(tcp)"
W0561320:Duplicate symbol "__tcp_rcv_fin" in "src\r_t4_rx\lib\T4_Library_rxv1_ether_big.lib(tcp)"
W0561320:Duplicate symbol "__tcp_rcv_fin" in "src\r_t4_rx\lib\T4_Library_rxv1_ether_little.lib(tcp)"
W0561320:Duplicate symbol "__tcp_swin_updt" in "src\r_t4_rx\lib\T4_Library_rxv1_ether_big.lib(tcp)"
W0561320:Duplicate symbol "__tcp_swin_updt" in "src\r_t4_rx\lib\T4_Library_rxv1_ether_little.lib(tcp)"
W0561320:Duplicate symbol "__proc_snd" in "src\r_t4_rx\lib\T4_Library_rxv1_ether_big.lib(tcp)"
W0561320:Duplicate symbol "__proc_snd" in "src\r_t4_rx\lib\T4_Library_rxv1_ether_little.lib(tcp)"
W0561320:Duplicate symbol "__tcp_snd" in "src\r_t4_rx\lib\T4_Library_rxv1_ether_big.lib(tcp)"
W0561320:Duplicate symbol "__tcp_snd" in "src\r_t4_rx\lib\T4_Library_rxv1_ether_little.lib(tcp)"
W0561320:Duplicate symbol "__tcp_cancel_api" in "src\r_t4_rx\lib\T4_Library_rxv1_ether_big.lib(tcp)"
W0561320:Duplicate symbol "__tcp_cancel_api" in "src\r_t4_rx\lib\T4_Library_rxv1_ether_little.lib(tcp)"
W0561320:Duplicate symbol "__tcp_clr_rtq" in "src\r_t4_rx\lib\T4_Library_rxv1_ether_big.lib(tcp)"
W0561320:Duplicate symbol "__tcp_clr_rtq" in "src\r_t4_rx\lib\T4_Library_rxv1_ether_little.lib(tcp)"
W0561320:Duplicate symbol "__tcp_return_listen" in "src\r_t4_rx\lib\T4_Library_rxv1_ether_big.lib(tcp)"
W0561320:Duplicate symbol "__tcp_return_listen" in "src\r_t4_rx\lib\T4_Library_rxv1_ether_little.lib(tcp)"
W0561320:Duplicate symbol "__tcp_api_wup" in "src\r_t4_rx\lib\T4_Library_rxv1_ether_big.lib(tcp)"
W0561320:Duplicate symbol "__tcp_api_wup" in "src\r_t4_rx\lib\T4_Library_rxv1_ether_little.lib(tcp)"
W0561320:Duplicate symbol "__tcp_check_cepid_arg" in "src\r_t4_rx\lib\T4_Library_rxv1_ether_big.lib(tcp)"
W0561320:Duplicate symbol "__tcp_check_cepid_arg" in "src\r_t4_rx\lib\T4_Library_rxv1_ether_little.lib(tcp)"
W0561320:Duplicate symbol "__tcp_check_len_arg" in "src\r_t4_rx\lib\T4_Library_rxv1_ether_big.lib(tcp)"
W0561320:Duplicate symbol "__tcp_check_len_arg" in "src\r_t4_rx\lib\T4_Library_rxv1_ether_little.lib(tcp)"
W0561320:Duplicate symbol "__tcp_check_tmout_arg" in "src\r_t4_rx\lib\T4_Library_rxv1_ether_big.lib(tcp)"
W0561320:Duplicate symbol "__tcp_check_tmout_arg" in "src\r_t4_rx\lib\T4_Library_rxv1_ether_little.lib(tcp)"
W0561320:Duplicate symbol "__tcp_is_tcb_queue_over" in "src\r_t4_rx\lib\T4_Library_rxv1_ether_big.lib(tcp)"
W0561320:Duplicate symbol "__tcp_is_tcb_queue_over" in "src\r_t4_rx\lib\T4_Library_rxv1_ether_little.lib(tcp)"
W0561320:Duplicate symbol "__tcp_call_callback" in "src\r_t4_rx\lib\T4_Library_rxv1_ether_big.lib(tcp)"
W0561320:Duplicate symbol "__tcp_call_callback" in "src\r_t4_rx\lib\T4_Library_rxv1_ether_little.lib(tcp)"
W0561320:Duplicate symbol "__tcp_api_type_to_fn" in "src\r_t4_rx\lib\T4_Library_rxv1_ether_big.lib(tcp)"
W0561320:Duplicate symbol "__tcp_api_type_to_fn" in "src\r_t4_rx\lib\T4_Library_rxv1_ether_little.lib(tcp)"
W0561320:Duplicate symbol "__tcp_recv_polling" in "src\r_t4_rx\lib\T4_Library_rxv1_ether_big.lib(tcp)"
W0561320:Duplicate symbol "__tcp_recv_polling" in "src\r_t4_rx\lib\T4_Library_rxv1_ether_little.lib(tcp)"
W0561320:Duplicate symbol "__tcp_init_callback_info" in "src\r_t4_rx\lib\T4_Library_rxv1_ether_big.lib(tcp)"
W0561320:Duplicate symbol "__tcp_init_callback_info" in "src\r_t4_rx\lib\T4_Library_rxv1_ether_little.lib(tcp)"
W0561320:Duplicate symbol "__tcp_tcb" in "src\r_t4_rx\lib\T4_Library_rxv1_ether_big.lib(tcp)"
W0561320:Duplicate symbol "__tcp_tcb" in "src\r_t4_rx\lib\T4_Library_rxv1_ether_little.lib(tcp)"
W0561320:Duplicate symbol "_head_tcb" in "src\r_t4_rx\lib\T4_Library_rxv1_ether_big.lib(tcp)"
W0561320:Duplicate symbol "_head_tcb" in "src\r_t4_rx\lib\T4_Library_rxv1_ether_little.lib(tcp)"
W0561320:Duplicate symbol "__tx_hdr" in "src\r_t4_rx\lib\T4_Library_rxv1_ether_big.lib(tcp)"
W0561320:Duplicate symbol "__tx_hdr" in "src\r_t4_rx\lib\T4_Library_rxv1_ether_little.lib(tcp)"
W0561320:Duplicate symbol "__tcp_timer_cnt" in "src\r_t4_rx\lib\T4_Library_rxv1_ether_big.lib(tcp)"
W0561320:Duplicate symbol "__tcp_timer_cnt" in "src\r_t4_rx\lib\T4_Library_rxv1_ether_little.lib(tcp)"
W0561320:Duplicate symbol "__tcp_pre_timer_cnt" in "src\r_t4_rx\lib\T4_Library_rxv1_ether_big.lib(tcp)"
W0561320:Duplicate symbol "__tcp_pre_timer_cnt" in "src\r_t4_rx\lib\T4_Library_rxv1_ether_little.lib(tcp)"
W0561320:Duplicate symbol "_tcpudp_open" in "src\r_t4_rx\lib\T4_Library_rxv1_ether_big.lib(tcp_api)"
W0561320:Duplicate symbol "_tcpudp_open" in "src\r_t4_rx\lib\T4_Library_rxv1_ether_little.lib(tcp_api)"
W0561320:Duplicate symbol "_tcpudp_close" in "src\r_t4_rx\lib\T4_Library_rxv1_ether_big.lib(tcp_api)"
W0561320:Duplicate symbol "_tcpudp_close" in "src\r_t4_rx\lib\T4_Library_rxv1_ether_little.lib(tcp_api)"
W0561320:Duplicate symbol "__getRAMsize_sub" in "src\r_t4_rx\lib\T4_Library_rxv1_ether_big.lib(tcp_api)"
W0561320:Duplicate symbol "__getRAMsize_sub" in "src\r_t4_rx\lib\T4_Library_rxv1_ether_little.lib(tcp_api)"
W0561320:Duplicate symbol "__getTcpRAMsize" in "src\r_t4_rx\lib\T4_Library_rxv1_ether_big.lib(tcp_api)"
W0561320:Duplicate symbol "__getTcpRAMsize" in "src\r_t4_rx\lib\T4_Library_rxv1_ether_little.lib(tcp_api)"
W0561320:Duplicate symbol "__getUdpRAMsize" in "src\r_t4_rx\lib\T4_Library_rxv1_ether_big.lib(tcp_api)"
W0561320:Duplicate symbol "__getUdpRAMsize" in "src\r_t4_rx\lib\T4_Library_rxv1_ether_little.lib(tcp_api)"
W0561320:Duplicate symbol "__getIpRAMsize" in "src\r_t4_rx\lib\T4_Library_rxv1_ether_big.lib(tcp_api)"
W0561320:Duplicate symbol "__getIpRAMsize" in "src\r_t4_rx\lib\T4_Library_rxv1_ether_little.lib(tcp_api)"
W0561320:Duplicate symbol "__getTblRAMsize" in "src\r_t4_rx\lib\T4_Library_rxv1_ether_big.lib(tcp_api)"
W0561320:Duplicate symbol "__getTblRAMsize" in "src\r_t4_rx\lib\T4_Library_rxv1_ether_little.lib(tcp_api)"
W0561320:Duplicate symbol "_tcpudp_get_ramsize" in "src\r_t4_rx\lib\T4_Library_rxv1_ether_big.lib(tcp_api)"
W0561320:Duplicate symbol "_tcpudp_get_ramsize" in "src\r_t4_rx\lib\T4_Library_rxv1_ether_little.lib(tcp_api)"
W0561320:Duplicate symbol "_tcp_acp_cep" in "src\r_t4_rx\lib\T4_Library_rxv1_ether_big.lib(tcp_api)"
W0561320:Duplicate symbol "_tcp_acp_cep" in "src\r_t4_rx\lib\T4_Library_rxv1_ether_little.lib(tcp_api)"
W0561320:Duplicate symbol "_tcp_con_cep" in "src\r_t4_rx\lib\T4_Library_rxv1_ether_big.lib(tcp_api)"
W0561320:Duplicate symbol "_tcp_con_cep" in "src\r_t4_rx\lib\T4_Library_rxv1_ether_little.lib(tcp_api)"
W0561320:Duplicate symbol "_tcp_sht_cep" in "src\r_t4_rx\lib\T4_Library_rxv1_ether_big.lib(tcp_api)"
W0561320:Duplicate symbol "_tcp_sht_cep" in "src\r_t4_rx\lib\T4_Library_rxv1_ether_little.lib(tcp_api)"
W0561320:Duplicate symbol "_tcp_cls_cep" in "src\r_t4_rx\lib\T4_Library_rxv1_ether_big.lib(tcp_api)"
W0561320:Duplicate symbol "_tcp_cls_cep" in "src\r_t4_rx\lib\T4_Library_rxv1_ether_little.lib(tcp_api)"
W0561320:Duplicate symbol "_tcp_snd_dat" in "src\r_t4_rx\lib\T4_Library_rxv1_ether_big.lib(tcp_api)"
W0561320:Duplicate symbol "_tcp_snd_dat" in "src\r_t4_rx\lib\T4_Library_rxv1_ether_little.lib(tcp_api)"
W0561320:Duplicate symbol "_tcp_rcv_dat" in "src\r_t4_rx\lib\T4_Library_rxv1_ether_big.lib(tcp_api)"
W0561320:Duplicate symbol "_tcp_rcv_dat" in "src\r_t4_rx\lib\T4_Library_rxv1_ether_little.lib(tcp_api)"
W0561320:Duplicate symbol "_tcp_can_cep" in "src\r_t4_rx\lib\T4_Library_rxv1_ether_big.lib(tcp_api)"
W0561320:Duplicate symbol "_tcp_can_cep" in "src\r_t4_rx\lib\T4_Library_rxv1_ether_little.lib(tcp_api)"
W0561320:Duplicate symbol "__tcp_api_req" in "src\r_t4_rx\lib\T4_Library_rxv1_ether_big.lib(tcp_api)"
W0561320:Duplicate symbol "__tcp_api_req" in "src\r_t4_rx\lib\T4_Library_rxv1_ether_little.lib(tcp_api)"
W0561320:Duplicate symbol "__tcp_api_slp" in "src\r_t4_rx\lib\T4_Library_rxv1_ether_big.lib(tcp_api)"
W0561320:Duplicate symbol "__tcp_api_slp" in "src\r_t4_rx\lib\T4_Library_rxv1_ether_little.lib(tcp_api)"
W0561320:Duplicate symbol "__tcp_clr_req" in "src\r_t4_rx\lib\T4_Library_rxv1_ether_big.lib(tcp_api)"
W0561320:Duplicate symbol "__tcp_clr_req" in "src\r_t4_rx\lib\T4_Library_rxv1_ether_little.lib(tcp_api)"
W0561320:Duplicate symbol "_tcp_read_stat" in "src\r_t4_rx\lib\T4_Library_rxv1_ether_big.lib(tcp_api)"
W0561320:Duplicate symbol "_tcp_read_stat" in "src\r_t4_rx\lib\T4_Library_rxv1_ether_little.lib(tcp_api)"
W0561320:Duplicate symbol "_tcp_force_clr" in "src\r_t4_rx\lib\T4_Library_rxv1_ether_big.lib(tcp_api)"
W0561320:Duplicate symbol "_tcp_force_clr" in "src\r_t4_rx\lib\T4_Library_rxv1_ether_little.lib(tcp_api)"
W0561320:Duplicate symbol "_udp_force_clr" in "src\r_t4_rx\lib\T4_Library_rxv1_ether_big.lib(tcp_api)"
W0561320:Duplicate symbol "_udp_force_clr" in "src\r_t4_rx\lib\T4_Library_rxv1_ether_little.lib(tcp_api)"
W0561320:Duplicate symbol "_tcp_set_mss" in "src\r_t4_rx\lib\T4_Library_rxv1_ether_big.lib(tcp_api)"
W0561320:Duplicate symbol "_tcp_set_mss" in "src\r_t4_rx\lib\T4_Library_rxv1_ether_little.lib(tcp_api)"
W0561320:Duplicate symbol "__ether_arp_tbl" in "src\r_t4_rx\lib\T4_Library_rxv1_ether_big.lib(tcp_api)"
W0561320:Duplicate symbol "__ether_arp_tbl" in "src\r_t4_rx\lib\T4_Library_rxv1_ether_little.lib(tcp_api)"
W0561320:Duplicate symbol "_udp_rcv_dat" in "src\r_t4_rx\lib\T4_Library_rxv1_ether_big.lib(udp)"
W0561320:Duplicate symbol "_udp_rcv_dat" in "src\r_t4_rx\lib\T4_Library_rxv1_ether_little.lib(udp)"
W0561320:Duplicate symbol "_udp_snd_dat" in "src\r_t4_rx\lib\T4_Library_rxv1_ether_big.lib(udp)"
W0561320:Duplicate symbol "_udp_snd_dat" in "src\r_t4_rx\lib\T4_Library_rxv1_ether_little.lib(udp)"
W0561320:Duplicate symbol "_udp_can_cep" in "src\r_t4_rx\lib\T4_Library_rxv1_ether_big.lib(udp)"
W0561320:Duplicate symbol "_udp_can_cep" in "src\r_t4_rx\lib\T4_Library_rxv1_ether_little.lib(udp)"
W0561320:Duplicate symbol "__udp_rcv" in "src\r_t4_rx\lib\T4_Library_rxv1_ether_big.lib(udp)"
W0561320:Duplicate symbol "__udp_rcv" in "src\r_t4_rx\lib\T4_Library_rxv1_ether_little.lib(udp)"
W0561320:Duplicate symbol "__udp_rcv_sub" in "src\r_t4_rx\lib\T4_Library_rxv1_ether_big.lib(udp)"
W0561320:Duplicate symbol "__udp_rcv_sub" in "src\r_t4_rx\lib\T4_Library_rxv1_ether_little.lib(udp)"
W0561320:Duplicate symbol "__udp_snd" in "src\r_t4_rx\lib\T4_Library_rxv1_ether_big.lib(udp)"
W0561320:Duplicate symbol "__udp_snd" in "src\r_t4_rx\lib\T4_Library_rxv1_ether_little.lib(udp)"
W0561320:Duplicate symbol "__udp_api_slp" in "src\r_t4_rx\lib\T4_Library_rxv1_ether_big.lib(udp)"
W0561320:Duplicate symbol "__udp_api_slp" in "src\r_t4_rx\lib\T4_Library_rxv1_ether_little.lib(udp)"
W0561320:Duplicate symbol "__udp_api_wup" in "src\r_t4_rx\lib\T4_Library_rxv1_ether_big.lib(udp)"
W0561320:Duplicate symbol "__udp_api_wup" in "src\r_t4_rx\lib\T4_Library_rxv1_ether_little.lib(udp)"
W0561320:Duplicate symbol "__proc_udp_api" in "src\r_t4_rx\lib\T4_Library_rxv1_ether_big.lib(udp)"
W0561320:Duplicate symbol "__proc_udp_api" in "src\r_t4_rx\lib\T4_Library_rxv1_ether_little.lib(udp)"
W0561320:Duplicate symbol "__udp_init" in "src\r_t4_rx\lib\T4_Library_rxv1_ether_big.lib(udp)"
W0561320:Duplicate symbol "__udp_init" in "src\r_t4_rx\lib\T4_Library_rxv1_ether_little.lib(udp)"
W0561320:Duplicate symbol "__udp_api_tmout" in "src\r_t4_rx\lib\T4_Library_rxv1_ether_big.lib(udp)"
W0561320:Duplicate symbol "__udp_api_tmout" in "src\r_t4_rx\lib\T4_Library_rxv1_ether_little.lib(udp)"
W0561320:Duplicate symbol "__tcpudp_cksum" in "src\r_t4_rx\lib\T4_Library_rxv1_ether_big.lib(udp)"
W0561320:Duplicate symbol "__tcpudp_cksum" in "src\r_t4_rx\lib\T4_Library_rxv1_ether_little.lib(udp)"
W0561320:Duplicate symbol "__udp_api_type_to_fn" in "src\r_t4_rx\lib\T4_Library_rxv1_ether_big.lib(udp)"
W0561320:Duplicate symbol "__udp_api_type_to_fn" in "src\r_t4_rx\lib\T4_Library_rxv1_ether_little.lib(udp)"
W0561320:Duplicate symbol "__udp_check_cepid_arg" in "src\r_t4_rx\lib\T4_Library_rxv1_ether_big.lib(udp)"
W0561320:Duplicate symbol "__udp_check_cepid_arg" in "src\r_t4_rx\lib\T4_Library_rxv1_ether_little.lib(udp)"
W0561320:Duplicate symbol "__udp_check_len_arg" in "src\r_t4_rx\lib\T4_Library_rxv1_ether_big.lib(udp)"
W0561320:Duplicate symbol "__udp_check_len_arg" in "src\r_t4_rx\lib\T4_Library_rxv1_ether_little.lib(udp)"
W0561320:Duplicate symbol "__udp_cb" in "src\r_t4_rx\lib\T4_Library_rxv1_ether_big.lib(udp)"
W0561320:Duplicate symbol "__udp_cb" in "src\r_t4_rx\lib\T4_Library_rxv1_ether_little.lib(udp)"
W0561320:Duplicate symbol "__cksum" in "src\r_t4_rx\lib\T4_Library_rxv1_ether_big.lib(cksum_rx_little)"
W0561320:Duplicate symbol "__cksum" in "src\r_t4_rx\lib\T4_Library_rxv1_ether_little.lib(cksum_rx_little)"
W0561320:Duplicate symbol "__ether_proc_rcv" in "src\r_t4_rx\lib\T4_Library_rxv2_ether_big.lib(ether)"
W0561320:Duplicate symbol "__ether_rcv_arp" in "src\r_t4_rx\lib\T4_Library_rxv2_ether_big.lib(ether)"
W0561320:Duplicate symbol "__ether_arp_resolve" in "src\r_t4_rx\lib\T4_Library_rxv2_ether_big.lib(ether)"
W0561320:Duplicate symbol "__ether_snd_arp" in "src\r_t4_rx\lib\T4_Library_rxv2_ether_big.lib(ether)"
W0561320:Duplicate symbol "__ether_snd_ip" in "src\r_t4_rx\lib\T4_Library_rxv2_ether_big.lib(ether)"
W0561320:Duplicate symbol "__ether_snd" in "src\r_t4_rx\lib\T4_Library_rxv2_ether_big.lib(ether)"
W0561320:Duplicate symbol "__ether_arp_add" in "src\r_t4_rx\lib\T4_Library_rxv2_ether_big.lib(ether)"
W0561320:Duplicate symbol "__ether_arp_del" in "src\r_t4_rx\lib\T4_Library_rxv2_ether_big.lib(ether)"
W0561320:Duplicate symbol "__ether_arp_init" in "src\r_t4_rx\lib\T4_Library_rxv2_ether_big.lib(ether)"
W0561320:Duplicate symbol "__ether_p_rcv_buff" in "src\r_t4_rx\lib\T4_Library_rxv2_ether_big.lib(ether)"
W0561320:Duplicate symbol "__ip_rcv_hdr" in "src\r_t4_rx\lib\T4_Library_rxv2_ether_big.lib(ip)"
W0561320:Duplicate symbol "__ip_snd" in "src\r_t4_rx\lib\T4_Library_rxv2_ether_big.lib(ip)"
W0561320:Duplicate symbol "__ip_snd_icmp" in "src\r_t4_rx\lib\T4_Library_rxv2_ether_big.lib(ip)"
W0561320:Duplicate symbol "__ip_check_ipadd_proto" in "src\r_t4_rx\lib\T4_Library_rxv2_ether_big.lib(ip)"
W0561320:Duplicate symbol "__ip_check_multicast" in "src\r_t4_rx\lib\T4_Library_rxv2_ether_big.lib(ip)"
W0561320:Duplicate symbol "__ip_check_broadcast" in "src\r_t4_rx\lib\T4_Library_rxv2_ether_big.lib(ip)"
W0561320:Duplicate symbol "_data_link_buf_ptr" in "src\r_t4_rx\lib\T4_Library_rxv2_ether_big.lib(ip)"
W0561320:Duplicate symbol "__ch_info_tbl" in "src\r_t4_rx\lib\T4_Library_rxv2_ether_big.lib(ip)"
W0561320:Duplicate symbol "__ch_info_head" in "src\r_t4_rx\lib\T4_Library_rxv2_ether_big.lib(ip)"
W0561320:Duplicate symbol "_R_t4_version" in "src\r_t4_rx\lib\T4_Library_rxv2_ether_big.lib(T4_Version)"
W0561320:Duplicate symbol "_net2hl_yn_xn" in "src\r_t4_rx\lib\T4_Library_rxv2_ether_big.lib(tcp)"
W0561320:Duplicate symbol "__tcp_init_tcb" in "src\r_t4_rx\lib\T4_Library_rxv2_ether_big.lib(tcp)"
W0561320:Duplicate symbol "__process_tcpip" in "src\r_t4_rx\lib\T4_Library_rxv2_ether_big.lib(tcp)"
W0561320:Duplicate symbol "__proc_api" in "src\r_t4_rx\lib\T4_Library_rxv2_ether_big.lib(tcp)"
W0561320:Duplicate symbol "__tcp_api_acpt" in "src\r_t4_rx\lib\T4_Library_rxv2_ether_big.lib(tcp)"
W0561320:Duplicate symbol "__tcp_api_con" in "src\r_t4_rx\lib\T4_Library_rxv2_ether_big.lib(tcp)"
W0561320:Duplicate symbol "__tcp_api_sht_cls" in "src\r_t4_rx\lib\T4_Library_rxv2_ether_big.lib(tcp)"
W0561320:Duplicate symbol "__tcp_api_snddt" in "src\r_t4_rx\lib\T4_Library_rxv2_ether_big.lib(tcp)"
W0561320:Duplicate symbol "__tcp_api_rcvdt" in "src\r_t4_rx\lib\T4_Library_rxv2_ether_big.lib(tcp)"
W0561320:Duplicate symbol "__tcp_cpy_rwdat" in "src\r_t4_rx\lib\T4_Library_rxv2_ether_big.lib(tcp)"
W0561320:Duplicate symbol "__proc_rcv" in "src\r_t4_rx\lib\T4_Library_rxv2_ether_big.lib(tcp)"
W0561320:Duplicate symbol "__tcp_stat" in "src\r_t4_rx\lib\T4_Library_rxv2_ether_big.lib(tcp)"
W0561320:Duplicate symbol "__tcp_rcv_rst" in "src\r_t4_rx\lib\T4_Library_rxv2_ether_big.lib(tcp)"
W0561320:Duplicate symbol "__tcp_rcv_syn" in "src\r_t4_rx\lib\T4_Library_rxv2_ether_big.lib(tcp)"
W0561320:Duplicate symbol "__tcp_rcv_ack" in "src\r_t4_rx\lib\T4_Library_rxv2_ether_big.lib(tcp)"
W0561320:Duplicate symbol "__tcp_rcv_opt" in "src\r_t4_rx\lib\T4_Library_rxv2_ether_big.lib(tcp)"
W0561320:Duplicate symbol "__tcp_proc_data" in "src\r_t4_rx\lib\T4_Library_rxv2_ether_big.lib(tcp)"
W0561320:Duplicate symbol "__tcp_rcv_fin" in "src\r_t4_rx\lib\T4_Library_rxv2_ether_big.lib(tcp)"
W0561320:Duplicate symbol "__tcp_swin_updt" in "src\r_t4_rx\lib\T4_Library_rxv2_ether_big.lib(tcp)"
W0561320:Duplicate symbol "__proc_snd" in "src\r_t4_rx\lib\T4_Library_rxv2_ether_big.lib(tcp)"
W0561320:Duplicate symbol "__tcp_snd" in "src\r_t4_rx\lib\T4_Library_rxv2_ether_big.lib(tcp)"
W0561320:Duplicate symbol "__tcp_cancel_api" in "src\r_t4_rx\lib\T4_Library_rxv2_ether_big.lib(tcp)"
W0561320:Duplicate symbol "__tcp_clr_rtq" in "src\r_t4_rx\lib\T4_Library_rxv2_ether_big.lib(tcp)"
W0561320:Duplicate symbol "__tcp_return_listen" in "src\r_t4_rx\lib\T4_Library_rxv2_ether_big.lib(tcp)"
W0561320:Duplicate symbol "__tcp_api_wup" in "src\r_t4_rx\lib\T4_Library_rxv2_ether_big.lib(tcp)"
W0561320:Duplicate symbol "__tcp_check_cepid_arg" in "src\r_t4_rx\lib\T4_Library_rxv2_ether_big.lib(tcp)"
W0561320:Duplicate symbol "__tcp_check_len_arg" in "src\r_t4_rx\lib\T4_Library_rxv2_ether_big.lib(tcp)"
W0561320:Duplicate symbol "__tcp_check_tmout_arg" in "src\r_t4_rx\lib\T4_Library_rxv2_ether_big.lib(tcp)"
W0561320:Duplicate symbol "__tcp_is_tcb_queue_over" in "src\r_t4_rx\lib\T4_Library_rxv2_ether_big.lib(tcp)"
W0561320:Duplicate symbol "__tcp_call_callback" in "src\r_t4_rx\lib\T4_Library_rxv2_ether_big.lib(tcp)"
W0561320:Duplicate symbol "__tcp_api_type_to_fn" in "src\r_t4_rx\lib\T4_Library_rxv2_ether_big.lib(tcp)"
W0561320:Duplicate symbol "__tcp_recv_polling" in "src\r_t4_rx\lib\T4_Library_rxv2_ether_big.lib(tcp)"
W0561320:Duplicate symbol "__tcp_init_callback_info" in "src\r_t4_rx\lib\T4_Library_rxv2_ether_big.lib(tcp)"
W0561320:Duplicate symbol "__tcp_tcb" in "src\r_t4_rx\lib\T4_Library_rxv2_ether_big.lib(tcp)"
W0561320:Duplicate symbol "_head_tcb" in "src\r_t4_rx\lib\T4_Library_rxv2_ether_big.lib(tcp)"
W0561320:Duplicate symbol "__tx_hdr" in "src\r_t4_rx\lib\T4_Library_rxv2_ether_big.lib(tcp)"
W0561320:Duplicate symbol "__tcp_timer_cnt" in "src\r_t4_rx\lib\T4_Library_rxv2_ether_big.lib(tcp)"
W0561320:Duplicate symbol "__tcp_pre_timer_cnt" in "src\r_t4_rx\lib\T4_Library_rxv2_ether_big.lib(tcp)"
W0561320:Duplicate symbol "_tcpudp_open" in "src\r_t4_rx\lib\T4_Library_rxv2_ether_big.lib(tcp_api)"
W0561320:Duplicate symbol "_tcpudp_close" in "src\r_t4_rx\lib\T4_Library_rxv2_ether_big.lib(tcp_api)"
W0561320:Duplicate symbol "__getRAMsize_sub" in "src\r_t4_rx\lib\T4_Library_rxv2_ether_big.lib(tcp_api)"
W0561320:Duplicate symbol "__getTcpRAMsize" in "src\r_t4_rx\lib\T4_Library_rxv2_ether_big.lib(tcp_api)"
W0561320:Duplicate symbol "__getUdpRAMsize" in "src\r_t4_rx\lib\T4_Library_rxv2_ether_big.lib(tcp_api)"
W0561320:Duplicate symbol "__getIpRAMsize" in "src\r_t4_rx\lib\T4_Library_rxv2_ether_big.lib(tcp_api)"
W0561320:Duplicate symbol "__getTblRAMsize" in "src\r_t4_rx\lib\T4_Library_rxv2_ether_big.lib(tcp_api)"
W0561320:Duplicate symbol "_tcpudp_get_ramsize" in "src\r_t4_rx\lib\T4_Library_rxv2_ether_big.lib(tcp_api)"
W0561320:Duplicate symbol "_tcp_acp_cep" in "src\r_t4_rx\lib\T4_Library_rxv2_ether_big.lib(tcp_api)"
W0561320:Duplicate symbol "_tcp_con_cep" in "src\r_t4_rx\lib\T4_Library_rxv2_ether_big.lib(tcp_api)"
W0561320:Duplicate symbol "_tcp_sht_cep" in "src\r_t4_rx\lib\T4_Library_rxv2_ether_big.lib(tcp_api)"
W0561320:Duplicate symbol "_tcp_cls_cep" in "src\r_t4_rx\lib\T4_Library_rxv2_ether_big.lib(tcp_api)"
W0561320:Duplicate symbol "_tcp_snd_dat" in "src\r_t4_rx\lib\T4_Library_rxv2_ether_big.lib(tcp_api)"
W0561320:Duplicate symbol "_tcp_rcv_dat" in "src\r_t4_rx\lib\T4_Library_rxv2_ether_big.lib(tcp_api)"
W0561320:Duplicate symbol "_tcp_can_cep" in "src\r_t4_rx\lib\T4_Library_rxv2_ether_big.lib(tcp_api)"
W0561320:Duplicate symbol "__tcp_api_req" in "src\r_t4_rx\lib\T4_Library_rxv2_ether_big.lib(tcp_api)"
W0561320:Duplicate symbol "__tcp_api_slp" in "src\r_t4_rx\lib\T4_Library_rxv2_ether_big.lib(tcp_api)"
W0561320:Duplicate symbol "__tcp_clr_req" in "src\r_t4_rx\lib\T4_Library_rxv2_ether_big.lib(tcp_api)"
W0561320:Duplicate symbol "_tcp_read_stat" in "src\r_t4_rx\lib\T4_Library_rxv2_ether_big.lib(tcp_api)"
W0561320:Duplicate symbol "_tcp_force_clr" in "src\r_t4_rx\lib\T4_Library_rxv2_ether_big.lib(tcp_api)"
W0561320:Duplicate symbol "_udp_force_clr" in "src\r_t4_rx\lib\T4_Library_rxv2_ether_big.lib(tcp_api)"
W0561320:Duplicate symbol "_tcp_set_mss" in "src\r_t4_rx\lib\T4_Library_rxv2_ether_big.lib(tcp_api)"
W0561320:Duplicate symbol "__ether_arp_tbl" in "src\r_t4_rx\lib\T4_Library_rxv2_ether_big.lib(tcp_api)"
W0561320:Duplicate symbol "_udp_rcv_dat" in "src\r_t4_rx\lib\T4_Library_rxv2_ether_big.lib(udp)"
W0561320:Duplicate symbol "_udp_snd_dat" in "src\r_t4_rx\lib\T4_Library_rxv2_ether_big.lib(udp)"
W0561320:Duplicate symbol "_udp_can_cep" in "src\r_t4_rx\lib\T4_Library_rxv2_ether_big.lib(udp)"
W0561320:Duplicate symbol "__udp_rcv" in "src\r_t4_rx\lib\T4_Library_rxv2_ether_big.lib(udp)"
W0561320:Duplicate symbol "__udp_rcv_sub" in "src\r_t4_rx\lib\T4_Library_rxv2_ether_big.lib(udp)"
W0561320:Duplicate symbol "__udp_snd" in "src\r_t4_rx\lib\T4_Library_rxv2_ether_big.lib(udp)"
W0561320:Duplicate symbol "__udp_api_slp" in "src\r_t4_rx\lib\T4_Library_rxv2_ether_big.lib(udp)"
W0561320:Duplicate symbol "__udp_api_wup" in "src\r_t4_rx\lib\T4_Library_rxv2_ether_big.lib(udp)"
W0561320:Duplicate symbol "__proc_udp_api" in "src\r_t4_rx\lib\T4_Library_rxv2_ether_big.lib(udp)"
W0561320:Duplicate symbol "__udp_init" in "src\r_t4_rx\lib\T4_Library_rxv2_ether_big.lib(udp)"
W0561320:Duplicate symbol "__udp_api_tmout" in "src\r_t4_rx\lib\T4_Library_rxv2_ether_big.lib(udp)"
W0561320:Duplicate symbol "__tcpudp_cksum" in "src\r_t4_rx\lib\T4_Library_rxv2_ether_big.lib(udp)"
W0561320:Duplicate symbol "__udp_api_type_to_fn" in "src\r_t4_rx\lib\T4_Library_rxv2_ether_big.lib(udp)"
W0561320:Duplicate symbol "__udp_check_cepid_arg" in "src\r_t4_rx\lib\T4_Library_rxv2_ether_big.lib(udp)"
W0561320:Duplicate symbol "__udp_check_len_arg" in "src\r_t4_rx\lib\T4_Library_rxv2_ether_big.lib(udp)"
W0561320:Duplicate symbol "__udp_cb" in "src\r_t4_rx\lib\T4_Library_rxv2_ether_big.lib(udp)"
W0561320:Duplicate symbol "__cksum" in "src\r_t4_rx\lib\T4_Library_rxv2_ether_big.lib(cksum_rx_little)"
W0561320:Duplicate symbol "__ether_proc_rcv" in "src\r_t4_rx\lib\T4_Library_rxv2_ether_little.lib(ether)"
W0561320:Duplicate symbol "__ether_rcv_arp" in "src\r_t4_rx\lib\T4_Library_rxv2_ether_little.lib(ether)"
W0561320:Duplicate symbol "__ether_arp_resolve" in "src\r_t4_rx\lib\T4_Library_rxv2_ether_little.lib(ether)"
W0561320:Duplicate symbol "__ether_snd_arp" in "src\r_t4_rx\lib\T4_Library_rxv2_ether_little.lib(ether)"
W0561320:Duplicate symbol "__ether_snd_ip" in "src\r_t4_rx\lib\T4_Library_rxv2_ether_little.lib(ether)"
W0561320:Duplicate symbol "__ether_snd" in "src\r_t4_rx\lib\T4_Library_rxv2_ether_little.lib(ether)"
W0561320:Duplicate symbol "__ether_arp_add" in "src\r_t4_rx\lib\T4_Library_rxv2_ether_little.lib(ether)"
W0561320:Duplicate symbol "__ether_arp_del" in "src\r_t4_rx\lib\T4_Library_rxv2_ether_little.lib(ether)"
W0561320:Duplicate symbol "__ether_arp_init" in "src\r_t4_rx\lib\T4_Library_rxv2_ether_little.lib(ether)"
W0561320:Duplicate symbol "__ether_p_rcv_buff" in "src\r_t4_rx\lib\T4_Library_rxv2_ether_little.lib(ether)"
W0561320:Duplicate symbol "__ip_rcv_hdr" in "src\r_t4_rx\lib\T4_Library_rxv2_ether_little.lib(ip)"
W0561320:Duplicate symbol "__ip_snd" in "src\r_t4_rx\lib\T4_Library_rxv2_ether_little.lib(ip)"
W0561320:Duplicate symbol "__ip_snd_icmp" in "src\r_t4_rx\lib\T4_Library_rxv2_ether_little.lib(ip)"
W0561320:Duplicate symbol "__ip_check_ipadd_proto" in "src\r_t4_rx\lib\T4_Library_rxv2_ether_little.lib(ip)"
W0561320:Duplicate symbol "__ip_check_multicast" in "src\r_t4_rx\lib\T4_Library_rxv2_ether_little.lib(ip)"
W0561320:Duplicate symbol "__ip_check_broadcast" in "src\r_t4_rx\lib\T4_Library_rxv2_ether_little.lib(ip)"
W0561320:Duplicate symbol "_data_link_buf_ptr" in "src\r_t4_rx\lib\T4_Library_rxv2_ether_little.lib(ip)"
W0561320:Duplicate symbol "__ch_info_tbl" in "src\r_t4_rx\lib\T4_Library_rxv2_ether_little.lib(ip)"
W0561320:Duplicate symbol "__ch_info_head" in "src\r_t4_rx\lib\T4_Library_rxv2_ether_little.lib(ip)"
W0561320:Duplicate symbol "_R_t4_version" in "src\r_t4_rx\lib\T4_Library_rxv2_ether_little.lib(T4_Version)"
W0561320:Duplicate symbol "_net2hl_yn_xn" in "src\r_t4_rx\lib\T4_Library_rxv2_ether_little.lib(tcp)"
W0561320:Duplicate symbol "__tcp_init_tcb" in "src\r_t4_rx\lib\T4_Library_rxv2_ether_little.lib(tcp)"
W0561320:Duplicate symbol "__process_tcpip" in "src\r_t4_rx\lib\T4_Library_rxv2_ether_little.lib(tcp)"
W0561320:Duplicate symbol "__proc_api" in "src\r_t4_rx\lib\T4_Library_rxv2_ether_little.lib(tcp)"
W0561320:Duplicate symbol "__tcp_api_acpt" in "src\r_t4_rx\lib\T4_Library_rxv2_ether_little.lib(tcp)"
W0561320:Duplicate symbol "__tcp_api_con" in "src\r_t4_rx\lib\T4_Library_rxv2_ether_little.lib(tcp)"
W0561320:Duplicate symbol "__tcp_api_sht_cls" in "src\r_t4_rx\lib\T4_Library_rxv2_ether_little.lib(tcp)"
W0561320:Duplicate symbol "__tcp_api_snddt" in "src\r_t4_rx\lib\T4_Library_rxv2_ether_little.lib(tcp)"
W0561320:Duplicate symbol "__tcp_api_rcvdt" in "src\r_t4_rx\lib\T4_Library_rxv2_ether_little.lib(tcp)"
W0561320:Duplicate symbol "__tcp_cpy_rwdat" in "src\r_t4_rx\lib\T4_Library_rxv2_ether_little.lib(tcp)"
W0561320:Duplicate symbol "__proc_rcv" in "src\r_t4_rx\lib\T4_Library_rxv2_ether_little.lib(tcp)"
W0561320:Duplicate symbol "__tcp_stat" in "src\r_t4_rx\lib\T4_Library_rxv2_ether_little.lib(tcp)"
W0561320:Duplicate symbol "__tcp_rcv_rst" in "src\r_t4_rx\lib\T4_Library_rxv2_ether_little.lib(tcp)"
W0561320:Duplicate symbol "__tcp_rcv_syn" in "src\r_t4_rx\lib\T4_Library_rxv2_ether_little.lib(tcp)"
W0561320:Duplicate symbol "__tcp_rcv_ack" in "src\r_t4_rx\lib\T4_Library_rxv2_ether_little.lib(tcp)"
W0561320:Duplicate symbol "__tcp_rcv_opt" in "src\r_t4_rx\lib\T4_Library_rxv2_ether_little.lib(tcp)"
W0561320:Duplicate symbol "__tcp_proc_data" in "src\r_t4_rx\lib\T4_Library_rxv2_ether_little.lib(tcp)"
W0561320:Duplicate symbol "__tcp_rcv_fin" in "src\r_t4_rx\lib\T4_Library_rxv2_ether_little.lib(tcp)"
W0561320:Duplicate symbol "__tcp_swin_updt" in "src\r_t4_rx\lib\T4_Library_rxv2_ether_little.lib(tcp)"
W0561320:Duplicate symbol "__proc_snd" in "src\r_t4_rx\lib\T4_Library_rxv2_ether_little.lib(tcp)"
W0561320:Duplicate symbol "__tcp_snd" in "src\r_t4_rx\lib\T4_Library_rxv2_ether_little.lib(tcp)"
W0561320:Duplicate symbol "__tcp_cancel_api" in "src\r_t4_rx\lib\T4_Library_rxv2_ether_little.lib(tcp)"
W0561320:Duplicate symbol "__tcp_clr_rtq" in "src\r_t4_rx\lib\T4_Library_rxv2_ether_little.lib(tcp)"
W0561320:Duplicate symbol "__tcp_return_listen" in "src\r_t4_rx\lib\T4_Library_rxv2_ether_little.lib(tcp)"
W0561320:Duplicate symbol "__tcp_api_wup" in "src\r_t4_rx\lib\T4_Library_rxv2_ether_little.lib(tcp)"
W0561320:Duplicate symbol "__tcp_check_cepid_arg" in "src\r_t4_rx\lib\T4_Library_rxv2_ether_little.lib(tcp)"
W0561320:Duplicate symbol "__tcp_check_len_arg" in "src\r_t4_rx\lib\T4_Library_rxv2_ether_little.lib(tcp)"
W0561320:Duplicate symbol "__tcp_check_tmout_arg" in "src\r_t4_rx\lib\T4_Library_rxv2_ether_little.lib(tcp)"
W0561320:Duplicate symbol "__tcp_is_tcb_queue_over" in "src\r_t4_rx\lib\T4_Library_rxv2_ether_little.lib(tcp)"
W0561320:Duplicate symbol "__tcp_call_callback" in "src\r_t4_rx\lib\T4_Library_rxv2_ether_little.lib(tcp)"
W0561320:Duplicate symbol "__tcp_api_type_to_fn" in "src\r_t4_rx\lib\T4_Library_rxv2_ether_little.lib(tcp)"
W0561320:Duplicate symbol "__tcp_recv_polling" in "src\r_t4_rx\lib\T4_Library_rxv2_ether_little.lib(tcp)"
W0561320:Duplicate symbol "__tcp_init_callback_info" in "src\r_t4_rx\lib\T4_Library_rxv2_ether_little.lib(tcp)"
W0561320:Duplicate symbol "__tcp_tcb" in "src\r_t4_rx\lib\T4_Library_rxv2_ether_little.lib(tcp)"
W0561320:Duplicate symbol "_head_tcb" in "src\r_t4_rx\lib\T4_Library_rxv2_ether_little.lib(tcp)"
W0561320:Duplicate symbol "__tx_hdr" in "src\r_t4_rx\lib\T4_Library_rxv2_ether_little.lib(tcp)"
W0561320:Duplicate symbol "__tcp_timer_cnt" in "src\r_t4_rx\lib\T4_Library_rxv2_ether_little.lib(tcp)"
W0561320:Duplicate symbol "__tcp_pre_timer_cnt" in "src\r_t4_rx\lib\T4_Library_rxv2_ether_little.lib(tcp)"
W0561320:Duplicate symbol "_tcpudp_open" in "src\r_t4_rx\lib\T4_Library_rxv2_ether_little.lib(tcp_api)"
W0561320:Duplicate symbol "_tcpudp_close" in "src\r_t4_rx\lib\T4_Library_rxv2_ether_little.lib(tcp_api)"
W0561320:Duplicate symbol "__getRAMsize_sub" in "src\r_t4_rx\lib\T4_Library_rxv2_ether_little.lib(tcp_api)"
W0561320:Duplicate symbol "__getTcpRAMsize" in "src\r_t4_rx\lib\T4_Library_rxv2_ether_little.lib(tcp_api)"
W0561320:Duplicate symbol "__getUdpRAMsize" in "src\r_t4_rx\lib\T4_Library_rxv2_ether_little.lib(tcp_api)"
W0561320:Duplicate symbol "__getIpRAMsize" in "src\r_t4_rx\lib\T4_Library_rxv2_ether_little.lib(tcp_api)"
W0561320:Duplicate symbol "__getTblRAMsize" in "src\r_t4_rx\lib\T4_Library_rxv2_ether_little.lib(tcp_api)"
W0561320:Duplicate symbol "_tcpudp_get_ramsize" in "src\r_t4_rx\lib\T4_Library_rxv2_ether_little.lib(tcp_api)"
W0561320:Duplicate symbol "_tcp_acp_cep" in "src\r_t4_rx\lib\T4_Library_rxv2_ether_little.lib(tcp_api)"
W0561320:Duplicate symbol "_tcp_con_cep" in "src\r_t4_rx\lib\T4_Library_rxv2_ether_little.lib(tcp_api)"
W0561320:Duplicate symbol "_tcp_sht_cep" in "src\r_t4_rx\lib\T4_Library_rxv2_ether_little.lib(tcp_api)"
W0561320:Duplicate symbol "_tcp_cls_cep" in "src\r_t4_rx\lib\T4_Library_rxv2_ether_little.lib(tcp_api)"
W0561320:Duplicate symbol "_tcp_snd_dat" in "src\r_t4_rx\lib\T4_Library_rxv2_ether_little.lib(tcp_api)"
W0561320:Duplicate symbol "_tcp_rcv_dat" in "src\r_t4_rx\lib\T4_Library_rxv2_ether_little.lib(tcp_api)"
W0561320:Duplicate symbol "_tcp_can_cep" in "src\r_t4_rx\lib\T4_Library_rxv2_ether_little.lib(tcp_api)"
W0561320:Duplicate symbol "__tcp_api_req" in "src\r_t4_rx\lib\T4_Library_rxv2_ether_little.lib(tcp_api)"
W0561320:Duplicate symbol "__tcp_api_slp" in "src\r_t4_rx\lib\T4_Library_rxv2_ether_little.lib(tcp_api)"
W0561320:Duplicate symbol "__tcp_clr_req" in "src\r_t4_rx\lib\T4_Library_rxv2_ether_little.lib(tcp_api)"
W0561320:Duplicate symbol "_tcp_read_stat" in "src\r_t4_rx\lib\T4_Library_rxv2_ether_little.lib(tcp_api)"
W0561320:Duplicate symbol "_tcp_force_clr" in "src\r_t4_rx\lib\T4_Library_rxv2_ether_little.lib(tcp_api)"
W0561320:Duplicate symbol "_udp_force_clr" in "src\r_t4_rx\lib\T4_Library_rxv2_ether_little.lib(tcp_api)"
W0561320:Duplicate symbol "_tcp_set_mss" in "src\r_t4_rx\lib\T4_Library_rxv2_ether_little.lib(tcp_api)"
W0561320:Duplicate symbol "__ether_arp_tbl" in "src\r_t4_rx\lib\T4_Library_rxv2_ether_little.lib(tcp_api)"
W0561320:Duplicate symbol "_udp_rcv_dat" in "src\r_t4_rx\lib\T4_Library_rxv2_ether_little.lib(udp)"
W0561320:Duplicate symbol "_udp_snd_dat" in "src\r_t4_rx\lib\T4_Library_rxv2_ether_little.lib(udp)"
W0561320:Duplicate symbol "_udp_can_cep" in "src\r_t4_rx\lib\T4_Library_rxv2_ether_little.lib(udp)"
W0561320:Duplicate symbol "__udp_rcv" in "src\r_t4_rx\lib\T4_Library_rxv2_ether_little.lib(udp)"
W0561320:Duplicate symbol "__udp_rcv_sub" in "src\r_t4_rx\lib\T4_Library_rxv2_ether_little.lib(udp)"
W0561320:Duplicate symbol "__udp_snd" in "src\r_t4_rx\lib\T4_Library_rxv2_ether_little.lib(udp)"
W0561320:Duplicate symbol "__udp_api_slp" in "src\r_t4_rx\lib\T4_Library_rxv2_ether_little.lib(udp)"
W0561320:Duplicate symbol "__udp_api_wup" in "src\r_t4_rx\lib\T4_Library_rxv2_ether_little.lib(udp)"
W0561320:Duplicate symbol "__proc_udp_api" in "src\r_t4_rx\lib\T4_Library_rxv2_ether_little.lib(udp)"
W0561320:Duplicate symbol "__udp_init" in "src\r_t4_rx\lib\T4_Library_rxv2_ether_little.lib(udp)"
W0561320:Duplicate symbol "__udp_api_tmout" in "src\r_t4_rx\lib\T4_Library_rxv2_ether_little.lib(udp)"
W0561320:Duplicate symbol "__tcpudp_cksum" in "src\r_t4_rx\lib\T4_Library_rxv2_ether_little.lib(udp)"
W0561320:Duplicate symbol "__udp_api_type_to_fn" in "src\r_t4_rx\lib\T4_Library_rxv2_ether_little.lib(udp)"
W0561320:Duplicate symbol "__udp_check_cepid_arg" in "src\r_t4_rx\lib\T4_Library_rxv2_ether_little.lib(udp)"
W0561320:Duplicate symbol "__udp_check_len_arg" in "src\r_t4_rx\lib\T4_Library_rxv2_ether_little.lib(udp)"
W0561320:Duplicate symbol "__udp_cb" in "src\r_t4_rx\lib\T4_Library_rxv2_ether_little.lib(udp)"
W0561320:Duplicate symbol "__cksum" in "src\r_t4_rx\lib\T4_Library_rxv2_ether_little.lib(cksum_rx_little)"
W0561100:Cannot find "B_MQTT_SEC" specified in option "start"
W0561100:Cannot find "PResetPRG" specified in option "start"
W0561100:Cannot find "C$INIT" specified in option "start"
W0561100:Cannot find "C$VTBL" specified in option "start"
W0561100:Cannot find "PIntPRG" specified in option "start"
W0561100:Cannot find "P_MQTT_SEC" specified in option "start"
W0561100:Cannot find "C_MQTT_SEC" specified in option "start"
W0561100:Cannot find "C_MQTT_SEC_1" specified in option "start"
W0561100:Cannot find "C_MQTT_SEC_2" specified in option "start"
W0561100:Cannot find "P_VIBR_SEC" specified in option "start"
W0561100:Cannot find "C_VIBR_SEC" specified in option "start"
W0561100:Cannot find "C_VIBR_SEC_1" specified in option "start"
W0561100:Cannot find "C_VIBR_SEC_2" specified in option "start"

*** Mapping List ***

SECTION                            START      END         SIZE   ALIGN
SI
                                  00000004  00000403       400   4
SU
                                  00000404  00001403      1000   4
B_1
                                  00001404  0000209c       c99   1
R_1
                                  0000209d  00002147        ab   1
B_2
                                  00002148  00002d99       c52   2
R_2
                                  00002d9a  00002d9d         4   2
B
                                  00002da0  0000dca7      af08   4
R
                                  0000dca8  0000e2c3       61c   4
B_MQTT_SEC_1
                                  00014f9c  00014f9d         2   1
R_MQTT_SEC_1
                                  00014f9e  00014fa1         4   1
B_MQTT_SEC_2
                                  00014fa2  00014fe5        44   2
R_MQTT_SEC_2
                                  00014fe6  00014fe6         0   1
R_MQTT_SEC
                                  00014fe6  00014fe6         0   1
B_VIBR_SEC_1
                                  00015000  00016015      1016   1
R_VIBR_SEC_1
                                  00016016  00016016         0   1
B_VIBR_SEC_2
                                  00016016  00016821       80c   2
R_VIBR_SEC_2
                                  00016822  00016822         0   1
B_VIBR_SEC
                                  00016824  00017023       800   4
R_VIBR_SEC
                                  00017024  00017024         0   1
B_ETHERNET_BUFFERS_1
                                  00030000  000317ff      1800   1
B_RX_DESC_1
                                  00031800  0003181f        20   1
B_TX_DESC_1
                                  00031820  0003183f        20   1
$ADDR_C_120040
                                  00120040  00120043         4   1
$ADDR_C_120048
                                  00120048  0012004b         4   1
$ADDR_C_120050
                                  00120050  0012006f        20   1
C_1
                                  ffc00100  ffc00302       203   1
C_2
                                  ffc00304  ffc005a7       2a4   2
C
                                  ffc005a8  ffc011a7       c00   4
C$DSEC
                                  ffc011a8  ffc01213        6c   4
C$BSEC
                                  ffc01214  ffc0122b        18   4
C$VECT
                                  ffc0122c  ffc0162b       400   4
D_1
                                  ffc0162c  ffc016d6        ab   1
D_2
                                  ffc016d8  ffc016db         4   2
D
                                  ffc016dc  ffc01cf7       61c   4
P
                                  ffc01cf8  ffc11cbb      ffc4   1
W_1
                                  ffc11cbc  ffc11cd8        1d   1
W_2
                                  ffc11cda  ffc11cf9        20   2
W
                                  ffc11cfc  ffc11cfc         0   4
L
                                  ffc11cfc  ffc12880       b85   4
D_MQTT_SEC
                                  fff8ff9c  fff8ff9c         0   1
D_MQTT_SEC_1
                                  fff8ff9c  fff8ff9f         4   1
D_MQTT_SEC_2
                                  fff8ffa0  fff8ffa0         0   1
D_VIBR_SEC
                                  fff90000  fff90000         0   1
D_VIBR_SEC_1
                                  fff90000  fff90000         0   1
D_VIBR_SEC_2
                                  fff90000  fff90000         0   1
EXCEPTVECT
                                  ffffff80  fffffffb        7c   4
RESETVECT
                                  fffffffc  ffffffff         4   4

*** Total Section Size ***

RAMDATA SECTION:  00011b6a Byte(s)
ROMDATA SECTION:  00002864 Byte(s)
PROGRAM SECTION:  0000ffc4 Byte(s)

*** Symbol List ***

SECTION=
FILE=                               START        END    SIZE
  SYMBOL                            ADDR        SIZE    INFO      COUNTS  OPT

SECTION=SI
FILE=DefaultBuild\resetprg.obj
                                  00000004  00000403       400

SECTION=SU
FILE=DefaultBuild\resetprg.obj
                                  00000404  00001403      1000

SECTION=B_1
FILE=DefaultBuild\lowsrc.obj
                                  00001404  0000142b        28
  _flmod
                                  00001404        14   data ,g         * 
  _sml_buf
                                  00001418        14   data ,g         * 
FILE=DefaultBuild\r_bsp_software_interrupt.obj
                                  0000142c  00001433         8
  _s_bsp_swint_buf_used
                                  0000142c         2   data ,l         * 
  _s_bsp_swint_buf_top
                                  0000142e         2   data ,l         * 
  _s_bsp_swint_buf_bottom
                                  00001430         2   data ,l         * 
  _s_bsp_swint_nested_int_status
                                  00001432         2   data ,l         * 
FILE=DefaultBuild\ether_callback.obj
                                  00001434  00001437         4
  _magic_packet_detect
                                  00001434         2   data ,g         * 
  _link_detect
                                  00001436         2   data ,g         * 
FILE=DefaultBuild\t4_driver.obj
                                  00001438  00001438         1
  _tcpip_flag
                                  00001438         1   data ,g         * 
FILE=DefaultBuild\r_ether_rx.obj
                                  00001439  00001450        18
  _transfer_enable_flag
                                  00001439         2   data ,l         * 
  _mpd_flag
                                  0000143b         2   data ,l         * 
  _mac_addr_buf
                                  0000143d         c   data ,l         * 
  _lchng_flag
                                  00001449         2   data ,l         * 
  _promiscuous_mode
                                  0000144b         2   data ,l         * 
  _etherc_edmac_power_cont
                                  0000144d         4   data ,l         * 
FILE=DefaultBuild\r_dns_client.obj
                                  00001451  00001754       304
  _dns_buffer
                                  00001451       200   data ,l         * 
  _name_table
                                  00001651       104   data ,g         * 
FILE=DefaultBuild\r_sci_rx.obj
                                  00001755  00002078       924
  _ch1_tx_buf
                                  00001755        50   data ,l         * 
  _ch1_rx_buf
                                  000017a5       834   data ,l         * 
  _ch2_tx_buf
                                  00001fd9        50   data ,l         * 
  _ch2_rx_buf
                                  00002029        50   data ,l         * 
FILE=DefaultBuild\globalVar.obj
                                  00002079  0000209c        24
  _mv
                                  00002079        24   data ,g         * 

SECTION=R_1
FILE=DefaultBuild\ether_callback.obj
                                  0000209d  0000209d         1
  _pause_enable
                                  0000209d         1   data ,g         * 
FILE=DefaultBuild\config_tcpudp.obj
                                  0000209e  000020df        42
  __tcp_dack
                                  0000209e         2   data ,g         * 
  _tcpudp_env
                                  000020a0        28   data ,g         * 
  __myethaddr
                                  000020c8         c   data ,g         * 
  _user_name
                                  000020d4         6   data ,g         * 
  _user_passwd
                                  000020da         6   data ,g         * 
FILE=DefaultBuild\r_ether_rx.obj
                                  000020e0  000020e2         3
  _is_entry
                                  000020e0         1   data ,l         * 
  _pause_frame_enable
                                  000020e1         2   data ,l         * 
FILE=DefaultBuild\r_dns_client.obj
                                  000020e3  000020ea         8
  _dnsaddr1
                                  000020e3         4   data ,g         * 
  _dnsaddr2
                                  000020e7         4   data ,g         * 
FILE=DefaultBuild\r_byteq.obj
                                  000020eb  000020eb         1
  _qcb_init$1
                                  000020eb         1   data ,l         * 
FILE=DefaultBuild\dsp_process.obj
                                  000020ec  000020ec         1
  _idx_buf_s12ad
                                  000020ec         1   data ,l         * 
FILE=DefaultBuild\globalVar.obj
                                  000020ed  000020f5         9
  _ProgramStatusIndicator
                                  000020ed         1   data ,g         * 
  _ETHERNET_RDY
                                  000020ee         2   data ,g         * 
  _DATA_RDY
                                  000020f0         5   data ,g         * 
  _MQTT_RDY
                                  000020f5         1   data ,g         * 
FILE=xfiles
                                  000020f6  00002145        50
  _ebuf
                                  000020f6        50   data ,l         * 
FILE=tcp
                                  00002146  00002146         1
  __process_flag$1
                                  00002146         1   data ,l         * 
FILE=xstate
                                  00002147  00002147         1
  __Mbcurmax
                                  00002147         1   data ,g         * 

SECTION=B_2
FILE=DefaultBuild\r_bsp_cpu.obj
                                  00002148  0000214f         8
  _s_protect_counters
                                  00002148         8   data ,l         * 
FILE=DefaultBuild\t4_driver.obj
                                  00002150  00002153         4
  _tcpudp_time_cnt
                                  00002150         2   data ,g         * 
  _wait_timer
                                  00002152         2   data ,g         * 
FILE=DefaultBuild\phy.obj
                                  00002154  00002157         4
  _local_advertise
                                  00002154         4   data ,l         * 
FILE=DefaultBuild\dsp_RFFT.obj
                                  00002158  00002d57       c00
  _gs_fft_twiddles
                                  00002158       c00   data ,l         * 
FILE=tcp
                                  00002d58  00002d99        42
  __tx_hdr
                                  00002d58        3c   data ,g         * 
  __tcp_timer_cnt
                                  00002d94         2   data ,g         * 
  __tcp_pre_timer_cnt
                                  00002d96         2   data ,g         * 
  _port$3
                                  00002d98         2   data ,l         * 

SECTION=R_2
FILE=DefaultBuild\r_dns_client.obj
                                  00002d9a  00002d9b         2
  _TRANSACTION_ID
                                  00002d9a         2   data ,l         * 
FILE=DefaultBuild\MQTT.obj
                                  00002d9c  00002d9d         2
  _MSG_IDENTIFIER
                                  00002d9c         2   data ,g         * 

SECTION=B
FILE=DefaultBuild\lowsrc.obj
                                  00002da0  00002def        50
  __Files
                                  00002da0        50   data ,g         * 
FILE=DefaultBuild\mcu_locks.obj
                                  00002df0  00002fcb       1dc
  _g_bsp_Locks
                                  00002df0       1dc   data ,g         * 
FILE=DefaultBuild\r_bsp_interrupts.obj
                                  00002fcc  00003157       18c
  _g_bsp_vectors
                                  00002fcc       18c   data ,l         * 
FILE=DefaultBuild\r_bsp_software_interrupt.obj
                                  00003158  00003237        e0
  _g_bsp_swint_access_ctrl
                                  00003158         8   data ,g         * 
  _s_bsp_swint_task
                                  00003160        d8   data ,l         * 
FILE=DefaultBuild\sbrk.obj
                                  00003238  0000363b       404
  __s1ptr
                                  00003238         4   data ,g         * 
  _s_heap_area
                                  0000323c       400   data ,l         * 
FILE=DefaultBuild\t4_driver.obj
                                  0000363c  000036ff        c4
  _t4_stat
                                  0000363c        c0   data ,g         * 
  _err_buf_ptr
                                  000036fc         4   data ,g         * 
FILE=DefaultBuild\r_cmt_rx.obj
                                  00003700  0000371f        20
  _g_cmt_modes
                                  00003700        10   data ,l         * 
  _g_cmt_callbacks
                                  00003710        10   data ,l         * 
FILE=DefaultBuild\r_ether_rx.obj
                                  00003720  00003727         8
  _cb_func
                                  00003720         8   data ,l         * 
FILE=DefaultBuild\r_dns_client.obj
                                  00003728  00003867       140
  _dns_packet
                                  00003728        24   data ,l         * 
  _dns_mng
                                  0000374c       114   data ,g         * 
  _dns$1
                                  00003860         8   data ,l         * 
FILE=DefaultBuild\r_byteq.obj
                                  00003868  00003897        30
  _g_qcb
                                  00003868        30   data ,l         * 
FILE=DefaultBuild\Sensor.obj
                                  00003898  0000389f         8
  _g_my_sci_handle_ch1
                                  00003898         4   data ,l         * 
  _g_my_sci_handle_ch2
                                  0000389c         4   data ,l         * 
FILE=DefaultBuild\dsp_process.obj
                                  000038a0  000038a3         4
  _gs_request_s12ad
                                  000038a0         4   data ,l         * 
FILE=DefaultBuild\dsp_RFFT.obj
                                  000038a4  00008867      4fc4
  _buf_freq
                                  000038a4      1000   data ,l         * 
  _buf_inverse
                                  000048a4      1000   data ,l         * 
  _ntwb
                                  000058a4         4   data ,l         * 
  _nbrb
                                  000058a8         4   data ,l         * 
  _nwkb
                                  000058ac         4   data ,l         * 
  _fft_twiddles
                                  000058b0      1800   data ,l         * 
  _fft_bitrev
                                  000070b0       3f8   data ,l         * 
  _gs_fft_buf
                                  000074a8      1000   data ,l         * 
  _gs_fft_bitrev
                                  000084a8       3c0   data ,l         * 
FILE=DefaultBuild\EthernetProcess.obj
                                  00008868  0000dc6b      5404
  _tcpudp_work
                                  00008868      5400   data ,l         * 
  _tcpPacket
                                  0000dc68         4   data ,g         * 
FILE=DefaultBuild\globalVar.obj
                                  0000dc6c  0000dc7b        10
  _vm
                                  0000dc6c        10   data ,g         * 
FILE=DefaultBuild\MQTT.obj
                                  0000dc7c  0000dc83         8
  _mct
                                  0000dc7c         4   data ,g         * 
  _mqos
                                  0000dc80         4   data ,g         * 
FILE=tcp
                                  0000dc84  0000dc8b         8
  __tcp_tcb
                                  0000dc84         4   data ,g         * 
  _head_tcb
                                  0000dc88         4   data ,g         * 
FILE=tcp_api
                                  0000dc8c  0000dc8f         4
  __ether_arp_tbl
                                  0000dc8c         4   data ,g         * 
FILE=udp
                                  0000dc90  0000dc93         4
  __udp_cb
                                  0000dc90         4   data ,g         * 
FILE=_errno
                                  0000dc94  0000dc97         4
  __errno
                                  0000dc94         4   data ,g         * 
FILE=ether
                                  0000dc98  0000dc9b         4
  __ether_p_rcv_buff
                                  0000dc98         4   data ,g         * 
FILE=ip
                                  0000dc9c  0000dca7         c
  _data_link_buf_ptr
                                  0000dc9c         4   data ,g         * 
  __ch_info_tbl
                                  0000dca0         4   data ,g         * 
  __ch_info_head
                                  0000dca4         4   data ,g         * 

SECTION=R
FILE=DefaultBuild\lowsrc.obj
                                  0000dca8  0000dcbb        14
  _env_list
                                  0000dca8        10   data ,g         * 
  _environ
                                  0000dcb8         4   data ,g         * 
FILE=DefaultBuild\sbrk.obj
                                  0000dcbc  0000dcbf         4
  _sp_brk
                                  0000dcbc         4   data ,l         * 
FILE=DefaultBuild\timer.obj
                                  0000dcc0  0000dcc3         4
  _cmt_channel
                                  0000dcc0         4   data ,l         * 
FILE=DefaultBuild\config_tcpudp.obj
                                  0000dcc4  0000df63       2a0
  _tcp_crep
                                  0000dcc4        d8   data ,g         * 
  _tcp_ccep
                                  0000dd9c       1b0   data ,g         * 
  __tcp_initial_seqno
                                  0000df4c         8   data ,g         * 
  _udp_ccep
                                  0000df54        10   data ,g         * 
FILE=DefaultBuild\r_ether_rx.obj
                                  0000df64  0000df73        10
  _papp_rx_desc
                                  0000df64         8   data ,l         * 
  _papp_tx_desc
                                  0000df6c         8   data ,l         * 
FILE=DefaultBuild\r_dns_client.obj
                                  0000df74  0000df7b         8
  _dnsaddr_tbl
                                  0000df74         8   data ,l         * 
FILE=DefaultBuild\r_sci_rx64m_data.obj
                                  0000df7c  0000dfbb        40
  _ch1_ctrl
                                  0000df7c        20   data ,g         * 
  _ch2_ctrl
                                  0000df9c        20   data ,g         * 
FILE=DefaultBuild\Sensor.obj
                                  0000dfbc  0000dfcb        10
  _p_EDSRtnRAWData
                                  0000dfbc         4   data ,g         * 
  _p_EDSData
                                  0000dfc0         4   data ,g         * 
  _p_vibrRtnRAWData
                                  0000dfc4         4   data ,g         * 
  _p_vibrateData
                                  0000dfc8         4   data ,g         * 
FILE=DefaultBuild\dsp_RFFT.obj
                                  0000dfcc  0000e023        58
  _vtime
                                  0000dfcc         8   data ,l         * 
  _vfreq
                                  0000dfd4         8   data ,l         * 
  _vout
                                  0000dfdc         8   data ,l         * 
  _h
                                  0000dfe4        14   data ,l         * 
  _gs_fft_time
                                  0000dff8         8   data ,l         * 
  _gs_fft_freq
                                  0000e000         8   data ,l         * 
  _gs_fft_mag
                                  0000e008         8   data ,l         * 
  _gs_fft_handle
                                  0000e010        14   data ,l         * 
FILE=DefaultBuild\r_s12ad_rx64m.obj
                                  0000e024  0000e043        20
  _g_dcb
                                  0000e024        20   data ,g         * 
FILE=xfiles
                                  0000e044  0000e11b        d8
  __Stdin
                                  0000e044        48   data ,g         * 
  __Stdout
                                  0000e08c        48   data ,g         * 
  __Stderr
                                  0000e0d4        48   data ,g         * 
FILE=xprintf
                                  0000e11c  0000e11f         4
  _stderr
                                  0000e11c         4   data ,g         * 
FILE=sincosfsub
                                  0000e120  0000e15b        3c
  _sinf_coeff
                                  0000e120        10   data ,l         * 
  _cosf_coeff
                                  0000e130        10   data ,l         * 
  _pi4ptr_table
                                  0000e140         c   data ,l         * 
  _sub_table
                                  0000e14c        10   data ,l         * 
FILE=xctype
                                  0000e15c  0000e163         8
  __Ctype
                                  0000e15c         4   data ,g         * 
  __Tls_setup__Ctype
                                  0000e160         4   data ,g         * 
FILE=malloc
                                  0000e164  0000e16b         8
  __Aldata
                                  0000e164         8   data ,g         * 
FILE=xstate
                                  0000e16c  0000e1b3        48
  __Tls_setup__Mbcurmax
                                  0000e16c         4   data ,g         * 
  __Mbstate
                                  0000e170        40   data ,g         * 
  __Tls_setup__Mbstate
                                  0000e1b0         4   data ,g         * 
FILE=localeco
                                  0000e1b4  0000e207        54
  __Locale
                                  0000e1b4        50   data ,g         * 
  __Tls_setup__Locale
                                  0000e204         4   data ,g         * 
FILE=xwcstate
                                  0000e208  0000e24b        44
  __Wcstate
                                  0000e208        40   data ,g         * 
  __Tls_setup__Wcstate
                                  0000e248         4   data ,g         * 
FILE=xfvalues
                                  0000e24c  0000e2c3        78
  __FDenorm
                                  0000e24c        10   data ,g         * 
  __FEps
                                  0000e25c        10   data ,g         * 
  __FHugeval
                                  0000e26c        10   data ,g         * 
  __FInf
                                  0000e27c        10   data ,g         * 
  __FNan
                                  0000e28c        10   data ,g         * 
  __FSnan
                                  0000e29c        10   data ,g         * 
  __FRteps
                                  0000e2ac        10   data ,g         * 
  __FXbig
                                  0000e2bc         4   data ,g         * 
  __FZero
                                  0000e2c0         4   data ,g         * 

SECTION=B_MQTT_SEC_1
FILE=DefaultBuild\MQTT.obj
                                  00014f9c  00014f9d         2
  _mtp
                                  00014f9c         2   data ,g         * 

SECTION=R_MQTT_SEC_1
FILE=DefaultBuild\MQTT.obj
                                  00014f9e  00014fa1         4
  _smcp
                                  00014f9e         1   data ,g         * 
  _smpp
                                  00014f9f         1   data ,g         * 
  _smtp
                                  00014fa0         1   data ,g         * 
  _smsp
                                  00014fa1         1   data ,g         * 

SECTION=B_MQTT_SEC_2
FILE=DefaultBuild\MQTT.obj
                                  00014fa2  00014fe5        44
  _mcp
                                  00014fa2        1e   data ,g         * 
  _mpp
                                  00014fc0        16   data ,g         * 
  _msp
                                  00014fd6        10   data ,g         * 

SECTION=B_VIBR_SEC_1
FILE=DefaultBuild\globalVar.obj
                                  00015000  00016015      1016
  _vibrRtnRAWData
                                  00015000       807   data ,g         * 
  _EDSRtnRAWData
                                  00015807         9   data ,g         * 
  _HLvibrateData
                                  00015810       800   data ,g         * 
  _HLTempData
                                  00016010         6   data ,g         * 

SECTION=B_VIBR_SEC_2
FILE=DefaultBuild\globalVar.obj
                                  00016016  00016821       80c
  _vibrateData
                                  00016016       800   data ,g         * 
  _EDSData
                                  00016816         6   data ,g         * 
  _TempData
                                  0001681c         6   data ,g         * 

SECTION=B_VIBR_SEC
FILE=DefaultBuild\globalVar.obj
                                  00016824  00017023       800
  _frequencyData
                                  00016824       800   data ,g         * 

SECTION=B_ETHERNET_BUFFERS_1
FILE=DefaultBuild\r_ether_rx.obj
                                  00030000  000317ff      1800
  _ether_buffers
                                  00030000      1800   data ,l         * 

SECTION=B_RX_DESC_1
FILE=DefaultBuild\r_ether_rx.obj
                                  00031800  0003181f        20
  _rx_descriptors
                                  00031800        20   data ,l         * 

SECTION=B_TX_DESC_1
FILE=DefaultBuild\r_ether_rx.obj
                                  00031820  0003183f        20
  _tx_descriptors
                                  00031820        20   data ,l         * 

SECTION=$ADDR_C_120040
FILE=DefaultBuild\vecttbl.obj
                                  00120040  00120043         4
  ___SPCCreg
                                  00120040         4   data ,g         * 

SECTION=$ADDR_C_120048
FILE=DefaultBuild\vecttbl.obj
                                  00120048  0012004b         4
  ___TMEFreg
                                  00120048         4   data ,g         * 

SECTION=$ADDR_C_120050
FILE=DefaultBuild\vecttbl.obj
                                  00120050  0012006f        20
  ___OSIS1reg
                                  00120050         4   data ,g         * 
  ___OSIS2reg
                                  00120054         4   data ,g         * 
  ___OSIS3reg
                                  00120058         4   data ,g         * 
  ___OSIS4reg
                                  0012005c         4   data ,g         * 
  ___TMINFreg
                                  00120060         4   data ,g         * 
  ___MDEreg
                                  00120064         4   data ,g         * 
  ___OFS0reg
                                  00120068         4   data ,g         * 
  ___OFS1reg
                                  0012006c         4   data ,g         * 

SECTION=C_1
FILE=DefaultBuild\config_tcpudp.obj
                                  ffc00100  ffc00127        28
  __t4_channel_num
                                  ffc00100         1   data ,g         * 
  ___multi_TTL
                                  ffc00101         2   data ,g         * 
  __udp_enable_zerochecksum
                                  ffc00103         2   data ,g         * 
  _peer_dial
                                  ffc00105         6   data ,g         * 
  _at_commands
                                  ffc0010b        1d   data ,g         * 
FILE=DefaultBuild\r_ether_rx.obj
                                  ffc00128  ffc001cb        a4
  _pause_resolution
                                  ffc00128        50   data ,l         * 
  _ether_ch_0
                                  ffc00178        22   data ,l         * 
  _ether_ch_1
                                  ffc0019a        22   data ,l         * 
  _g_eth_control_ch
                                  ffc001bc        10   data ,g         * 
FILE=DefaultBuild\globalVar.obj
                                  ffc001cc  ffc0020c        41
  _iu_avg
                                  ffc001cc         4   data ,g         * 
  _iu_pk
                                  ffc001d0         4   data ,g         * 
  _iu_rms
                                  ffc001d4         4   data ,g         * 
  _iu_temp
                                  ffc001d8         4   data ,g         * 
  _Topic_LW0_TEMP
                                  ffc001dc         8   data ,g         * 
  _Topic_LW0_VRMS
                                  ffc001e4         8   data ,g         * 
  _Topic_LW0_VAVG
                                  ffc001ec         8   data ,g         * 
  _Topic_LW0_PEAK
                                  ffc001f4         8   data ,g         * 
  _Topic_THU_TEST
                                  ffc001fc         8   data ,g         * 
  _TestMessage
                                  ffc00204         9   data ,g         * 
FILE=DefaultBuild\MQTT.obj
                                  ffc0020d  ffc0021f        13
  _Protocal_Name
                                  ffc0020d         6   data ,g         * 
  _Client_Name
                                  ffc00213         d   data ,g         * 
FILE=xprintf
                                  ffc00220  ffc00229         a
  _fchar$1
                                  ffc00220         a   data ,l         * 
FILE=ether
                                  ffc0022a  ffc0023a        11
  _ip_broadcast$1
                                  ffc0022a         4   data ,l         * 
  _ip_broadcast$4
                                  ffc0022e         4   data ,l         * 
  _eth_broadcast$3
                                  ffc00232         6   data ,l         * 
  _eth_multi_addr$2
                                  ffc00238         3   data ,l         * 
FILE=xputtxt
                                  ffc0023b  ffc002df        a5
  _spaces
                                  ffc0023b        21   data ,l         * 
  _zeroes
                                  ffc0025c        21   data ,l         * 
  _asterisk
                                  ffc0027d        21   data ,l         * 
  _plus
                                  ffc0029e        21   data ,l         * 
  _minus
                                  ffc002bf        21   data ,l         * 
FILE=xlitob
                                  ffc002e0  ffc00301        22
  _ldigs
                                  ffc002e0        11   data ,l         * 
  _udigs
                                  ffc002f1        11   data ,l         * 
FILE=localeco
                                  ffc00302  ffc00302         1
  _null
                                  ffc00302         1   data ,l         * 

SECTION=C_2
FILE=DefaultBuild\r_bsp_cpu.obj
                                  ffc00304  ffc00309         6
  _s_prcr_masks
                                  ffc00304         6   data ,l         * 
FILE=DefaultBuild\config_tcpudp.obj
                                  ffc0030a  ffc00321        18
  ___tcprepn
                                  ffc0030a         2   data ,g         * 
  ___tcpcepn
                                  ffc0030c         2   data ,g         * 
  __tcp_mss
                                  ffc0030e         4   data ,g         * 
  __tcp_2msl
                                  ffc00312         4   data ,g         * 
  __tcp_rt_tmo_rst
                                  ffc00316         4   data ,g         * 
  ___udpcepn
                                  ffc0031a         2   data ,g         * 
  __ip_tblcnt
                                  ffc0031c         4   data ,g         * 
  _ppp_auth
                                  ffc00320         2   data ,g         * 
FILE=DefaultBuild\r_sci_rx64m_data.obj
                                  ffc00322  ffc00357        36
  _async_baud
                                  ffc00322        36   data ,g         * 
FILE=r_dsp_FFTInit_cf32f32
                                  ffc00358  ffc00371        1a
  _b_seed
                                  ffc00358        1a   data ,l         * 
FILE=r_dsp_FFTInit_f32cf32
                                  ffc00372  ffc0038b        1a
  _b_seed
                                  ffc00372        1a   data ,l         * 
FILE=r_dsp_FFTInit_i16ci32
                                  ffc0038c  ffc003a5        1a
  _b_seed
                                  ffc0038c        1a   data ,l         * 
FILE=xctype
                                  ffc003a6  ffc005a7       202
  _ctyp_tab
                                  ffc003a6       202   data ,l         * 

SECTION=C
FILE=DefaultBuild\dbsct.obj
                                  ffc005a8  ffc005bf        18
  __CTBL
                                  ffc005a8        18   data ,g         * 
FILE=DefaultBuild\r_cmt_rx.obj
                                  ffc005c0  ffc005df        20
  _g_cmt_channels
                                  ffc005c0        10   data ,l         * 
  _g_cmt_clock_dividers
                                  ffc005d0        10   data ,l         * 
FILE=DefaultBuild\r_dns_client.obj
                                  ffc005e0  ffc006b7        d8
  _dns_proc_table
                                  ffc005e0        d8   data ,l         * 
FILE=DefaultBuild\r_sci_rx64m_data.obj
                                  ffc006b8  ffc00763        ac
  _ch1_rom
                                  ffc006b8        3c   data ,g         * 
  _ch2_rom
                                  ffc006f4        3c   data ,g         * 
  _g_handles
                                  ffc00730        34   data ,g         * 
FILE=DefaultBuild\dsp_RFFT.obj
                                  ffc00764  ffc00f63       800
  _rFFT_buf_time
                                  ffc00764       400   data ,g         * 
  _rfft_tbl_window
                                  ffc00b64       400   data ,g         * 
FILE=DefaultBuild\r_s12ad_rx64m.obj
                                  ffc00f64  ffc01093       130
  _dreg0_ptrs
                                  ffc00f64        6c   data ,g         * 
  _dreg1_ptrs
                                  ffc00fd0        6c   data ,g         * 
  _sreg0_ptrs
                                  ffc0103c        2c   data ,g         * 
  _sreg1_ptrs
                                  ffc01068        2c   data ,g         * 
FILE=_nfiles
                                  ffc01094  ffc01097         4
  __nfiles
                                  ffc01094         4   data ,g         * 
FILE=tcp
                                  ffc01098  ffc010af        18
  _functbl_tcp_api$2
                                  ffc01098        18   data ,l         * 
FILE=xfoprep
                                  ffc010b0  ffc010f7        48
  _init$1
                                  ffc010b0        48   data ,l         * 
FILE=xprintf
                                  ffc010f8  ffc0110f        18
  _fbit$2
                                  ffc010f8        18   data ,l         * 
FILE=xfopen
                                  ffc01110  ffc0111f        10
  _rwacc$1
                                  ffc01110        10   data ,l         * 
FILE=r_costable
[...]
  CHECK_FFT_LOOP
                                  ffc0f65c         0   none ,l         * 
  _fft1st2nd
                                  ffc0f675         0   none ,l         * 
  ..tl0005
                                  ffc0f680         0   none ,l         * 
  _fftN_N1
                                  ffc0f77e         0   none ,l         * 
  fftN_N1_LOOP
                                  ffc0f790         0   none ,l         * 
  ..tl0006
                                  ffc0f79a         0   none ,l         * 
  _fftNth
                                  ffc0f8a8         0   none ,l         * 
  fftNth_LOOP
                                  ffc0f8ae         0   none ,l         * 
  ..tl0007
                                  ffc0f8b6         0   none ,l         * 
  _fftLast2
                                  ffc0f8fa         0   none ,l         * 
  ..tl0008
                                  ffc0f90a         0   none ,l         * 
  _wasaNew
                                  ffc0f962         0   none ,l         * 
  ..tl0009
                                  ffc0f988         0   none ,l         * 
  _brev4
                                  ffc0fa0f         0   none ,l         * 
  ..tl000A
                                  ffc0fa1c         0   none ,l         * 
FILE=r_dsp_rfft_x2_i16ci32_rxv2
                                  ffc0fa40  ffc0ff2c       4ed
  _R_rfft_x2_i16ci32
                                  ffc0fa40         0   none ,g         * 
  ..tl0001
                                  ffc0fa53         0   none ,l         * 
  NoWindow
                                  ffc0fa89         0   none ,l         * 
  ..tl0002
                                  ffc0fa8b         0   none ,l         * 
  CALC_LOGN
                                  ffc0faaf         0   none ,l         * 
  CALC_FFT
                                  ffc0fb09         0   none ,l         * 
  ..tl0003
                                  ffc0fb34         0   none ,l         * 
  ..tl0004
                                  ffc0fb41         0   none ,l         * 
  CHECK_FFT_LOOP
                                  ffc0fb50         0   none ,l         * 
  _fft1st2nd
                                  ffc0fb69         0   none ,l         * 
  ..tl0005
                                  ffc0fb74         0   none ,l         * 
  _fftN_N1
                                  ffc0fc62         0   none ,l         * 
  fftN_N1_LOOP
                                  ffc0fc74         0   none ,l         * 
  ..tl0006
                                  ffc0fc7e         0   none ,l         * 
  _fftNth
                                  ffc0fd7b         0   none ,l         * 
  fftNth_LOOP
                                  ffc0fd81         0   none ,l         * 
  ..tl0007
                                  ffc0fd89         0   none ,l         * 
  _fftLast2
                                  ffc0fdcd         0   none ,l         * 
  ..tl0008
                                  ffc0fddd         0   none ,l         * 
  _wasaNew
                                  ffc0fe45         0   none ,l         * 
  ..tl0009
                                  ffc0fe70         0   none ,l         * 
  _brev4
                                  ffc0fefc         0   none ,l         * 
  ..tl000A
                                  ffc0ff09         0   none ,l         * 
FILE=r_dsp_rfft_x2_tw32_i16ci32_rxv2
                                  ffc0ff2d  ffc10408       4dc
  _R_rfft_x2_tw32_i16ci32
                                  ffc0ff2d         0   none ,g         * 
  ..tl0001
                                  ffc0ff40         0   none ,l         * 
  NoWindow
                                  ffc0ff76         0   none ,l         * 
  ..tl0002
                                  ffc0ff78         0   none ,l         * 
  CALC_LOGN
                                  ffc0ff9c         0   none ,l         * 
  CALC_FFT
                                  ffc0fff6         0   none ,l         * 
  ..tl0003
                                  ffc10021         0   none ,l         * 
  ..tl0004
                                  ffc1002e         0   none ,l         * 
  CHECK_FFT_LOOP
                                  ffc1003d         0   none ,l         * 
  _fft1st2nd
                                  ffc10056         0   none ,l         * 
  ..tl0005
                                  ffc10061         0   none ,l         * 
  _fftN_N1
                                  ffc1014b         0   none ,l         * 
  fftN_N1_LOOP
                                  ffc1015d         0   none ,l         * 
  ..tl0006
                                  ffc10167         0   none ,l         * 
  _fftNth
                                  ffc10261         0   none ,l         * 
  fftNth_LOOP
                                  ffc10267         0   none ,l         * 
  ..tl0007
                                  ffc1026f         0   none ,l         * 
  _fftLast2
                                  ffc102b3         0   none ,l         * 
  ..tl0008
                                  ffc102c3         0   none ,l         * 
  _wasaNew
                                  ffc1032b         0   none ,l         * 
  ..tl0009
                                  ffc10351         0   none ,l         * 
  _brev4
                                  ffc103d8         0   none ,l         * 
  ..tl000A
                                  ffc103e5         0   none ,l         * 
FILE=sincosfsub
                                  ffc10409  ffc104f0        e8
  ___poly_sinf
                                  ffc10409        31   func ,g         * 
  ___poly_cosf
                                  ffc1043a        28   func ,g         * 
  _poly_cosfn
                                  ffc10462         7   func ,l         * 
  _poly_sinfn
                                  ffc10469         5   func ,l         * 
  _sincosf_special
                                  ffc1046e        33   func ,l         * 
  ___internal_sincosf
                                  ffc104a1        50   func ,g         * 
FILE=xfwprep
                                  ffc104f1  ffc10588        98
  __Fwprep
                                  ffc104f1        98   func ,g         * 
FILE=xputfld
                                  ffc10589  ffc109ed       465
  __Putfld
                                  ffc10589       465   func ,g         * 
FILE=xfopen
                                  ffc109ee  ffc10a1d        30
  __Fopen
                                  ffc109ee        30   func ,g         * 
FILE=xvacopy
                                  ffc10a1e  ffc10a20         3
  __Vacopy
                                  ffc10a1e         3   func ,g         * 
FILE=xputtxt
                                  ffc10a21  ffc10c78       258
  __Puttxt
                                  ffc10a21       258   func ,g         * 
FILE=strchr
                                  ffc10c79  ffc10c8b        13
  _strchr
                                  ffc10c79        13   func ,g         * 
FILE=xctype
                                  ffc10c8c  ffc10ca1        16
  __Getpctype
                                  ffc10c8c        16   func ,g         * 
FILE=malloc
                                  ffc10ca2  ffc10d7f        de
  _findmem
                                  ffc10ca2        7b   func ,l         * 
  _malloc
                                  ffc10d1d        63   func ,g         * 
FILE=r_dsp_sqrt_int_rx
                                  ffc10d80  ffc10efc       17d
  _R_sqrt_int32
                                  ffc10d80         0   none ,g         * 
  _R_sqrtBody
                                  ffc10d84         0   none ,l         * 
  ..tl0001
                                  ffc10d95         0   none ,l         * 
  SQRT32LOOP
                                  ffc10d9d         0   none ,l         * 
  SQRT32EXIT
                                  ffc10db2         0   none ,l         * 
  ..tl0002
                                  ffc10db7         0   none ,l         * 
  _R_sqrt_rem_int32
                                  ffc10db8         0   none ,l         * 
  SQRTREM32EXIT
                                  ffc10e05         0   none ,l         * 
  ..tl0003
                                  ffc10e0a         0   none ,l         * 
  SQRTREM32NONOR
                                  ffc10e0f         0   none ,l         * 
  _R_sqrtBody64
                                  ffc10e17         0   none ,l         * 
  ..tl0004
                                  ffc10e39         0   none ,l         * 
  SQRT64QPRE
                                  ffc10e41         0   none ,l         * 
  SQRT64QLOOP
                                  ffc10e42         0   none ,l         * 
  ..tl0005
                                  ffc10e4a         0   none ,l         * 
  SQRTCMP1_NEXT
                                  ffc10e4f         0   none ,l         * 
  SQRT64LOOP
                                  ffc10e51         0   none ,l         * 
  SQRTCMP2_NEXT
                                  ffc10e58         0   none ,l         * 
  SQRTCMP3_NEXT
                                  ffc10e71         0   none ,l         * 
  SQRT64EXIT
                                  ffc10e7f         0   none ,l         * 
  ..tl0006
                                  ffc10e84         0   none ,l         * 
  _R_sqrt_int64
                                  ffc10e89         0   none ,g         * 
  ..tl0007
                                  ffc10ee8         0   none ,l         * 
  SQRT64SQRT32
                                  ffc10eed         0   none ,l         * 
  SQRT64BODY64
                                  ffc10ef5         0   none ,l         * 
FILE=fmodf
                                  ffc10efd  ffc10f2f        33
  _fmodl
                                  ffc10efd         2   func ,g         * 
  _fmod
                                  ffc10eff         2   func ,g         * 
  _fmodf
                                  ffc10f01        2f   func ,g         * 
FILE=nanfval
                                  ffc10f30  ffc10f36         7
  ___nanf_value
                                  ffc10f30         7   func ,g         * 
FILE=xldtob
                                  ffc10f37  ffc11317       3e1
  __Ldtob
                                  ffc10f37       3e1   func ,g         * 
FILE=xputstr
                                  ffc11318  ffc113f5        de
  __Putstr
                                  ffc11318        de   func ,g         * 
FILE=xlitob
                                  ffc113f6  ffc11502       10d
  __Litob
                                  ffc113f6       10d   func ,g         * 
FILE=xgetmem
                                  ffc11503  ffc1151d        1b
  __Getmem
                                  ffc11503        1b   func ,g         * 
FILE=_i_fmds
                                  ffc1151e  ffc115f4        d7
  __in_fmods
                                  ffc1151e        d7   func ,g         * 
FILE=xgenld
                                  ffc115f5  ffc118a5       2b1
  __Genld
                                  ffc115f5       2b1   func ,g         * 
FILE=xwctomb
                                  ffc118a6  ffc119ed       148
  __Wctombx
                                  ffc118a6       102   func ,g         * 
  __Wctomb
                                  ffc119a8        46   func ,g         * 
FILE=xstate
                                  ffc119ee  ffc11a1f        32
  __Getmbcurmax
                                  ffc119ee        16   func ,g         * 
  __Getpmbstate
                                  ffc11a04        1c   func ,g         * 
FILE=xldscale
                                  ffc11a20  ffc11a23         4
  __LDscale
                                  ffc11a20         4   func ,g         * 
FILE=xldunsca
                                  ffc11a24  ffc11a27         4
  __LDunscale
                                  ffc11a24         4   func ,g         * 
FILE=__COM_MOD64u
                                  ffc11a28  ffc11aae        87
  __COM_MOD64u
                                  ffc11a28         0   none ,g         * 
  _Loop_Init
                                  ffc11a32         0   none ,l         * 
  _Loop
                                  ffc11a36         0   none ,l         * 
  _DivStart
                                  ffc11a42         0   none ,l         * 
  _Success
                                  ffc11a50         0   none ,l         * 
  _DivEnd
                                  ffc11a58         0   none ,l         * 
  IXI6DIV
                                  ffc11a59         0   none ,l         * 
  IXI4DIV
                                  ffc11a6b         0   none ,l         * 
  IXI2DIV
                                  ffc11a7b         0   none ,l         * 
  I8I2DIV
                                  ffc11a83         0   none ,l         * 
  I4I2DIV
                                  ffc11aa3         0   none ,l         * 
FILE=_div
                                  ffc11aaf  ffc11aba         c
  _ldiv
                                  ffc11aaf         0   none ,g         * 
  _div
                                  ffc11aaf         0   none ,g         * 
FILE=localeco
                                  ffc11abb  ffc11ac1         7
  _localeconv
                                  ffc11abb         7   func ,g         * 
FILE=xwcstate
                                  ffc11ac2  ffc11add        1c
  __Getpwcstate
                                  ffc11ac2        1c   func ,g         * 
FILE=xfdscale
                                  ffc11ade  ffc11bf6       119
  __FDscale
                                  ffc11ade       119   func ,g         * 
FILE=xfdunsca
                                  ffc11bf7  ffc11c52        5c
  __FDunscale
                                  ffc11bf7        5c   func ,g         * 
FILE=xfdnorm
                                  ffc11c53  ffc11cbb        69
  __FDnorm
                                  ffc11c53        69   func ,g         * 

SECTION=W_1
FILE=DefaultBuild\r_bsp_cpu.obj
                                  ffc11cbc  ffc11ccb        10
FILE=DefaultBuild\r_bsp_software_interrupt.obj
                                  ffc11ccc  ffc11cd8         d

SECTION=W_2
FILE=DefaultBuild\r_s12ad_rx64m.obj
                                  ffc11cda  ffc11cf9        20

SECTION=L
FILE=DefaultBuild\dbsct.obj
                                  ffc11cfc  ffc11cff         4
  _deadSpace
                                  ffc11cfc         4   data ,g         * 
FILE=DefaultBuild\lowsrc.obj
                                  ffc11d00  ffc11d41        42
FILE=DefaultBuild\r_ether_rx.obj
                                  ffc11d44  ffc11dfe        bb
FILE=DefaultBuild\r_dhcp_client.obj
                                  ffc11e00  ffc11e70        71
FILE=DefaultBuild\r_dns_client.obj
                                  ffc11e74  ffc11e75         2
FILE=DefaultBuild\Sensor.obj
                                  ffc11e78  ffc11fbb       144
FILE=DefaultBuild\dsp_RFFT.obj
                                  ffc11fbc  ffc11fdb        20
FILE=DefaultBuild\EthernetProcess.obj
                                  ffc11fdc  ffc1227b       2a0
FILE=DefaultBuild\LeadWell_Vibr.obj
                                  ffc1227c  ffc1280a       58f
FILE=DefaultBuild\MQTT.obj
                                  ffc1280c  ffc1281c        11
FILE=DefaultBuild\r_irq_rx_user.obj
                                  ffc12820  ffc12837        18
FILE=xprintf
                                  ffc12838  ffc1283e         7
FILE=ether
                                  ffc12840  ffc1284b         c
FILE=xldtob
                                  ffc1284c  ffc1286d        22
FILE=xgenld
                                  ffc12870  ffc12871         2
FILE=localeco
                                  ffc12874  ffc12880         d

SECTION=D_MQTT_SEC_1
FILE=DefaultBuild\MQTT.obj
                                  fff8ff9c  fff8ff9f         4

SECTION=EXCEPTVECT
FILE=DefaultBuild\vecttbl.obj
                                  ffffff80  fffffffb        7c
  _Except_Vectors
                                  ffffff80        7c   data ,g         * 

SECTION=RESETVECT
FILE=DefaultBuild\vecttbl.obj
                                  fffffffc  ffffffff         4
  _Reset_Vector
                                  fffffffc         4   data ,g         * 

Absolute value symbols
FILE=r_rfft_f32cf32_rxv2
  STACKSIZE
                                  0000002c         0   none ,l         * 
  _DATA_BYTE
                                  00000008         0   none ,l         * 
  _TWDL_BYTE
                                  00000008         0   none ,l         * 
  R_DSP_FFT_OPT_NO_BITREV
                                  00000007         0   none ,l         * 
  _DATA_ORDER
                                  00000003         0   none ,l         * 
FILE=r_dsp_rfft_i16ci32_rxv2
  STACKSIZE
                                  0000002c         0   none ,l         * 
  _DATA_BYTE
                                  00000008         0   none ,l         * 
  _TWDL_BYTE
                                  00000004         0   none ,l         * 
  R_DSP_FFT_OPT_NO_BITREV
                                  00000007         0   none ,l         * 
  _DATA_ORDER
                                  00000003         0   none ,l         * 
FILE=r_dsp_rfft_sc_i16ci32_rxv2
  STACKSIZE
                                  0000002c         0   none ,l         * 
  _DATA_BYTE
                                  00000008         0   none ,l         * 
  _TWDL_BYTE
                                  00000004         0   none ,l         * 
  R_DSP_FFT_OPT_NO_BITREV
                                  00000007         0   none ,l         * 
  _DATA_ORDER
                                  00000003         0   none ,l         * 
FILE=r_dsp_rfft_sc_tw32_i16ci32_rxv2
  STACKSIZE
                                  0000002c         0   none ,l         * 
  _DATA_BYTE
                                  00000008         0   none ,l         * 
  _TWDL_BYTE
                                  00000008         0   none ,l         * 
  R_DSP_FFT_OPT_NO_BITREV
                                  00000007         0   none ,l         * 
  _DATA_ORDER
                                  00000003         0   none ,l         * 
FILE=r_dsp_rfft_tw32_i16ci32_rxv2
  STACKSIZE
                                  0000002c         0   none ,l         * 
  _DATA_BYTE
                                  00000008         0   none ,l         * 
  _TWDL_BYTE
                                  00000008         0   none ,l         * 
  R_DSP_FFT_OPT_NO_BITREV
                                  00000007         0   none ,l         * 
  _DATA_ORDER
                                  00000003         0   none ,l         * 
FILE=r_dsp_rfft_x2_i16ci32_rxv2
  STACKSIZE
                                  0000002c         0   none ,l         * 
  _DATA_BYTE
                                  00000008         0   none ,l         * 
  _TWDL_BYTE
                                  00000004         0   none ,l         * 
  R_DSP_FFT_OPT_NO_BITREV
                                  00000007         0   none ,l         * 
  _DATA_ORDER
                                  00000003         0   none ,l         * 
FILE=r_dsp_rfft_x2_tw32_i16ci32_rxv2
  STACKSIZE
                                  0000002c         0   none ,l         * 
  _DATA_BYTE
                                  00000008         0   none ,l         * 
  _TWDL_BYTE
                                  00000008         0   none ,l         * 
  R_DSP_FFT_OPT_NO_BITREV
                                  00000007         0   none ,l         * 
  _DATA_ORDER
                                  00000003         0   none ,l         * 

*** Unfilled Areas ***

AREA                                START    END

*** Delete Symbols ***

SYMBOL                                SIZE    INFO
