Renesas Optimizing Linker (W3.01.00 )             12-May-2021 18:09:34

*** Options ***

-subcommand=DefaultBuild\LeadWell_Vibr.clnk
-library=DefaultBuild\LeadWell_Vibr.lib
-input=DefaultBuild\r_cg_hardware_setup.obj
-input=DefaultBuild\r_smc_cgc.obj
-input=DefaultBuild\r_smc_cgc_user.obj
-input=DefaultBuild\r_smc_interrupt.obj
-input=DefaultBuild\hwsetup.obj
-input=DefaultBuild\dbsct.obj
-input=DefaultBuild\lowlvl.obj
-input=DefaultBuild\lowsrc.obj
-input=DefaultBuild\mcu_locks.obj
-input=DefaultBuild\resetprg.obj
-input=DefaultBuild\r_bsp_common.obj
-input=DefaultBuild\r_bsp_cpu.obj
-input=DefaultBuild\r_bsp_interrupts.obj
-input=DefaultBuild\r_bsp_locking.obj
-input=DefaultBuild\r_bsp_mcu_startup.obj
-input=DefaultBuild\r_bsp_software_interrupt.obj
-input=DefaultBuild\r_rx_intrinsic_functions.obj
-input=DefaultBuild\sbrk.obj
-input=DefaultBuild\mcu_clocks.obj
-input=DefaultBuild\mcu_init.obj
-input=DefaultBuild\mcu_interrupts.obj
-input=DefaultBuild\mcu_mapped_interrupts.obj
-input=DefaultBuild\vecttbl.obj
-input=DefaultBuild\Pin.obj
-input=DefaultBuild\ether_callback.obj
-input=DefaultBuild\t4_driver.obj
-input=DefaultBuild\timer.obj
-input=DefaultBuild\config_tcpudp.obj
-input=DefaultBuild\r_cmt_rx.obj
-input=DefaultBuild\r_ether_rx.obj
-input=DefaultBuild\phy.obj
-input=DefaultBuild\r_ether_setting_rx.obj
-input=DefaultBuild\r_dhcp_client.obj
-input=DefaultBuild\r_dns_client.obj
-input=DefaultBuild\r_byteq.obj
-input=DefaultBuild\r_sci_rx.obj
-input=DefaultBuild\r_sci_rx64m.obj
-input=DefaultBuild\r_sci_rx64m_data.obj
-input=DefaultBuild\Sensor.obj
-input=DefaultBuild\dsp_avg.obj
-input=DefaultBuild\dsp_peak.obj
-input=DefaultBuild\dsp_process.obj
-input=DefaultBuild\dsp_RFFT.obj
-input=DefaultBuild\EthernetProcess.obj
-input=DefaultBuild\globalVar.obj
-input=DefaultBuild\LeadWell_Vibr.obj
-input=DefaultBuild\r_s12ad_rx.obj
-input=DefaultBuild\r_s12ad_rx63x.obj
-input=DefaultBuild\r_s12ad_rx64m.obj
-input=DefaultBuild\r_s12ad_rx65x.obj
-input=DefaultBuild\LEDprocess.obj
-library=src\r_t4_rx\lib\T4_Library_rxv1_ether_big.lib
-library=src\r_t4_rx\lib\T4_Library_rxv1_ether_little.lib
-library=src\r_t4_rx\lib\T4_Library_rxv2_ether_big.lib
-library=src\r_t4_rx\lib\T4_Library_rxv2_ether_little.lib
-library=src\dsplib-rxv2\RX_DSP_FPU_LE_Check.lib
-library=src\r_t4_rx\lib\T4_Library_rxv1_ether_little.lib
-library=src\r_t4_rx\lib\T4_Library_rxv2_ether_little.lib
-library=src\dsplib-rxv2\RX_DSP_FPU_LE_Check.lib
-noprelink
-output=DefaultBuild\LeadWell_Vibr.abs
-vect=_undefined_interrupt_source_isr
-list=DefaultBuild\LeadWell_Vibr.map
-show=symbol,total_size
-nooptimize
-start=SI,SU,B_1,R_1,B_2,R_2,B,R/00000020,B_ETHERNET_BUFFERS_1,B_RX_DESC_1,B_TX_DESC_1/00030000,PResetPRG/0FFC00000,C_1,C_2,C,C$DSEC,C$BSEC,C$INIT,C$VTBL,C$VECT,D_1,D_2,D,P,PIntPRG,W_1,W_2,W,L/0FFC00100,EXCEPTVECT/0FFFFFF80,RESETVECT/0FFFFFFFC
-rom=D=R,D_1=R_1,D_2=R_2
-stack
-nologo
-end

*** Error information ***

W0561010:Duplicate file specified in option "library" : "src\r_t4_rx\lib\T4_Library_rxv1_ether_little.lib"
W0561010:Duplicate file specified in option "library" : "src\r_t4_rx\lib\T4_Library_rxv2_ether_little.lib"
W0561010:Duplicate file specified in option "library" : "src\dsplib-rxv2\RX_DSP_FPU_LE_Check.lib"
W0561320:Duplicate symbol "__ether_proc_rcv" in "src\r_t4_rx\lib\T4_Library_rxv1_ether_big.lib(ether)"
W0561320:Duplicate symbol "__ether_proc_rcv" in "src\r_t4_rx\lib\T4_Library_rxv1_ether_little.lib(ether)"
W0561320:Duplicate symbol "__ether_rcv_arp" in "src\r_t4_rx\lib\T4_Library_rxv1_ether_big.lib(ether)"
W0561320:Duplicate symbol "__ether_rcv_arp" in "src\r_t4_rx\lib\T4_Library_rxv1_ether_little.lib(ether)"
W0561320:Duplicate symbol "__ether_arp_resolve" in "src\r_t4_rx\lib\T4_Library_rxv1_ether_big.lib(ether)"
W0561320:Duplicate symbol "__ether_arp_resolve" in "src\r_t4_rx\lib\T4_Library_rxv1_ether_little.lib(ether)"
W0561320:Duplicate symbol "__ether_snd_arp" in "src\r_t4_rx\lib\T4_Library_rxv1_ether_big.lib(ether)"
W0561320:Duplicate symbol "__ether_snd_arp" in "src\r_t4_rx\lib\T4_Library_rxv1_ether_little.lib(ether)"
W0561320:Duplicate symbol "__ether_snd_ip" in "src\r_t4_rx\lib\T4_Library_rxv1_ether_big.lib(ether)"
W0561320:Duplicate symbol "__ether_snd_ip" in "src\r_t4_rx\lib\T4_Library_rxv1_ether_little.lib(ether)"
W0561320:Duplicate symbol "__ether_snd" in "src\r_t4_rx\lib\T4_Library_rxv1_ether_big.lib(ether)"
W0561320:Duplicate symbol "__ether_snd" in "src\r_t4_rx\lib\T4_Library_rxv1_ether_little.lib(ether)"
W0561320:Duplicate symbol "__ether_arp_add" in "src\r_t4_rx\lib\T4_Library_rxv1_ether_big.lib(ether)"
W0561320:Duplicate symbol "__ether_arp_add" in "src\r_t4_rx\lib\T4_Library_rxv1_ether_little.lib(ether)"
W0561320:Duplicate symbol "__ether_arp_del" in "src\r_t4_rx\lib\T4_Library_rxv1_ether_big.lib(ether)"
W0561320:Duplicate symbol "__ether_arp_del" in "src\r_t4_rx\lib\T4_Library_rxv1_ether_little.lib(ether)"
W0561320:Duplicate symbol "__ether_arp_init" in "src\r_t4_rx\lib\T4_Library_rxv1_ether_big.lib(ether)"
W0561320:Duplicate symbol "__ether_arp_init" in "src\r_t4_rx\lib\T4_Library_rxv1_ether_little.lib(ether)"
W0561320:Duplicate symbol "__ether_p_rcv_buff" in "src\r_t4_rx\lib\T4_Library_rxv1_ether_big.lib(ether)"
W0561320:Duplicate symbol "__ether_p_rcv_buff" in "src\r_t4_rx\lib\T4_Library_rxv1_ether_little.lib(ether)"
W0561320:Duplicate symbol "__ip_rcv_hdr" in "src\r_t4_rx\lib\T4_Library_rxv1_ether_big.lib(ip)"
W0561320:Duplicate symbol "__ip_rcv_hdr" in "src\r_t4_rx\lib\T4_Library_rxv1_ether_little.lib(ip)"
W0561320:Duplicate symbol "__ip_snd" in "src\r_t4_rx\lib\T4_Library_rxv1_ether_big.lib(ip)"
W0561320:Duplicate symbol "__ip_snd" in "src\r_t4_rx\lib\T4_Library_rxv1_ether_little.lib(ip)"
W0561320:Duplicate symbol "__ip_snd_icmp" in "src\r_t4_rx\lib\T4_Library_rxv1_ether_big.lib(ip)"
W0561320:Duplicate symbol "__ip_snd_icmp" in "src\r_t4_rx\lib\T4_Library_rxv1_ether_little.lib(ip)"
W0561320:Duplicate symbol "__ip_check_ipadd_proto" in "src\r_t4_rx\lib\T4_Library_rxv1_ether_big.lib(ip)"
W0561320:Duplicate symbol "__ip_check_ipadd_proto" in "src\r_t4_rx\lib\T4_Library_rxv1_ether_little.lib(ip)"
W0561320:Duplicate symbol "__ip_check_multicast" in "src\r_t4_rx\lib\T4_Library_rxv1_ether_big.lib(ip)"
W0561320:Duplicate symbol "__ip_check_multicast" in "src\r_t4_rx\lib\T4_Library_rxv1_ether_little.lib(ip)"
W0561320:Duplicate symbol "__ip_check_broadcast" in "src\r_t4_rx\lib\T4_Library_rxv1_ether_big.lib(ip)"
W0561320:Duplicate symbol "__ip_check_broadcast" in "src\r_t4_rx\lib\T4_Library_rxv1_ether_little.lib(ip)"
W0561320:Duplicate symbol "_data_link_buf_ptr" in "src\r_t4_rx\lib\T4_Library_rxv1_ether_big.lib(ip)"
W0561320:Duplicate symbol "_data_link_buf_ptr" in "src\r_t4_rx\lib\T4_Library_rxv1_ether_little.lib(ip)"
W0561320:Duplicate symbol "__ch_info_tbl" in "src\r_t4_rx\lib\T4_Library_rxv1_ether_big.lib(ip)"
W0561320:Duplicate symbol "__ch_info_tbl" in "src\r_t4_rx\lib\T4_Library_rxv1_ether_little.lib(ip)"
W0561320:Duplicate symbol "__ch_info_head" in "src\r_t4_rx\lib\T4_Library_rxv1_ether_big.lib(ip)"
W0561320:Duplicate symbol "__ch_info_head" in "src\r_t4_rx\lib\T4_Library_rxv1_ether_little.lib(ip)"
W0561320:Duplicate symbol "_R_t4_version" in "src\r_t4_rx\lib\T4_Library_rxv1_ether_big.lib(T4_Version)"
W0561320:Duplicate symbol "_R_t4_version" in "src\r_t4_rx\lib\T4_Library_rxv1_ether_little.lib(T4_Version)"
W0561320:Duplicate symbol "_net2hl_yn_xn" in "src\r_t4_rx\lib\T4_Library_rxv1_ether_big.lib(tcp)"
W0561320:Duplicate symbol "_net2hl_yn_xn" in "src\r_t4_rx\lib\T4_Library_rxv1_ether_little.lib(tcp)"
W0561320:Duplicate symbol "__tcp_init_tcb" in "src\r_t4_rx\lib\T4_Library_rxv1_ether_big.lib(tcp)"
W0561320:Duplicate symbol "__tcp_init_tcb" in "src\r_t4_rx\lib\T4_Library_rxv1_ether_little.lib(tcp)"
W0561320:Duplicate symbol "__process_tcpip" in "src\r_t4_rx\lib\T4_Library_rxv1_ether_big.lib(tcp)"
W0561320:Duplicate symbol "__process_tcpip" in "src\r_t4_rx\lib\T4_Library_rxv1_ether_little.lib(tcp)"
W0561320:Duplicate symbol "__proc_api" in "src\r_t4_rx\lib\T4_Library_rxv1_ether_big.lib(tcp)"
W0561320:Duplicate symbol "__proc_api" in "src\r_t4_rx\lib\T4_Library_rxv1_ether_little.lib(tcp)"
W0561320:Duplicate symbol "__tcp_api_acpt" in "src\r_t4_rx\lib\T4_Library_rxv1_ether_big.lib(tcp)"
W0561320:Duplicate symbol "__tcp_api_acpt" in "src\r_t4_rx\lib\T4_Library_rxv1_ether_little.lib(tcp)"
W0561320:Duplicate symbol "__tcp_api_con" in "src\r_t4_rx\lib\T4_Library_rxv1_ether_big.lib(tcp)"
W0561320:Duplicate symbol "__tcp_api_con" in "src\r_t4_rx\lib\T4_Library_rxv1_ether_little.lib(tcp)"
W0561320:Duplicate symbol "__tcp_api_sht_cls" in "src\r_t4_rx\lib\T4_Library_rxv1_ether_big.lib(tcp)"
W0561320:Duplicate symbol "__tcp_api_sht_cls" in "src\r_t4_rx\lib\T4_Library_rxv1_ether_little.lib(tcp)"
W0561320:Duplicate symbol "__tcp_api_snddt" in "src\r_t4_rx\lib\T4_Library_rxv1_ether_big.lib(tcp)"
W0561320:Duplicate symbol "__tcp_api_snddt" in "src\r_t4_rx\lib\T4_Library_rxv1_ether_little.lib(tcp)"
W0561320:Duplicate symbol "__tcp_api_rcvdt" in "src\r_t4_rx\lib\T4_Library_rxv1_ether_big.lib(tcp)"
W0561320:Duplicate symbol "__tcp_api_rcvdt" in "src\r_t4_rx\lib\T4_Library_rxv1_ether_little.lib(tcp)"
W0561320:Duplicate symbol "__tcp_cpy_rwdat" in "src\r_t4_rx\lib\T4_Library_rxv1_ether_big.lib(tcp)"
W0561320:Duplicate symbol "__tcp_cpy_rwdat" in "src\r_t4_rx\lib\T4_Library_rxv1_ether_little.lib(tcp)"
W0561320:Duplicate symbol "__proc_rcv" in "src\r_t4_rx\lib\T4_Library_rxv1_ether_big.lib(tcp)"
W0561320:Duplicate symbol "__proc_rcv" in "src\r_t4_rx\lib\T4_Library_rxv1_ether_little.lib(tcp)"
W0561320:Duplicate symbol "__tcp_stat" in "src\r_t4_rx\lib\T4_Library_rxv1_ether_big.lib(tcp)"
W0561320:Duplicate symbol "__tcp_stat" in "src\r_t4_rx\lib\T4_Library_rxv1_ether_little.lib(tcp)"
W0561320:Duplicate symbol "__tcp_rcv_rst" in "src\r_t4_rx\lib\T4_Library_rxv1_ether_big.lib(tcp)"
W0561320:Duplicate symbol "__tcp_rcv_rst" in "src\r_t4_rx\lib\T4_Library_rxv1_ether_little.lib(tcp)"
W0561320:Duplicate symbol "__tcp_rcv_syn" in "src\r_t4_rx\lib\T4_Library_rxv1_ether_big.lib(tcp)"
W0561320:Duplicate symbol "__tcp_rcv_syn" in "src\r_t4_rx\lib\T4_Library_rxv1_ether_little.lib(tcp)"
W0561320:Duplicate symbol "__tcp_rcv_ack" in "src\r_t4_rx\lib\T4_Library_rxv1_ether_big.lib(tcp)"
W0561320:Duplicate symbol "__tcp_rcv_ack" in "src\r_t4_rx\lib\T4_Library_rxv1_ether_little.lib(tcp)"
W0561320:Duplicate symbol "__tcp_rcv_opt" in "src\r_t4_rx\lib\T4_Library_rxv1_ether_big.lib(tcp)"
W0561320:Duplicate symbol "__tcp_rcv_opt" in "src\r_t4_rx\lib\T4_Library_rxv1_ether_little.lib(tcp)"
W0561320:Duplicate symbol "__tcp_proc_data" in "src\r_t4_rx\lib\T4_Library_rxv1_ether_big.lib(tcp)"
W0561320:Duplicate symbol "__tcp_proc_data" in "src\r_t4_rx\lib\T4_Library_rxv1_ether_little.lib(tcp)"
W0561320:Duplicate symbol "__tcp_rcv_fin" in "src\r_t4_rx\lib\T4_Library_rxv1_ether_big.lib(tcp)"
W0561320:Duplicate symbol "__tcp_rcv_fin" in "src\r_t4_rx\lib\T4_Library_rxv1_ether_little.lib(tcp)"
W0561320:Duplicate symbol "__tcp_swin_updt" in "src\r_t4_rx\lib\T4_Library_rxv1_ether_big.lib(tcp)"
W0561320:Duplicate symbol "__tcp_swin_updt" in "src\r_t4_rx\lib\T4_Library_rxv1_ether_little.lib(tcp)"
W0561320:Duplicate symbol "__proc_snd" in "src\r_t4_rx\lib\T4_Library_rxv1_ether_big.lib(tcp)"
W0561320:Duplicate symbol "__proc_snd" in "src\r_t4_rx\lib\T4_Library_rxv1_ether_little.lib(tcp)"
W0561320:Duplicate symbol "__tcp_snd" in "src\r_t4_rx\lib\T4_Library_rxv1_ether_big.lib(tcp)"
W0561320:Duplicate symbol "__tcp_snd" in "src\r_t4_rx\lib\T4_Library_rxv1_ether_little.lib(tcp)"
W0561320:Duplicate symbol "__tcp_cancel_api" in "src\r_t4_rx\lib\T4_Library_rxv1_ether_big.lib(tcp)"
W0561320:Duplicate symbol "__tcp_cancel_api" in "src\r_t4_rx\lib\T4_Library_rxv1_ether_little.lib(tcp)"
W0561320:Duplicate symbol "__tcp_clr_rtq" in "src\r_t4_rx\lib\T4_Library_rxv1_ether_big.lib(tcp)"
W0561320:Duplicate symbol "__tcp_clr_rtq" in "src\r_t4_rx\lib\T4_Library_rxv1_ether_little.lib(tcp)"
W0561320:Duplicate symbol "__tcp_return_listen" in "src\r_t4_rx\lib\T4_Library_rxv1_ether_big.lib(tcp)"
W0561320:Duplicate symbol "__tcp_return_listen" in "src\r_t4_rx\lib\T4_Library_rxv1_ether_little.lib(tcp)"
W0561320:Duplicate symbol "__tcp_api_wup" in "src\r_t4_rx\lib\T4_Library_rxv1_ether_big.lib(tcp)"
W0561320:Duplicate symbol "__tcp_api_wup" in "src\r_t4_rx\lib\T4_Library_rxv1_ether_little.lib(tcp)"
W0561320:Duplicate symbol "__tcp_check_cepid_arg" in "src\r_t4_rx\lib\T4_Library_rxv1_ether_big.lib(tcp)"
W0561320:Duplicate symbol "__tcp_check_cepid_arg" in "src\r_t4_rx\lib\T4_Library_rxv1_ether_little.lib(tcp)"
W0561320:Duplicate symbol "__tcp_check_len_arg" in "src\r_t4_rx\lib\T4_Library_rxv1_ether_big.lib(tcp)"
W0561320:Duplicate symbol "__tcp_check_len_arg" in "src\r_t4_rx\lib\T4_Library_rxv1_ether_little.lib(tcp)"
W0561320:Duplicate symbol "__tcp_check_tmout_arg" in "src\r_t4_rx\lib\T4_Library_rxv1_ether_big.lib(tcp)"
W0561320:Duplicate symbol "__tcp_check_tmout_arg" in "src\r_t4_rx\lib\T4_Library_rxv1_ether_little.lib(tcp)"
W0561320:Duplicate symbol "__tcp_is_tcb_queue_over" in "src\r_t4_rx\lib\T4_Library_rxv1_ether_big.lib(tcp)"
W0561320:Duplicate symbol "__tcp_is_tcb_queue_over" in "src\r_t4_rx\lib\T4_Library_rxv1_ether_little.lib(tcp)"
W0561320:Duplicate symbol "__tcp_call_callback" in "src\r_t4_rx\lib\T4_Library_rxv1_ether_big.lib(tcp)"
W0561320:Duplicate symbol "__tcp_call_callback" in "src\r_t4_rx\lib\T4_Library_rxv1_ether_little.lib(tcp)"
W0561320:Duplicate symbol "__tcp_api_type_to_fn" in "src\r_t4_rx\lib\T4_Library_rxv1_ether_big.lib(tcp)"
W0561320:Duplicate symbol "__tcp_api_type_to_fn" in "src\r_t4_rx\lib\T4_Library_rxv1_ether_little.lib(tcp)"
W0561320:Duplicate symbol "__tcp_recv_polling" in "src\r_t4_rx\lib\T4_Library_rxv1_ether_big.lib(tcp)"
W0561320:Duplicate symbol "__tcp_recv_polling" in "src\r_t4_rx\lib\T4_Library_rxv1_ether_little.lib(tcp)"
W0561320:Duplicate symbol "__tcp_init_callback_info" in "src\r_t4_rx\lib\T4_Library_rxv1_ether_big.lib(tcp)"
W0561320:Duplicate symbol "__tcp_init_callback_info" in "src\r_t4_rx\lib\T4_Library_rxv1_ether_little.lib(tcp)"
W0561320:Duplicate symbol "__tcp_tcb" in "src\r_t4_rx\lib\T4_Library_rxv1_ether_big.lib(tcp)"
W0561320:Duplicate symbol "__tcp_tcb" in "src\r_t4_rx\lib\T4_Library_rxv1_ether_little.lib(tcp)"
W0561320:Duplicate symbol "_head_tcb" in "src\r_t4_rx\lib\T4_Library_rxv1_ether_big.lib(tcp)"
W0561320:Duplicate symbol "_head_tcb" in "src\r_t4_rx\lib\T4_Library_rxv1_ether_little.lib(tcp)"
W0561320:Duplicate symbol "__tx_hdr" in "src\r_t4_rx\lib\T4_Library_rxv1_ether_big.lib(tcp)"
W0561320:Duplicate symbol "__tx_hdr" in "src\r_t4_rx\lib\T4_Library_rxv1_ether_little.lib(tcp)"
W0561320:Duplicate symbol "__tcp_timer_cnt" in "src\r_t4_rx\lib\T4_Library_rxv1_ether_big.lib(tcp)"
W0561320:Duplicate symbol "__tcp_timer_cnt" in "src\r_t4_rx\lib\T4_Library_rxv1_ether_little.lib(tcp)"
W0561320:Duplicate symbol "__tcp_pre_timer_cnt" in "src\r_t4_rx\lib\T4_Library_rxv1_ether_big.lib(tcp)"
W0561320:Duplicate symbol "__tcp_pre_timer_cnt" in "src\r_t4_rx\lib\T4_Library_rxv1_ether_little.lib(tcp)"
W0561320:Duplicate symbol "_tcpudp_open" in "src\r_t4_rx\lib\T4_Library_rxv1_ether_big.lib(tcp_api)"
W0561320:Duplicate symbol "_tcpudp_open" in "src\r_t4_rx\lib\T4_Library_rxv1_ether_little.lib(tcp_api)"
W0561320:Duplicate symbol "_tcpudp_close" in "src\r_t4_rx\lib\T4_Library_rxv1_ether_big.lib(tcp_api)"
W0561320:Duplicate symbol "_tcpudp_close" in "src\r_t4_rx\lib\T4_Library_rxv1_ether_little.lib(tcp_api)"
W0561320:Duplicate symbol "__getRAMsize_sub" in "src\r_t4_rx\lib\T4_Library_rxv1_ether_big.lib(tcp_api)"
W0561320:Duplicate symbol "__getRAMsize_sub" in "src\r_t4_rx\lib\T4_Library_rxv1_ether_little.lib(tcp_api)"
W0561320:Duplicate symbol "__getTcpRAMsize" in "src\r_t4_rx\lib\T4_Library_rxv1_ether_big.lib(tcp_api)"
W0561320:Duplicate symbol "__getTcpRAMsize" in "src\r_t4_rx\lib\T4_Library_rxv1_ether_little.lib(tcp_api)"
W0561320:Duplicate symbol "__getUdpRAMsize" in "src\r_t4_rx\lib\T4_Library_rxv1_ether_big.lib(tcp_api)"
W0561320:Duplicate symbol "__getUdpRAMsize" in "src\r_t4_rx\lib\T4_Library_rxv1_ether_little.lib(tcp_api)"
W0561320:Duplicate symbol "__getIpRAMsize" in "src\r_t4_rx\lib\T4_Library_rxv1_ether_big.lib(tcp_api)"
W0561320:Duplicate symbol "__getIpRAMsize" in "src\r_t4_rx\lib\T4_Library_rxv1_ether_little.lib(tcp_api)"
W0561320:Duplicate symbol "__getTblRAMsize" in "src\r_t4_rx\lib\T4_Library_rxv1_ether_big.lib(tcp_api)"
W0561320:Duplicate symbol "__getTblRAMsize" in "src\r_t4_rx\lib\T4_Library_rxv1_ether_little.lib(tcp_api)"
W0561320:Duplicate symbol "_tcpudp_get_ramsize" in "src\r_t4_rx\lib\T4_Library_rxv1_ether_big.lib(tcp_api)"
W0561320:Duplicate symbol "_tcpudp_get_ramsize" in "src\r_t4_rx\lib\T4_Library_rxv1_ether_little.lib(tcp_api)"
W0561320:Duplicate symbol "_tcp_acp_cep" in "src\r_t4_rx\lib\T4_Library_rxv1_ether_big.lib(tcp_api)"
W0561320:Duplicate symbol "_tcp_acp_cep" in "src\r_t4_rx\lib\T4_Library_rxv1_ether_little.lib(tcp_api)"
W0561320:Duplicate symbol "_tcp_con_cep" in "src\r_t4_rx\lib\T4_Library_rxv1_ether_big.lib(tcp_api)"
W0561320:Duplicate symbol "_tcp_con_cep" in "src\r_t4_rx\lib\T4_Library_rxv1_ether_little.lib(tcp_api)"
W0561320:Duplicate symbol "_tcp_sht_cep" in "src\r_t4_rx\lib\T4_Library_rxv1_ether_big.lib(tcp_api)"
W0561320:Duplicate symbol "_tcp_sht_cep" in "src\r_t4_rx\lib\T4_Library_rxv1_ether_little.lib(tcp_api)"
W0561320:Duplicate symbol "_tcp_cls_cep" in "src\r_t4_rx\lib\T4_Library_rxv1_ether_big.lib(tcp_api)"
W0561320:Duplicate symbol "_tcp_cls_cep" in "src\r_t4_rx\lib\T4_Library_rxv1_ether_little.lib(tcp_api)"
W0561320:Duplicate symbol "_tcp_snd_dat" in "src\r_t4_rx\lib\T4_Library_rxv1_ether_big.lib(tcp_api)"
W0561320:Duplicate symbol "_tcp_snd_dat" in "src\r_t4_rx\lib\T4_Library_rxv1_ether_little.lib(tcp_api)"
W0561320:Duplicate symbol "_tcp_rcv_dat" in "src\r_t4_rx\lib\T4_Library_rxv1_ether_big.lib(tcp_api)"
W0561320:Duplicate symbol "_tcp_rcv_dat" in "src\r_t4_rx\lib\T4_Library_rxv1_ether_little.lib(tcp_api)"
W0561320:Duplicate symbol "_tcp_can_cep" in "src\r_t4_rx\lib\T4_Library_rxv1_ether_big.lib(tcp_api)"
W0561320:Duplicate symbol "_tcp_can_cep" in "src\r_t4_rx\lib\T4_Library_rxv1_ether_little.lib(tcp_api)"
W0561320:Duplicate symbol "__tcp_api_req" in "src\r_t4_rx\lib\T4_Library_rxv1_ether_big.lib(tcp_api)"
W0561320:Duplicate symbol "__tcp_api_req" in "src\r_t4_rx\lib\T4_Library_rxv1_ether_little.lib(tcp_api)"
W0561320:Duplicate symbol "__tcp_api_slp" in "src\r_t4_rx\lib\T4_Library_rxv1_ether_big.lib(tcp_api)"
W0561320:Duplicate symbol "__tcp_api_slp" in "src\r_t4_rx\lib\T4_Library_rxv1_ether_little.lib(tcp_api)"
W0561320:Duplicate symbol "__tcp_clr_req" in "src\r_t4_rx\lib\T4_Library_rxv1_ether_big.lib(tcp_api)"
W0561320:Duplicate symbol "__tcp_clr_req" in "src\r_t4_rx\lib\T4_Library_rxv1_ether_little.lib(tcp_api)"
W0561320:Duplicate symbol "_tcp_read_stat" in "src\r_t4_rx\lib\T4_Library_rxv1_ether_big.lib(tcp_api)"
W0561320:Duplicate symbol "_tcp_read_stat" in "src\r_t4_rx\lib\T4_Library_rxv1_ether_little.lib(tcp_api)"
W0561320:Duplicate symbol "_tcp_force_clr" in "src\r_t4_rx\lib\T4_Library_rxv1_ether_big.lib(tcp_api)"
W0561320:Duplicate symbol "_tcp_force_clr" in "src\r_t4_rx\lib\T4_Library_rxv1_ether_little.lib(tcp_api)"
W0561320:Duplicate symbol "_udp_force_clr" in "src\r_t4_rx\lib\T4_Library_rxv1_ether_big.lib(tcp_api)"
W0561320:Duplicate symbol "_udp_force_clr" in "src\r_t4_rx\lib\T4_Library_rxv1_ether_little.lib(tcp_api)"
W0561320:Duplicate symbol "_tcp_set_mss" in "src\r_t4_rx\lib\T4_Library_rxv1_ether_big.lib(tcp_api)"
W0561320:Duplicate symbol "_tcp_set_mss" in "src\r_t4_rx\lib\T4_Library_rxv1_ether_little.lib(tcp_api)"
W0561320:Duplicate symbol "__ether_arp_tbl" in "src\r_t4_rx\lib\T4_Library_rxv1_ether_big.lib(tcp_api)"
W0561320:Duplicate symbol "__ether_arp_tbl" in "src\r_t4_rx\lib\T4_Library_rxv1_ether_little.lib(tcp_api)"
W0561320:Duplicate symbol "_udp_rcv_dat" in "src\r_t4_rx\lib\T4_Library_rxv1_ether_big.lib(udp)"
W0561320:Duplicate symbol "_udp_rcv_dat" in "src\r_t4_rx\lib\T4_Library_rxv1_ether_little.lib(udp)"
W0561320:Duplicate symbol "_udp_snd_dat" in "src\r_t4_rx\lib\T4_Library_rxv1_ether_big.lib(udp)"
W0561320:Duplicate symbol "_udp_snd_dat" in "src\r_t4_rx\lib\T4_Library_rxv1_ether_little.lib(udp)"
W0561320:Duplicate symbol "_udp_can_cep" in "src\r_t4_rx\lib\T4_Library_rxv1_ether_big.lib(udp)"
W0561320:Duplicate symbol "_udp_can_cep" in "src\r_t4_rx\lib\T4_Library_rxv1_ether_little.lib(udp)"
W0561320:Duplicate symbol "__udp_rcv" in "src\r_t4_rx\lib\T4_Library_rxv1_ether_big.lib(udp)"
W0561320:Duplicate symbol "__udp_rcv" in "src\r_t4_rx\lib\T4_Library_rxv1_ether_little.lib(udp)"
W0561320:Duplicate symbol "__udp_rcv_sub" in "src\r_t4_rx\lib\T4_Library_rxv1_ether_big.lib(udp)"
W0561320:Duplicate symbol "__udp_rcv_sub" in "src\r_t4_rx\lib\T4_Library_rxv1_ether_little.lib(udp)"
W0561320:Duplicate symbol "__udp_snd" in "src\r_t4_rx\lib\T4_Library_rxv1_ether_big.lib(udp)"
W0561320:Duplicate symbol "__udp_snd" in "src\r_t4_rx\lib\T4_Library_rxv1_ether_little.lib(udp)"
W0561320:Duplicate symbol "__udp_api_slp" in "src\r_t4_rx\lib\T4_Library_rxv1_ether_big.lib(udp)"
W0561320:Duplicate symbol "__udp_api_slp" in "src\r_t4_rx\lib\T4_Library_rxv1_ether_little.lib(udp)"
W0561320:Duplicate symbol "__udp_api_wup" in "src\r_t4_rx\lib\T4_Library_rxv1_ether_big.lib(udp)"
W0561320:Duplicate symbol "__udp_api_wup" in "src\r_t4_rx\lib\T4_Library_rxv1_ether_little.lib(udp)"
W0561320:Duplicate symbol "__proc_udp_api" in "src\r_t4_rx\lib\T4_Library_rxv1_ether_big.lib(udp)"
W0561320:Duplicate symbol "__proc_udp_api" in "src\r_t4_rx\lib\T4_Library_rxv1_ether_little.lib(udp)"
W0561320:Duplicate symbol "__udp_init" in "src\r_t4_rx\lib\T4_Library_rxv1_ether_big.lib(udp)"
W0561320:Duplicate symbol "__udp_init" in "src\r_t4_rx\lib\T4_Library_rxv1_ether_little.lib(udp)"
W0561320:Duplicate symbol "__udp_api_tmout" in "src\r_t4_rx\lib\T4_Library_rxv1_ether_big.lib(udp)"
W0561320:Duplicate symbol "__udp_api_tmout" in "src\r_t4_rx\lib\T4_Library_rxv1_ether_little.lib(udp)"
W0561320:Duplicate symbol "__tcpudp_cksum" in "src\r_t4_rx\lib\T4_Library_rxv1_ether_big.lib(udp)"
W0561320:Duplicate symbol "__tcpudp_cksum" in "src\r_t4_rx\lib\T4_Library_rxv1_ether_little.lib(udp)"
W0561320:Duplicate symbol "__udp_api_type_to_fn" in "src\r_t4_rx\lib\T4_Library_rxv1_ether_big.lib(udp)"
W0561320:Duplicate symbol "__udp_api_type_to_fn" in "src\r_t4_rx\lib\T4_Library_rxv1_ether_little.lib(udp)"
W0561320:Duplicate symbol "__udp_check_cepid_arg" in "src\r_t4_rx\lib\T4_Library_rxv1_ether_big.lib(udp)"
W0561320:Duplicate symbol "__udp_check_cepid_arg" in "src\r_t4_rx\lib\T4_Library_rxv1_ether_little.lib(udp)"
W0561320:Duplicate symbol "__udp_check_len_arg" in "src\r_t4_rx\lib\T4_Library_rxv1_ether_big.lib(udp)"
W0561320:Duplicate symbol "__udp_check_len_arg" in "src\r_t4_rx\lib\T4_Library_rxv1_ether_little.lib(udp)"
W0561320:Duplicate symbol "__udp_cb" in "src\r_t4_rx\lib\T4_Library_rxv1_ether_big.lib(udp)"
W0561320:Duplicate symbol "__udp_cb" in "src\r_t4_rx\lib\T4_Library_rxv1_ether_little.lib(udp)"
W0561320:Duplicate symbol "__cksum" in "src\r_t4_rx\lib\T4_Library_rxv1_ether_big.lib(cksum_rx_little)"
W0561320:Duplicate symbol "__cksum" in "src\r_t4_rx\lib\T4_Library_rxv1_ether_little.lib(cksum_rx_little)"
W0561320:Duplicate symbol "__ether_proc_rcv" in "src\r_t4_rx\lib\T4_Library_rxv2_ether_big.lib(ether)"
W0561320:Duplicate symbol "__ether_rcv_arp" in "src\r_t4_rx\lib\T4_Library_rxv2_ether_big.lib(ether)"
W0561320:Duplicate symbol "__ether_arp_resolve" in "src\r_t4_rx\lib\T4_Library_rxv2_ether_big.lib(ether)"
W0561320:Duplicate symbol "__ether_snd_arp" in "src\r_t4_rx\lib\T4_Library_rxv2_ether_big.lib(ether)"
W0561320:Duplicate symbol "__ether_snd_ip" in "src\r_t4_rx\lib\T4_Library_rxv2_ether_big.lib(ether)"
W0561320:Duplicate symbol "__ether_snd" in "src\r_t4_rx\lib\T4_Library_rxv2_ether_big.lib(ether)"
W0561320:Duplicate symbol "__ether_arp_add" in "src\r_t4_rx\lib\T4_Library_rxv2_ether_big.lib(ether)"
W0561320:Duplicate symbol "__ether_arp_del" in "src\r_t4_rx\lib\T4_Library_rxv2_ether_big.lib(ether)"
W0561320:Duplicate symbol "__ether_arp_init" in "src\r_t4_rx\lib\T4_Library_rxv2_ether_big.lib(ether)"
W0561320:Duplicate symbol "__ether_p_rcv_buff" in "src\r_t4_rx\lib\T4_Library_rxv2_ether_big.lib(ether)"
W0561320:Duplicate symbol "__ip_rcv_hdr" in "src\r_t4_rx\lib\T4_Library_rxv2_ether_big.lib(ip)"
W0561320:Duplicate symbol "__ip_snd" in "src\r_t4_rx\lib\T4_Library_rxv2_ether_big.lib(ip)"
W0561320:Duplicate symbol "__ip_snd_icmp" in "src\r_t4_rx\lib\T4_Library_rxv2_ether_big.lib(ip)"
W0561320:Duplicate symbol "__ip_check_ipadd_proto" in "src\r_t4_rx\lib\T4_Library_rxv2_ether_big.lib(ip)"
W0561320:Duplicate symbol "__ip_check_multicast" in "src\r_t4_rx\lib\T4_Library_rxv2_ether_big.lib(ip)"
W0561320:Duplicate symbol "__ip_check_broadcast" in "src\r_t4_rx\lib\T4_Library_rxv2_ether_big.lib(ip)"
W0561320:Duplicate symbol "_data_link_buf_ptr" in "src\r_t4_rx\lib\T4_Library_rxv2_ether_big.lib(ip)"
W0561320:Duplicate symbol "__ch_info_tbl" in "src\r_t4_rx\lib\T4_Library_rxv2_ether_big.lib(ip)"
W0561320:Duplicate symbol "__ch_info_head" in "src\r_t4_rx\lib\T4_Library_rxv2_ether_big.lib(ip)"
W0561320:Duplicate symbol "_R_t4_version" in "src\r_t4_rx\lib\T4_Library_rxv2_ether_big.lib(T4_Version)"
W0561320:Duplicate symbol "_net2hl_yn_xn" in "src\r_t4_rx\lib\T4_Library_rxv2_ether_big.lib(tcp)"
W0561320:Duplicate symbol "__tcp_init_tcb" in "src\r_t4_rx\lib\T4_Library_rxv2_ether_big.lib(tcp)"
W0561320:Duplicate symbol "__process_tcpip" in "src\r_t4_rx\lib\T4_Library_rxv2_ether_big.lib(tcp)"
W0561320:Duplicate symbol "__proc_api" in "src\r_t4_rx\lib\T4_Library_rxv2_ether_big.lib(tcp)"
W0561320:Duplicate symbol "__tcp_api_acpt" in "src\r_t4_rx\lib\T4_Library_rxv2_ether_big.lib(tcp)"
W0561320:Duplicate symbol "__tcp_api_con" in "src\r_t4_rx\lib\T4_Library_rxv2_ether_big.lib(tcp)"
W0561320:Duplicate symbol "__tcp_api_sht_cls" in "src\r_t4_rx\lib\T4_Library_rxv2_ether_big.lib(tcp)"
W0561320:Duplicate symbol "__tcp_api_snddt" in "src\r_t4_rx\lib\T4_Library_rxv2_ether_big.lib(tcp)"
W0561320:Duplicate symbol "__tcp_api_rcvdt" in "src\r_t4_rx\lib\T4_Library_rxv2_ether_big.lib(tcp)"
W0561320:Duplicate symbol "__tcp_cpy_rwdat" in "src\r_t4_rx\lib\T4_Library_rxv2_ether_big.lib(tcp)"
W0561320:Duplicate symbol "__proc_rcv" in "src\r_t4_rx\lib\T4_Library_rxv2_ether_big.lib(tcp)"
W0561320:Duplicate symbol "__tcp_stat" in "src\r_t4_rx\lib\T4_Library_rxv2_ether_big.lib(tcp)"
W0561320:Duplicate symbol "__tcp_rcv_rst" in "src\r_t4_rx\lib\T4_Library_rxv2_ether_big.lib(tcp)"
W0561320:Duplicate symbol "__tcp_rcv_syn" in "src\r_t4_rx\lib\T4_Library_rxv2_ether_big.lib(tcp)"
W0561320:Duplicate symbol "__tcp_rcv_ack" in "src\r_t4_rx\lib\T4_Library_rxv2_ether_big.lib(tcp)"
W0561320:Duplicate symbol "__tcp_rcv_opt" in "src\r_t4_rx\lib\T4_Library_rxv2_ether_big.lib(tcp)"
W0561320:Duplicate symbol "__tcp_proc_data" in "src\r_t4_rx\lib\T4_Library_rxv2_ether_big.lib(tcp)"
W0561320:Duplicate symbol "__tcp_rcv_fin" in "src\r_t4_rx\lib\T4_Library_rxv2_ether_big.lib(tcp)"
W0561320:Duplicate symbol "__tcp_swin_updt" in "src\r_t4_rx\lib\T4_Library_rxv2_ether_big.lib(tcp)"
W0561320:Duplicate symbol "__proc_snd" in "src\r_t4_rx\lib\T4_Library_rxv2_ether_big.lib(tcp)"
W0561320:Duplicate symbol "__tcp_snd" in "src\r_t4_rx\lib\T4_Library_rxv2_ether_big.lib(tcp)"
W0561320:Duplicate symbol "__tcp_cancel_api" in "src\r_t4_rx\lib\T4_Library_rxv2_ether_big.lib(tcp)"
W0561320:Duplicate symbol "__tcp_clr_rtq" in "src\r_t4_rx\lib\T4_Library_rxv2_ether_big.lib(tcp)"
W0561320:Duplicate symbol "__tcp_return_listen" in "src\r_t4_rx\lib\T4_Library_rxv2_ether_big.lib(tcp)"
W0561320:Duplicate symbol "__tcp_api_wup" in "src\r_t4_rx\lib\T4_Library_rxv2_ether_big.lib(tcp)"
W0561320:Duplicate symbol "__tcp_check_cepid_arg" in "src\r_t4_rx\lib\T4_Library_rxv2_ether_big.lib(tcp)"
W0561320:Duplicate symbol "__tcp_check_len_arg" in "src\r_t4_rx\lib\T4_Library_rxv2_ether_big.lib(tcp)"
W0561320:Duplicate symbol "__tcp_check_tmout_arg" in "src\r_t4_rx\lib\T4_Library_rxv2_ether_big.lib(tcp)"
W0561320:Duplicate symbol "__tcp_is_tcb_queue_over" in "src\r_t4_rx\lib\T4_Library_rxv2_ether_big.lib(tcp)"
W0561320:Duplicate symbol "__tcp_call_callback" in "src\r_t4_rx\lib\T4_Library_rxv2_ether_big.lib(tcp)"
W0561320:Duplicate symbol "__tcp_api_type_to_fn" in "src\r_t4_rx\lib\T4_Library_rxv2_ether_big.lib(tcp)"
W0561320:Duplicate symbol "__tcp_recv_polling" in "src\r_t4_rx\lib\T4_Library_rxv2_ether_big.lib(tcp)"
W0561320:Duplicate symbol "__tcp_init_callback_info" in "src\r_t4_rx\lib\T4_Library_rxv2_ether_big.lib(tcp)"
W0561320:Duplicate symbol "__tcp_tcb" in "src\r_t4_rx\lib\T4_Library_rxv2_ether_big.lib(tcp)"
W0561320:Duplicate symbol "_head_tcb" in "src\r_t4_rx\lib\T4_Library_rxv2_ether_big.lib(tcp)"
W0561320:Duplicate symbol "__tx_hdr" in "src\r_t4_rx\lib\T4_Library_rxv2_ether_big.lib(tcp)"
W0561320:Duplicate symbol "__tcp_timer_cnt" in "src\r_t4_rx\lib\T4_Library_rxv2_ether_big.lib(tcp)"
W0561320:Duplicate symbol "__tcp_pre_timer_cnt" in "src\r_t4_rx\lib\T4_Library_rxv2_ether_big.lib(tcp)"
W0561320:Duplicate symbol "_tcpudp_open" in "src\r_t4_rx\lib\T4_Library_rxv2_ether_big.lib(tcp_api)"
W0561320:Duplicate symbol "_tcpudp_close" in "src\r_t4_rx\lib\T4_Library_rxv2_ether_big.lib(tcp_api)"
W0561320:Duplicate symbol "__getRAMsize_sub" in "src\r_t4_rx\lib\T4_Library_rxv2_ether_big.lib(tcp_api)"
W0561320:Duplicate symbol "__getTcpRAMsize" in "src\r_t4_rx\lib\T4_Library_rxv2_ether_big.lib(tcp_api)"
W0561320:Duplicate symbol "__getUdpRAMsize" in "src\r_t4_rx\lib\T4_Library_rxv2_ether_big.lib(tcp_api)"
W0561320:Duplicate symbol "__getIpRAMsize" in "src\r_t4_rx\lib\T4_Library_rxv2_ether_big.lib(tcp_api)"
W0561320:Duplicate symbol "__getTblRAMsize" in "src\r_t4_rx\lib\T4_Library_rxv2_ether_big.lib(tcp_api)"
W0561320:Duplicate symbol "_tcpudp_get_ramsize" in "src\r_t4_rx\lib\T4_Library_rxv2_ether_big.lib(tcp_api)"
W0561320:Duplicate symbol "_tcp_acp_cep" in "src\r_t4_rx\lib\T4_Library_rxv2_ether_big.lib(tcp_api)"
W0561320:Duplicate symbol "_tcp_con_cep" in "src\r_t4_rx\lib\T4_Library_rxv2_ether_big.lib(tcp_api)"
W0561320:Duplicate symbol "_tcp_sht_cep" in "src\r_t4_rx\lib\T4_Library_rxv2_ether_big.lib(tcp_api)"
W0561320:Duplicate symbol "_tcp_cls_cep" in "src\r_t4_rx\lib\T4_Library_rxv2_ether_big.lib(tcp_api)"
W0561320:Duplicate symbol "_tcp_snd_dat" in "src\r_t4_rx\lib\T4_Library_rxv2_ether_big.lib(tcp_api)"
W0561320:Duplicate symbol "_tcp_rcv_dat" in "src\r_t4_rx\lib\T4_Library_rxv2_ether_big.lib(tcp_api)"
W0561320:Duplicate symbol "_tcp_can_cep" in "src\r_t4_rx\lib\T4_Library_rxv2_ether_big.lib(tcp_api)"
W0561320:Duplicate symbol "__tcp_api_req" in "src\r_t4_rx\lib\T4_Library_rxv2_ether_big.lib(tcp_api)"
W0561320:Duplicate symbol "__tcp_api_slp" in "src\r_t4_rx\lib\T4_Library_rxv2_ether_big.lib(tcp_api)"
W0561320:Duplicate symbol "__tcp_clr_req" in "src\r_t4_rx\lib\T4_Library_rxv2_ether_big.lib(tcp_api)"
W0561320:Duplicate symbol "_tcp_read_stat" in "src\r_t4_rx\lib\T4_Library_rxv2_ether_big.lib(tcp_api)"
W0561320:Duplicate symbol "_tcp_force_clr" in "src\r_t4_rx\lib\T4_Library_rxv2_ether_big.lib(tcp_api)"
W0561320:Duplicate symbol "_udp_force_clr" in "src\r_t4_rx\lib\T4_Library_rxv2_ether_big.lib(tcp_api)"
W0561320:Duplicate symbol "_tcp_set_mss" in "src\r_t4_rx\lib\T4_Library_rxv2_ether_big.lib(tcp_api)"
W0561320:Duplicate symbol "__ether_arp_tbl" in "src\r_t4_rx\lib\T4_Library_rxv2_ether_big.lib(tcp_api)"
W0561320:Duplicate symbol "_udp_rcv_dat" in "src\r_t4_rx\lib\T4_Library_rxv2_ether_big.lib(udp)"
W0561320:Duplicate symbol "_udp_snd_dat" in "src\r_t4_rx\lib\T4_Library_rxv2_ether_big.lib(udp)"
W0561320:Duplicate symbol "_udp_can_cep" in "src\r_t4_rx\lib\T4_Library_rxv2_ether_big.lib(udp)"
W0561320:Duplicate symbol "__udp_rcv" in "src\r_t4_rx\lib\T4_Library_rxv2_ether_big.lib(udp)"
W0561320:Duplicate symbol "__udp_rcv_sub" in "src\r_t4_rx\lib\T4_Library_rxv2_ether_big.lib(udp)"
W0561320:Duplicate symbol "__udp_snd" in "src\r_t4_rx\lib\T4_Library_rxv2_ether_big.lib(udp)"
W0561320:Duplicate symbol "__udp_api_slp" in "src\r_t4_rx\lib\T4_Library_rxv2_ether_big.lib(udp)"
W0561320:Duplicate symbol "__udp_api_wup" in "src\r_t4_rx\lib\T4_Library_rxv2_ether_big.lib(udp)"
W0561320:Duplicate symbol "__proc_udp_api" in "src\r_t4_rx\lib\T4_Library_rxv2_ether_big.lib(udp)"
W0561320:Duplicate symbol "__udp_init" in "src\r_t4_rx\lib\T4_Library_rxv2_ether_big.lib(udp)"
W0561320:Duplicate symbol "__udp_api_tmout" in "src\r_t4_rx\lib\T4_Library_rxv2_ether_big.lib(udp)"
W0561320:Duplicate symbol "__tcpudp_cksum" in "src\r_t4_rx\lib\T4_Library_rxv2_ether_big.lib(udp)"
W0561320:Duplicate symbol "__udp_api_type_to_fn" in "src\r_t4_rx\lib\T4_Library_rxv2_ether_big.lib(udp)"
W0561320:Duplicate symbol "__udp_check_cepid_arg" in "src\r_t4_rx\lib\T4_Library_rxv2_ether_big.lib(udp)"
W0561320:Duplicate symbol "__udp_check_len_arg" in "src\r_t4_rx\lib\T4_Library_rxv2_ether_big.lib(udp)"
W0561320:Duplicate symbol "__udp_cb" in "src\r_t4_rx\lib\T4_Library_rxv2_ether_big.lib(udp)"
W0561320:Duplicate symbol "__cksum" in "src\r_t4_rx\lib\T4_Library_rxv2_ether_big.lib(cksum_rx_little)"
W0561320:Duplicate symbol "__ether_proc_rcv" in "src\r_t4_rx\lib\T4_Library_rxv2_ether_little.lib(ether)"
W0561320:Duplicate symbol "__ether_rcv_arp" in "src\r_t4_rx\lib\T4_Library_rxv2_ether_little.lib(ether)"
W0561320:Duplicate symbol "__ether_arp_resolve" in "src\r_t4_rx\lib\T4_Library_rxv2_ether_little.lib(ether)"
W0561320:Duplicate symbol "__ether_snd_arp" in "src\r_t4_rx\lib\T4_Library_rxv2_ether_little.lib(ether)"
W0561320:Duplicate symbol "__ether_snd_ip" in "src\r_t4_rx\lib\T4_Library_rxv2_ether_little.lib(ether)"
W0561320:Duplicate symbol "__ether_snd" in "src\r_t4_rx\lib\T4_Library_rxv2_ether_little.lib(ether)"
W0561320:Duplicate symbol "__ether_arp_add" in "src\r_t4_rx\lib\T4_Library_rxv2_ether_little.lib(ether)"
W0561320:Duplicate symbol "__ether_arp_del" in "src\r_t4_rx\lib\T4_Library_rxv2_ether_little.lib(ether)"
W0561320:Duplicate symbol "__ether_arp_init" in "src\r_t4_rx\lib\T4_Library_rxv2_ether_little.lib(ether)"
W0561320:Duplicate symbol "__ether_p_rcv_buff" in "src\r_t4_rx\lib\T4_Library_rxv2_ether_little.lib(ether)"
W0561320:Duplicate symbol "__ip_rcv_hdr" in "src\r_t4_rx\lib\T4_Library_rxv2_ether_little.lib(ip)"
W0561320:Duplicate symbol "__ip_snd" in "src\r_t4_rx\lib\T4_Library_rxv2_ether_little.lib(ip)"
W0561320:Duplicate symbol "__ip_snd_icmp" in "src\r_t4_rx\lib\T4_Library_rxv2_ether_little.lib(ip)"
W0561320:Duplicate symbol "__ip_check_ipadd_proto" in "src\r_t4_rx\lib\T4_Library_rxv2_ether_little.lib(ip)"
W0561320:Duplicate symbol "__ip_check_multicast" in "src\r_t4_rx\lib\T4_Library_rxv2_ether_little.lib(ip)"
W0561320:Duplicate symbol "__ip_check_broadcast" in "src\r_t4_rx\lib\T4_Library_rxv2_ether_little.lib(ip)"
W0561320:Duplicate symbol "_data_link_buf_ptr" in "src\r_t4_rx\lib\T4_Library_rxv2_ether_little.lib(ip)"
W0561320:Duplicate symbol "__ch_info_tbl" in "src\r_t4_rx\lib\T4_Library_rxv2_ether_little.lib(ip)"
W0561320:Duplicate symbol "__ch_info_head" in "src\r_t4_rx\lib\T4_Library_rxv2_ether_little.lib(ip)"
W0561320:Duplicate symbol "_R_t4_version" in "src\r_t4_rx\lib\T4_Library_rxv2_ether_little.lib(T4_Version)"
W0561320:Duplicate symbol "_net2hl_yn_xn" in "src\r_t4_rx\lib\T4_Library_rxv2_ether_little.lib(tcp)"
W0561320:Duplicate symbol "__tcp_init_tcb" in "src\r_t4_rx\lib\T4_Library_rxv2_ether_little.lib(tcp)"
W0561320:Duplicate symbol "__process_tcpip" in "src\r_t4_rx\lib\T4_Library_rxv2_ether_little.lib(tcp)"
W0561320:Duplicate symbol "__proc_api" in "src\r_t4_rx\lib\T4_Library_rxv2_ether_little.lib(tcp)"
W0561320:Duplicate symbol "__tcp_api_acpt" in "src\r_t4_rx\lib\T4_Library_rxv2_ether_little.lib(tcp)"
W0561320:Duplicate symbol "__tcp_api_con" in "src\r_t4_rx\lib\T4_Library_rxv2_ether_little.lib(tcp)"
W0561320:Duplicate symbol "__tcp_api_sht_cls" in "src\r_t4_rx\lib\T4_Library_rxv2_ether_little.lib(tcp)"
W0561320:Duplicate symbol "__tcp_api_snddt" in "src\r_t4_rx\lib\T4_Library_rxv2_ether_little.lib(tcp)"
W0561320:Duplicate symbol "__tcp_api_rcvdt" in "src\r_t4_rx\lib\T4_Library_rxv2_ether_little.lib(tcp)"
W0561320:Duplicate symbol "__tcp_cpy_rwdat" in "src\r_t4_rx\lib\T4_Library_rxv2_ether_little.lib(tcp)"
W0561320:Duplicate symbol "__proc_rcv" in "src\r_t4_rx\lib\T4_Library_rxv2_ether_little.lib(tcp)"
W0561320:Duplicate symbol "__tcp_stat" in "src\r_t4_rx\lib\T4_Library_rxv2_ether_little.lib(tcp)"
W0561320:Duplicate symbol "__tcp_rcv_rst" in "src\r_t4_rx\lib\T4_Library_rxv2_ether_little.lib(tcp)"
W0561320:Duplicate symbol "__tcp_rcv_syn" in "src\r_t4_rx\lib\T4_Library_rxv2_ether_little.lib(tcp)"
W0561320:Duplicate symbol "__tcp_rcv_ack" in "src\r_t4_rx\lib\T4_Library_rxv2_ether_little.lib(tcp)"
W0561320:Duplicate symbol "__tcp_rcv_opt" in "src\r_t4_rx\lib\T4_Library_rxv2_ether_little.lib(tcp)"
W0561320:Duplicate symbol "__tcp_proc_data" in "src\r_t4_rx\lib\T4_Library_rxv2_ether_little.lib(tcp)"
W0561320:Duplicate symbol "__tcp_rcv_fin" in "src\r_t4_rx\lib\T4_Library_rxv2_ether_little.lib(tcp)"
W0561320:Duplicate symbol "__tcp_swin_updt" in "src\r_t4_rx\lib\T4_Library_rxv2_ether_little.lib(tcp)"
W0561320:Duplicate symbol "__proc_snd" in "src\r_t4_rx\lib\T4_Library_rxv2_ether_little.lib(tcp)"
W0561320:Duplicate symbol "__tcp_snd" in "src\r_t4_rx\lib\T4_Library_rxv2_ether_little.lib(tcp)"
W0561320:Duplicate symbol "__tcp_cancel_api" in "src\r_t4_rx\lib\T4_Library_rxv2_ether_little.lib(tcp)"
W0561320:Duplicate symbol "__tcp_clr_rtq" in "src\r_t4_rx\lib\T4_Library_rxv2_ether_little.lib(tcp)"
W0561320:Duplicate symbol "__tcp_return_listen" in "src\r_t4_rx\lib\T4_Library_rxv2_ether_little.lib(tcp)"
W0561320:Duplicate symbol "__tcp_api_wup" in "src\r_t4_rx\lib\T4_Library_rxv2_ether_little.lib(tcp)"
W0561320:Duplicate symbol "__tcp_check_cepid_arg" in "src\r_t4_rx\lib\T4_Library_rxv2_ether_little.lib(tcp)"
W0561320:Duplicate symbol "__tcp_check_len_arg" in "src\r_t4_rx\lib\T4_Library_rxv2_ether_little.lib(tcp)"
W0561320:Duplicate symbol "__tcp_check_tmout_arg" in "src\r_t4_rx\lib\T4_Library_rxv2_ether_little.lib(tcp)"
W0561320:Duplicate symbol "__tcp_is_tcb_queue_over" in "src\r_t4_rx\lib\T4_Library_rxv2_ether_little.lib(tcp)"
W0561320:Duplicate symbol "__tcp_call_callback" in "src\r_t4_rx\lib\T4_Library_rxv2_ether_little.lib(tcp)"
W0561320:Duplicate symbol "__tcp_api_type_to_fn" in "src\r_t4_rx\lib\T4_Library_rxv2_ether_little.lib(tcp)"
W0561320:Duplicate symbol "__tcp_recv_polling" in "src\r_t4_rx\lib\T4_Library_rxv2_ether_little.lib(tcp)"
W0561320:Duplicate symbol "__tcp_init_callback_info" in "src\r_t4_rx\lib\T4_Library_rxv2_ether_little.lib(tcp)"
W0561320:Duplicate symbol "__tcp_tcb" in "src\r_t4_rx\lib\T4_Library_rxv2_ether_little.lib(tcp)"
W0561320:Duplicate symbol "_head_tcb" in "src\r_t4_rx\lib\T4_Library_rxv2_ether_little.lib(tcp)"
W0561320:Duplicate symbol "__tx_hdr" in "src\r_t4_rx\lib\T4_Library_rxv2_ether_little.lib(tcp)"
W0561320:Duplicate symbol "__tcp_timer_cnt" in "src\r_t4_rx\lib\T4_Library_rxv2_ether_little.lib(tcp)"
W0561320:Duplicate symbol "__tcp_pre_timer_cnt" in "src\r_t4_rx\lib\T4_Library_rxv2_ether_little.lib(tcp)"
W0561320:Duplicate symbol "_tcpudp_open" in "src\r_t4_rx\lib\T4_Library_rxv2_ether_little.lib(tcp_api)"
W0561320:Duplicate symbol "_tcpudp_close" in "src\r_t4_rx\lib\T4_Library_rxv2_ether_little.lib(tcp_api)"
W0561320:Duplicate symbol "__getRAMsize_sub" in "src\r_t4_rx\lib\T4_Library_rxv2_ether_little.lib(tcp_api)"
W0561320:Duplicate symbol "__getTcpRAMsize" in "src\r_t4_rx\lib\T4_Library_rxv2_ether_little.lib(tcp_api)"
W0561320:Duplicate symbol "__getUdpRAMsize" in "src\r_t4_rx\lib\T4_Library_rxv2_ether_little.lib(tcp_api)"
W0561320:Duplicate symbol "__getIpRAMsize" in "src\r_t4_rx\lib\T4_Library_rxv2_ether_little.lib(tcp_api)"
W0561320:Duplicate symbol "__getTblRAMsize" in "src\r_t4_rx\lib\T4_Library_rxv2_ether_little.lib(tcp_api)"
W0561320:Duplicate symbol "_tcpudp_get_ramsize" in "src\r_t4_rx\lib\T4_Library_rxv2_ether_little.lib(tcp_api)"
W0561320:Duplicate symbol "_tcp_acp_cep" in "src\r_t4_rx\lib\T4_Library_rxv2_ether_little.lib(tcp_api)"
W0561320:Duplicate symbol "_tcp_con_cep" in "src\r_t4_rx\lib\T4_Library_rxv2_ether_little.lib(tcp_api)"
W0561320:Duplicate symbol "_tcp_sht_cep" in "src\r_t4_rx\lib\T4_Library_rxv2_ether_little.lib(tcp_api)"
W0561320:Duplicate symbol "_tcp_cls_cep" in "src\r_t4_rx\lib\T4_Library_rxv2_ether_little.lib(tcp_api)"
W0561320:Duplicate symbol "_tcp_snd_dat" in "src\r_t4_rx\lib\T4_Library_rxv2_ether_little.lib(tcp_api)"
W0561320:Duplicate symbol "_tcp_rcv_dat" in "src\r_t4_rx\lib\T4_Library_rxv2_ether_little.lib(tcp_api)"
W0561320:Duplicate symbol "_tcp_can_cep" in "src\r_t4_rx\lib\T4_Library_rxv2_ether_little.lib(tcp_api)"
W0561320:Duplicate symbol "__tcp_api_req" in "src\r_t4_rx\lib\T4_Library_rxv2_ether_little.lib(tcp_api)"
W0561320:Duplicate symbol "__tcp_api_slp" in "src\r_t4_rx\lib\T4_Library_rxv2_ether_little.lib(tcp_api)"
W0561320:Duplicate symbol "__tcp_clr_req" in "src\r_t4_rx\lib\T4_Library_rxv2_ether_little.lib(tcp_api)"
W0561320:Duplicate symbol "_tcp_read_stat" in "src\r_t4_rx\lib\T4_Library_rxv2_ether_little.lib(tcp_api)"
W0561320:Duplicate symbol "_tcp_force_clr" in "src\r_t4_rx\lib\T4_Library_rxv2_ether_little.lib(tcp_api)"
W0561320:Duplicate symbol "_udp_force_clr" in "src\r_t4_rx\lib\T4_Library_rxv2_ether_little.lib(tcp_api)"
W0561320:Duplicate symbol "_tcp_set_mss" in "src\r_t4_rx\lib\T4_Library_rxv2_ether_little.lib(tcp_api)"
W0561320:Duplicate symbol "__ether_arp_tbl" in "src\r_t4_rx\lib\T4_Library_rxv2_ether_little.lib(tcp_api)"
W0561320:Duplicate symbol "_udp_rcv_dat" in "src\r_t4_rx\lib\T4_Library_rxv2_ether_little.lib(udp)"
W0561320:Duplicate symbol "_udp_snd_dat" in "src\r_t4_rx\lib\T4_Library_rxv2_ether_little.lib(udp)"
W0561320:Duplicate symbol "_udp_can_cep" in "src\r_t4_rx\lib\T4_Library_rxv2_ether_little.lib(udp)"
W0561320:Duplicate symbol "__udp_rcv" in "src\r_t4_rx\lib\T4_Library_rxv2_ether_little.lib(udp)"
W0561320:Duplicate symbol "__udp_rcv_sub" in "src\r_t4_rx\lib\T4_Library_rxv2_ether_little.lib(udp)"
W0561320:Duplicate symbol "__udp_snd" in "src\r_t4_rx\lib\T4_Library_rxv2_ether_little.lib(udp)"
W0561320:Duplicate symbol "__udp_api_slp" in "src\r_t4_rx\lib\T4_Library_rxv2_ether_little.lib(udp)"
W0561320:Duplicate symbol "__udp_api_wup" in "src\r_t4_rx\lib\T4_Library_rxv2_ether_little.lib(udp)"
W0561320:Duplicate symbol "__proc_udp_api" in "src\r_t4_rx\lib\T4_Library_rxv2_ether_little.lib(udp)"
W0561320:Duplicate symbol "__udp_init" in "src\r_t4_rx\lib\T4_Library_rxv2_ether_little.lib(udp)"
W0561320:Duplicate symbol "__udp_api_tmout" in "src\r_t4_rx\lib\T4_Library_rxv2_ether_little.lib(udp)"
W0561320:Duplicate symbol "__tcpudp_cksum" in "src\r_t4_rx\lib\T4_Library_rxv2_ether_little.lib(udp)"
W0561320:Duplicate symbol "__udp_api_type_to_fn" in "src\r_t4_rx\lib\T4_Library_rxv2_ether_little.lib(udp)"
W0561320:Duplicate symbol "__udp_check_cepid_arg" in "src\r_t4_rx\lib\T4_Library_rxv2_ether_little.lib(udp)"
W0561320:Duplicate symbol "__udp_check_len_arg" in "src\r_t4_rx\lib\T4_Library_rxv2_ether_little.lib(udp)"
W0561320:Duplicate symbol "__udp_cb" in "src\r_t4_rx\lib\T4_Library_rxv2_ether_little.lib(udp)"
W0561320:Duplicate symbol "__cksum" in "src\r_t4_rx\lib\T4_Library_rxv2_ether_little.lib(cksum_rx_little)"
W0561100:Cannot find "PResetPRG" specified in option "start"
W0561100:Cannot find "C$INIT" specified in option "start"
W0561100:Cannot find "C$VTBL" specified in option "start"
W0561100:Cannot find "PIntPRG" specified in option "start"

*** Mapping List ***

SECTION                            START      END         SIZE   ALIGN
SI
                                  00000020  0000041f       400   4
SU
                                  00000420  0000141f      1000   4
B_1
                                  00001420  000030aa      1c8b   1
R_1
                                  000030ab  00003143        99   1
B_2
                                  00003144  000045a1      145e   2
R_2
                                  000045a2  000045a3         2   2
B
                                  000045a4  0000fc93      b6f0   4
R
                                  0000fc94  000102af       61c   4
B_ETHERNET_BUFFERS_1
                                  00030000  000317ff      1800   1
B_RX_DESC_1
                                  00031800  0003181f        20   1
B_TX_DESC_1
                                  00031820  0003183f        20   1
$ADDR_C_120040
                                  00120040  00120043         4   1
$ADDR_C_120048
                                  00120048  0012004b         4   1
$ADDR_C_120050
                                  00120050  0012006f        20   1
C_1
                                  ffc00100  ffc002ae       1af   1
C_2
                                  ffc002b0  ffc00553       2a4   2
C
                                  ffc00554  ffc01153       c00   4
C$DSEC
                                  ffc01154  ffc01177        24   4
C$BSEC
                                  ffc01178  ffc0118f        18   4
C$VECT
                                  ffc01190  ffc0158f       400   4
D_1
                                  ffc01590  ffc01628        99   1
D_2
                                  ffc0162a  ffc0162b         2   2
D
                                  ffc0162c  ffc01c47       61c   4
P
                                  ffc01c48  ffc1127a      f633   1
W_1
                                  ffc1127b  ffc11297        1d   1
W_2
                                  ffc11298  ffc112b7        20   2
W
                                  ffc112b8  ffc112b8         0   4
L
                                  ffc112b8  ffc11428       171   4
EXCEPTVECT
                                  ffffff80  fffffffb        7c   4
RESETVECT
                                  fffffffc  ffffffff         4   4

*** Total Section Size ***

RAMDATA SECTION:  00011ad0 Byte(s)
ROMDATA SECTION:  00001d9c Byte(s)
PROGRAM SECTION:  0000f633 Byte(s)

*** Symbol List ***

SECTION=
FILE=                               START        END    SIZE
  SYMBOL                            ADDR        SIZE    INFO      COUNTS  OPT

SECTION=SI
FILE=DefaultBuild\resetprg.obj
                                  00000020  0000041f       400

SECTION=SU
FILE=DefaultBuild\resetprg.obj
                                  00000420  0000141f      1000

SECTION=B_1
FILE=DefaultBuild\lowsrc.obj
                                  00001420  00001447        28
  _flmod
                                  00001420        14   data ,g         * 
  _sml_buf
                                  00001434        14   data ,g         * 
FILE=DefaultBuild\r_bsp_software_interrupt.obj
                                  00001448  0000144f         8
  _s_bsp_swint_buf_used
                                  00001448         2   data ,l         * 
  _s_bsp_swint_buf_top
                                  0000144a         2   data ,l         * 
  _s_bsp_swint_buf_bottom
                                  0000144c         2   data ,l         * 
  _s_bsp_swint_nested_int_status
                                  0000144e         2   data ,l         * 
FILE=DefaultBuild\ether_callback.obj
                                  00001450  00001453         4
  _magic_packet_detect
                                  00001450         2   data ,g         * 
  _link_detect
                                  00001452         2   data ,g         * 
FILE=DefaultBuild\t4_driver.obj
                                  00001454  00001454         1
  _tcpip_flag
                                  00001454         1   data ,g         * 
FILE=DefaultBuild\r_ether_rx.obj
                                  00001455  0000146c        18
  _transfer_enable_flag
                                  00001455         2   data ,l         * 
  _mpd_flag
                                  00001457         2   data ,l         * 
  _mac_addr_buf
                                  00001459         c   data ,l         * 
  _lchng_flag
                                  00001465         2   data ,l         * 
  _promiscuous_mode
                                  00001467         2   data ,l         * 
  _etherc_edmac_power_cont
                                  00001469         4   data ,l         * 
FILE=DefaultBuild\r_dns_client.obj
                                  0000146d  00001770       304
  _dns_buffer
                                  0000146d       200   data ,l         * 
  _name_table
                                  0000166d       104   data ,g         * 
FILE=DefaultBuild\r_sci_rx.obj
                                  00001771  00002094       924
  _ch1_tx_buf
                                  00001771        50   data ,l         * 
  _ch1_rx_buf
                                  000017c1       834   data ,l         * 
  _ch2_tx_buf
                                  00001ff5        50   data ,l         * 
  _ch2_rx_buf
                                  00002045        50   data ,l         * 
FILE=DefaultBuild\globalVar.obj
                                  00002095  000028a4       810
  _vibrRtnRAWData
                                  00002095       807   data ,g         * 
  _EDSRtnRAWData
                                  0000289c         9   data ,g         * 
FILE=DefaultBuild\LeadWell_Vibr.obj
                                  000028a5  000030aa       806
  _HLvibrateData
                                  000028a5       800   data ,g         * 
  _HLTempData
                                  000030a5         6   data ,g         * 

SECTION=R_1
FILE=DefaultBuild\ether_callback.obj
                                  000030ab  000030ab         1
  _pause_enable
                                  000030ab         1   data ,g         * 
FILE=DefaultBuild\config_tcpudp.obj
                                  000030ac  000030dd        32
  __tcp_dack
                                  000030ac         2   data ,g         * 
  _tcpudp_env
                                  000030ae        18   data ,g         * 
  __myethaddr
                                  000030c6         c   data ,g         * 
  _user_name
                                  000030d2         6   data ,g         * 
  _user_passwd
                                  000030d8         6   data ,g         * 
FILE=DefaultBuild\r_ether_rx.obj
                                  000030de  000030e0         3
  _is_entry
                                  000030de         1   data ,l         * 
  _pause_frame_enable
                                  000030df         2   data ,l         * 
FILE=DefaultBuild\r_dns_client.obj
                                  000030e1  000030e8         8
  _dnsaddr1
                                  000030e1         4   data ,g         * 
  _dnsaddr2
                                  000030e5         4   data ,g         * 
FILE=DefaultBuild\r_byteq.obj
                                  000030e9  000030e9         1
  _qcb_init$1
                                  000030e9         1   data ,l         * 
FILE=DefaultBuild\dsp_process.obj
                                  000030ea  000030ea         1
  _idx_buf_s12ad
                                  000030ea         1   data ,l         * 
FILE=DefaultBuild\globalVar.obj
                                  000030eb  000030f1         7
  _ETHERNET_RDY
                                  000030eb         2   data ,g         * 
  _DATA_RDY
                                  000030ed         5   data ,g         * 
FILE=xfiles
                                  000030f2  00003141        50
  _ebuf
                                  000030f2        50   data ,l         * 
FILE=tcp
                                  00003142  00003142         1
  __process_flag$1
                                  00003142         1   data ,l         * 
FILE=xstate
                                  00003143  00003143         1
  __Mbcurmax
                                  00003143         1   data ,g         * 

SECTION=B_2
FILE=DefaultBuild\r_bsp_cpu.obj
                                  00003144  0000314b         8
  _s_protect_counters
                                  00003144         8   data ,l         * 
FILE=DefaultBuild\t4_driver.obj
                                  0000314c  0000314f         4
  _tcpudp_time_cnt
                                  0000314c         2   data ,g         * 
  _wait_timer
                                  0000314e         2   data ,g         * 
FILE=DefaultBuild\phy.obj
                                  00003150  00003153         4
  _local_advertise
                                  00003150         4   data ,l         * 
FILE=DefaultBuild\dsp_RFFT.obj
                                  00003154  00003d53       c00
  _gs_fft_twiddles
                                  00003154       c00   data ,l         * 
FILE=DefaultBuild\globalVar.obj
                                  00003d54  0000455f       80c
  _vibrateData
                                  00003d54       800   data ,g         * 
  _EDSData
                                  00004554         6   data ,g         * 
  _TempData
                                  0000455a         6   data ,g         * 
FILE=tcp
                                  00004560  000045a1        42
  __tx_hdr
                                  00004560        3c   data ,g         * 
  __tcp_timer_cnt
                                  0000459c         2   data ,g         * 
  __tcp_pre_timer_cnt
                                  0000459e         2   data ,g         * 
  _port$3
                                  000045a0         2   data ,l         * 

SECTION=R_2
FILE=DefaultBuild\r_dns_client.obj
                                  000045a2  000045a3         2
  _TRANSACTION_ID
                                  000045a2         2   data ,l         * 

SECTION=B
FILE=DefaultBuild\lowsrc.obj
                                  000045a4  000045f3        50
  __Files
                                  000045a4        50   data ,g         * 
FILE=DefaultBuild\mcu_locks.obj
                                  000045f4  000047cf       1dc
  _g_bsp_Locks
                                  000045f4       1dc   data ,g         * 
FILE=DefaultBuild\r_bsp_interrupts.obj
                                  000047d0  0000495b       18c
  _g_bsp_vectors
                                  000047d0       18c   data ,l         * 
FILE=DefaultBuild\r_bsp_software_interrupt.obj
                                  0000495c  00004a3b        e0
  _g_bsp_swint_access_ctrl
                                  0000495c         8   data ,g         * 
  _s_bsp_swint_task
                                  00004964        d8   data ,l         * 
FILE=DefaultBuild\sbrk.obj
                                  00004a3c  00004e3f       404
  __s1ptr
                                  00004a3c         4   data ,g         * 
  _s_heap_area
                                  00004a40       400   data ,l         * 
FILE=DefaultBuild\t4_driver.obj
                                  00004e40  00004f03        c4
  _t4_stat
                                  00004e40        c0   data ,g         * 
  _err_buf_ptr
                                  00004f00         4   data ,g         * 
FILE=DefaultBuild\r_cmt_rx.obj
                                  00004f04  00004f23        20
  _g_cmt_modes
                                  00004f04        10   data ,l         * 
  _g_cmt_callbacks
                                  00004f14        10   data ,l         * 
FILE=DefaultBuild\r_ether_rx.obj
                                  00004f24  00004f2b         8
  _cb_func
                                  00004f24         8   data ,l         * 
FILE=DefaultBuild\r_dns_client.obj
                                  00004f2c  0000506b       140
  _dns_packet
                                  00004f2c        24   data ,l         * 
  _dns_mng
                                  00004f50       114   data ,g         * 
  _dns$1
                                  00005064         8   data ,l         * 
FILE=DefaultBuild\r_byteq.obj
                                  0000506c  0000509b        30
  _g_qcb
                                  0000506c        30   data ,l         * 
FILE=DefaultBuild\Sensor.obj
                                  0000509c  000050a3         8
  _g_my_sci_handle_ch1
                                  0000509c         4   data ,l         * 
  _g_my_sci_handle_ch2
                                  000050a0         4   data ,l         * 
FILE=DefaultBuild\dsp_process.obj
                                  000050a4  000050a7         4
  _gs_request_s12ad
                                  000050a4         4   data ,l         * 
FILE=DefaultBuild\dsp_RFFT.obj
                                  000050a8  0000a06b      4fc4
  _buf_freq
                                  000050a8      1000   data ,l         * 
  _buf_inverse
                                  000060a8      1000   data ,l         * 
  _ntwb
                                  000070a8         4   data ,l         * 
  _nbrb
                                  000070ac         4   data ,l         * 
  _nwkb
                                  000070b0         4   data ,l         * 
  _fft_twiddles
                                  000070b4      1800   data ,l         * 
  _fft_bitrev
                                  000088b4       3f8   data ,l         * 
  _gs_fft_buf
                                  00008cac      1000   data ,l         * 
  _gs_fft_bitrev
                                  00009cac       3c0   data ,l         * 
FILE=DefaultBuild\EthernetProcess.obj
                                  0000a06c  0000f46f      5404
  _tcpudp_work
                                  0000a06c      5400   data ,l         * 
  _tcpPacket
                                  0000f46c         4   data ,g         * 
FILE=DefaultBuild\globalVar.obj
                                  0000f470  0000fc6f       800
  _frequencyData
                                  0000f470       800   data ,g         * 
FILE=tcp
                                  0000fc70  0000fc77         8
  __tcp_tcb
                                  0000fc70         4   data ,g         * 
  _head_tcb
                                  0000fc74         4   data ,g         * 
FILE=tcp_api
                                  0000fc78  0000fc7b         4
  __ether_arp_tbl
                                  0000fc78         4   data ,g         * 
FILE=udp
                                  0000fc7c  0000fc7f         4
  __udp_cb
                                  0000fc7c         4   data ,g         * 
FILE=_errno
                                  0000fc80  0000fc83         4
  __errno
                                  0000fc80         4   data ,g         * 
FILE=ether
                                  0000fc84  0000fc87         4
  __ether_p_rcv_buff
                                  0000fc84         4   data ,g         * 
FILE=ip
                                  0000fc88  0000fc93         c
  _data_link_buf_ptr
                                  0000fc88         4   data ,g         * 
  __ch_info_tbl
                                  0000fc8c         4   data ,g         * 
  __ch_info_head
                                  0000fc90         4   data ,g         * 

SECTION=R
FILE=DefaultBuild\lowsrc.obj
                                  0000fc94  0000fca7        14
  _env_list
                                  0000fc94        10   data ,g         * 
  _environ
                                  0000fca4         4   data ,g         * 
FILE=DefaultBuild\sbrk.obj
                                  0000fca8  0000fcab         4
  _sp_brk
                                  0000fca8         4   data ,l         * 
FILE=DefaultBuild\timer.obj
                                  0000fcac  0000fcaf         4
  _cmt_channel
                                  0000fcac         4   data ,l         * 
FILE=DefaultBuild\config_tcpudp.obj
                                  0000fcb0  0000ff4f       2a0
  _tcp_crep
                                  0000fcb0        d8   data ,g         * 
  _tcp_ccep
                                  0000fd88       1b0   data ,g         * 
  __tcp_initial_seqno
                                  0000ff38         8   data ,g         * 
  _udp_ccep
                                  0000ff40        10   data ,g         * 
FILE=DefaultBuild\r_ether_rx.obj
                                  0000ff50  0000ff5f        10
  _papp_rx_desc
                                  0000ff50         8   data ,l         * 
  _papp_tx_desc
                                  0000ff58         8   data ,l         * 
FILE=DefaultBuild\r_dns_client.obj
                                  0000ff60  0000ff67         8
  _dnsaddr_tbl
                                  0000ff60         8   data ,l         * 
FILE=DefaultBuild\r_sci_rx64m_data.obj
                                  0000ff68  0000ffa7        40
  _ch1_ctrl
                                  0000ff68        20   data ,g         * 
  _ch2_ctrl
                                  0000ff88        20   data ,g         * 
FILE=DefaultBuild\Sensor.obj
                                  0000ffa8  0000ffb7        10
  _p_EDSRtnRAWData
                                  0000ffa8         4   data ,g         * 
  _p_EDSData
                                  0000ffac         4   data ,g         * 
  _p_vibrRtnRAWData
                                  0000ffb0         4   data ,g         * 
  _p_vibrateData
                                  0000ffb4         4   data ,g         * 
FILE=DefaultBuild\dsp_RFFT.obj
                                  0000ffb8  0001000f        58
  _vtime
                                  0000ffb8         8   data ,l         * 
  _vfreq
                                  0000ffc0         8   data ,l         * 
  _vout
                                  0000ffc8         8   data ,l         * 
  _h
                                  0000ffd0        14   data ,l         * 
  _gs_fft_time
                                  0000ffe4         8   data ,l         * 
  _gs_fft_freq
                                  0000ffec         8   data ,l         * 
  _gs_fft_mag
                                  0000fff4         8   data ,l         * 
  _gs_fft_handle
                                  0000fffc        14   data ,l         * 
FILE=DefaultBuild\r_s12ad_rx64m.obj
                                  00010010  0001002f        20
  _g_dcb
                                  00010010        20   data ,g         * 
FILE=xfiles
                                  00010030  00010107        d8
  __Stdin
                                  00010030        48   data ,g         * 
  __Stdout
                                  00010078        48   data ,g         * 
  __Stderr
                                  000100c0        48   data ,g         * 
FILE=xprintf
                                  00010108  0001010b         4
  _stderr
                                  00010108         4   data ,g         * 
FILE=sincosfsub
                                  0001010c  00010147        3c
  _sinf_coeff
                                  0001010c        10   data ,l         * 
  _cosf_coeff
                                  0001011c        10   data ,l         * 
  _pi4ptr_table
                                  0001012c         c   data ,l         * 
  _sub_table
                                  00010138        10   data ,l         * 
FILE=xctype
                                  00010148  0001014f         8
  __Ctype
                                  00010148         4   data ,g         * 
  __Tls_setup__Ctype
                                  0001014c         4   data ,g         * 
FILE=malloc
                                  00010150  00010157         8
  __Aldata
                                  00010150         8   data ,g         * 
FILE=xstate
                                  00010158  0001019f        48
  __Tls_setup__Mbcurmax
                                  00010158         4   data ,g         * 
  __Mbstate
                                  0001015c        40   data ,g         * 
  __Tls_setup__Mbstate
                                  0001019c         4   data ,g         * 
FILE=localeco
                                  000101a0  000101f3        54
  __Locale
                                  000101a0        50   data ,g         * 
  __Tls_setup__Locale
                                  000101f0         4   data ,g         * 
FILE=xwcstate
                                  000101f4  00010237        44
  __Wcstate
                                  000101f4        40   data ,g         * 
  __Tls_setup__Wcstate
                                  00010234         4   data ,g         * 
FILE=xfvalues
                                  00010238  000102af        78
  __FDenorm
                                  00010238        10   data ,g         * 
  __FEps
                                  00010248        10   data ,g         * 
  __FHugeval
                                  00010258        10   data ,g         * 
  __FInf
                                  00010268        10   data ,g         * 
  __FNan
                                  00010278        10   data ,g         * 
  __FSnan
                                  00010288        10   data ,g         * 
  __FRteps
                                  00010298        10   data ,g         * 
  __FXbig
                                  000102a8         4   data ,g         * 
  __FZero
                                  000102ac         4   data ,g         * 

SECTION=B_ETHERNET_BUFFERS_1
FILE=DefaultBuild\r_ether_rx.obj
                                  00030000  000317ff      1800
  _ether_buffers
                                  00030000      1800   data ,l         * 

SECTION=B_RX_DESC_1
FILE=DefaultBuild\r_ether_rx.obj
                                  00031800  0003181f        20
  _rx_descriptors
                                  00031800        20   data ,l         * 

SECTION=B_TX_DESC_1
FILE=DefaultBuild\r_ether_rx.obj
                                  00031820  0003183f        20
  _tx_descriptors
                                  00031820        20   data ,l         * 

SECTION=$ADDR_C_120040
FILE=DefaultBuild\vecttbl.obj
                                  00120040  00120043         4
  ___SPCCreg
                                  00120040         4   data ,g         * 

SECTION=$ADDR_C_120048
FILE=DefaultBuild\vecttbl.obj
                                  00120048  0012004b         4
  ___TMEFreg
                                  00120048         4   data ,g         * 

SECTION=$ADDR_C_120050
FILE=DefaultBuild\vecttbl.obj
                                  00120050  0012006f        20
  ___OSIS1reg
                                  00120050         4   data ,g         * 
  ___OSIS2reg
                                  00120054         4   data ,g         * 
  ___OSIS3reg
                                  00120058         4   data ,g         * 
  ___OSIS4reg
                                  0012005c         4   data ,g         * 
  ___TMINFreg
                                  00120060         4   data ,g         * 
  ___MDEreg
                                  00120064         4   data ,g         * 
  ___OFS0reg
                                  00120068         4   data ,g         * 
  ___OFS1reg
                                  0012006c         4   data ,g         * 

SECTION=C_1
FILE=DefaultBuild\config_tcpudp.obj
                                  ffc00100  ffc00127        28
  __t4_channel_num
                                  ffc00100         1   data ,g         * 
  ___multi_TTL
                                  ffc00101         2   data ,g         * 
  __udp_enable_zerochecksum
                                  ffc00103         2   data ,g         * 
  _peer_dial
                                  ffc00105         6   data ,g         * 
  _at_commands
                                  ffc0010b        1d   data ,g         * 
FILE=DefaultBuild\r_ether_rx.obj
                                  ffc00128  ffc001cb        a4
  _pause_resolution
                                  ffc00128        50   data ,l         * 
  _ether_ch_0
                                  ffc00178        22   data ,l         * 
  _ether_ch_1
                                  ffc0019a        22   data ,l         * 
  _g_eth_control_ch
                                  ffc001bc        10   data ,g         * 
FILE=xprintf
                                  ffc001cc  ffc001d5         a
  _fchar$1
                                  ffc001cc         a   data ,l         * 
FILE=ether
                                  ffc001d6  ffc001e6        11
  _ip_broadcast$1
                                  ffc001d6         4   data ,l         * 
  _ip_broadcast$4
                                  ffc001da         4   data ,l         * 
  _eth_broadcast$3
                                  ffc001de         6   data ,l         * 
  _eth_multi_addr$2
                                  ffc001e4         3   data ,l         * 
FILE=xputtxt
                                  ffc001e7  ffc0028b        a5
  _spaces
                                  ffc001e7        21   data ,l         * 
  _zeroes
                                  ffc00208        21   data ,l         * 
  _asterisk
                                  ffc00229        21   data ,l         * 
  _plus
                                  ffc0024a        21   data ,l         * 
  _minus
                                  ffc0026b        21   data ,l         * 
FILE=xlitob
                                  ffc0028c  ffc002ad        22
  _ldigs
                                  ffc0028c        11   data ,l         * 
  _udigs
                                  ffc0029d        11   data ,l         * 
FILE=localeco
                                  ffc002ae  ffc002ae         1
  _null
                                  ffc002ae         1   data ,l         * 

SECTION=C_2
FILE=DefaultBuild\r_bsp_cpu.obj
                                  ffc002b0  ffc002b5         6
  _s_prcr_masks
                                  ffc002b0         6   data ,l         * 
FILE=DefaultBuild\config_tcpudp.obj
                                  ffc002b6  ffc002cd        18
  ___tcprepn
                                  ffc002b6         2   data ,g         * 
  ___tcpcepn
                                  ffc002b8         2   data ,g         * 
  __tcp_mss
                                  ffc002ba         4   data ,g         * 
  __tcp_2msl
                                  ffc002be         4   data ,g         * 
  __tcp_rt_tmo_rst
                                  ffc002c2         4   data ,g         * 
  ___udpcepn
                                  ffc002c6         2   data ,g         * 
  __ip_tblcnt
                                  ffc002c8         4   data ,g         * 
  _ppp_auth
                                  ffc002cc         2   data ,g         * 
FILE=DefaultBuild\r_sci_rx64m_data.obj
                                  ffc002ce  ffc00303        36
  _async_baud
                                  ffc002ce        36   data ,g         * 
FILE=r_dsp_FFTInit_cf32f32
                                  ffc00304  ffc0031d        1a
  _b_seed
                                  ffc00304        1a   data ,l         * 
FILE=r_dsp_FFTInit_f32cf32
                                  ffc0031e  ffc00337        1a
  _b_seed
                                  ffc0031e        1a   data ,l         * 
FILE=r_dsp_FFTInit_i16ci32
                                  ffc00338  ffc00351        1a
  _b_seed
                                  ffc00338        1a   data ,l         * 
FILE=xctype
                                  ffc00352  ffc00553       202
  _ctyp_tab
                                  ffc00352       202   data ,l         * 

SECTION=C
FILE=DefaultBuild\dbsct.obj
                                  ffc00554  ffc0056b        18
  __CTBL
                                  ffc00554        18   data ,g         * 
FILE=DefaultBuild\r_cmt_rx.obj
                                  ffc0056c  ffc0058b        20
  _g_cmt_channels
                                  ffc0056c        10   data ,l         * 
  _g_cmt_clock_dividers
                                  ffc0057c        10   data ,l         * 
FILE=DefaultBuild\r_dns_client.obj
                                  ffc0058c  ffc00663        d8
  _dns_proc_table
                                  ffc0058c        d8   data ,l         * 
FILE=DefaultBuild\r_sci_rx64m_data.obj
                                  ffc00664  ffc0070f        ac
  _ch1_rom
                                  ffc00664        3c   data ,g         * 
  _ch2_rom
                                  ffc006a0        3c   data ,g         * 
  _g_handles
                                  ffc006dc        34   data ,g         * 
FILE=DefaultBuild\dsp_RFFT.obj
                                  ffc00710  ffc00f0f       800
  _rFFT_buf_time
                                  ffc00710       400   data ,g         * 
  _rfft_tbl_window
                                  ffc00b10       400   data ,g         * 
FILE=DefaultBuild\r_s12ad_rx64m.obj
                                  ffc00f10  ffc0103f       130
  _dreg0_ptrs
                                  ffc00f10        6c   data ,g         * 
  _dreg1_ptrs
                                  ffc00f7c        6c   data ,g         * 
  _sreg0_ptrs
                                  ffc00fe8        2c   data ,g         * 
  _sreg1_ptrs
                                  ffc01014        2c   data ,g         * 
FILE=_nfiles
                                  ffc01040  ffc01043         4
  __nfiles
                                  ffc01040         4   data ,g         * 
FILE=tcp
                                  ffc01044  ffc0105b        18
  _functbl_tcp_api$2
                                  ffc01044        18   data ,l         * 
FILE=xfoprep
                                  ffc0105c  ffc010a3        48
  _init$1
                                  ffc0105c        48   data ,l         * 
FILE=xprintf
                                  ffc010a4  ffc010bb        18
  _fbit$2
                                  ffc010a4        18   data ,l         * 
FILE=xfopen
                                  ffc010bc  ffc010cb        10
  _rwacc$1
                                  ffc010bc        10   data ,l         * 
FILE=r_costable
                                  ffc010cc  ffc010eb        20
  ___cos_coeff
                                  ffc010cc        20   data ,g         * 
FILE=xldtob
                                  ffc010ec  ffc01103        18
  _pows
                                  ffc010ec        18   data ,l         * 
FILE=_sbrk_si
                                  ffc01104  ffc01107         4
  __sbrk_size
                                  ffc01104         4   data ,g         * 
FILE=floatval
                                  ffc01108  ffc0112f        28
  __FLT_MAX_VAL
                                  ffc01108         0   none ,g         * 
  __FLT_MIN_VAL
                                  ffc0110c         0   none ,g         * 
  __DBL_MAX_VAL
                                  ffc01110         0   none ,g         * 
  __DBL_MIN_VAL
                                  ffc01118         0   none ,g         * 
  __LDBL_MAX_VAL
                                  ffc01120         0   none ,g         * 
  __LDBL_MIN_VAL
                                  ffc01128         0   none ,g         * 
FILE=_const
                                  ffc01130  ffc01153        24
  __IFNAND
                                  ffc01130         0   none ,g         * 
  __IFINFD
                                  ffc01138         0   none ,g         * 
  __NIFINFD
                                  ffc01140         0   none ,g         * 
  __IFNANS
                                  ffc01148         0   none ,g         * 
  __IFINFS
                                  ffc0114c         0   none ,g         * 
  __NIFINFS
                                  ffc01150         0   none ,g         * 

SECTION=C$DSEC
FILE=DefaultBuild\dbsct.obj
                                  ffc01154  ffc01177        24
  __DTBL
                                  ffc01154        24   data ,g         * 

SECTION=C$BSEC
FILE=DefaultBuild\dbsct.obj
                                  ffc01178  ffc0118f        18
  __BTBL
                                  ffc01178        18   data ,g         * 

SECTION=C$VECT
FILE=DefaultBuild\resetprg.obj
                                  ffc01190  ffc0158f       400

SECTION=D_1
FILE=DefaultBuild\ether_callback.obj
                                  ffc01590  ffc01590         1
FILE=DefaultBuild\config_tcpudp.obj
                                  ffc01591  ffc015c2        32
FILE=DefaultBuild\r_ether_rx.obj
                                  ffc015c3  ffc015c5         3
FILE=DefaultBuild\r_dns_client.obj
                                  ffc015c6  ffc015cd         8
FILE=DefaultBuild\r_byteq.obj
                                  ffc015ce  ffc015ce         1
FILE=DefaultBuild\dsp_process.obj
                                  ffc015cf  ffc015cf         1
FILE=DefaultBuild\globalVar.obj
                                  ffc015d0  ffc015d6         7
FILE=xfiles
                                  ffc015d7  ffc01626        50
FILE=tcp
                                  ffc01627  ffc01627         1
FILE=xstate
                                  ffc01628  ffc01628         1

SECTION=D_2
FILE=DefaultBuild\r_dns_client.obj
                                  ffc0162a  ffc0162b         2

SECTION=D
FILE=DefaultBuild\lowsrc.obj
                                  ffc0162c  ffc0163f        14
FILE=DefaultBuild\sbrk.obj
                                  ffc01640  ffc01643         4
FILE=DefaultBuild\timer.obj
                                  ffc01644  ffc01647         4
FILE=DefaultBuild\config_tcpudp.obj
                                  ffc01648  ffc018e7       2a0
FILE=DefaultBuild\r_ether_rx.obj
                                  ffc018e8  ffc018f7        10
FILE=DefaultBuild\r_dns_client.obj
                                  ffc018f8  ffc018ff         8
FILE=DefaultBuild\r_sci_rx64m_data.obj
                                  ffc01900  ffc0193f        40
FILE=DefaultBuild\Sensor.obj
                                  ffc01940  ffc0194f        10
FILE=DefaultBuild\dsp_RFFT.obj
                                  ffc01950  ffc019a7        58
FILE=DefaultBuild\r_s12ad_rx64m.obj
                                  ffc019a8  ffc019c7        20
FILE=xfiles
                                  ffc019c8  ffc01a9f        d8
FILE=xprintf
                                  ffc01aa0  ffc01aa3         4
FILE=sincosfsub
                                  ffc01aa4  ffc01adf        3c
FILE=xctype
                                  ffc01ae0  ffc01ae7         8
FILE=malloc
                                  ffc01ae8  ffc01aef         8
FILE=xstate
                                  ffc01af0  ffc01b37        48
FILE=localeco
                                  ffc01b38  ffc01b8b        54
FILE=xwcstate
                                  ffc01b8c  ffc01bcf        44
FILE=xfvalues
                                  ffc01bd0  ffc01c47        78

SECTION=P
FILE=DefaultBuild\r_cg_hardware_setup.obj
                                  ffc01c48  ffc01c82        3b
  _r_undefined_exception
                                  ffc01c48         1   func ,g         * 
  _R_Systeminit
                                  ffc01c49        3a   func ,g         * 
FILE=DefaultBuild\r_smc_cgc.obj
                                  ffc01c83  ffc01c86         4
  _R_CGC_Create
                                  ffc01c83         4   func ,g         * 
FILE=DefaultBuild\r_smc_cgc_user.obj
                                  ffc01c87  ffc01c87         1
  _R_CGC_Create_UserInit
                                  ffc01c87         1   func ,g         * 
FILE=DefaultBuild\r_smc_interrupt.obj
                                  ffc01c88  ffc01c88         1
  _R_Interrupt_Create
[...]
  ..tl0001
                                  ffc0ea1a         0   none ,l         * 
  NoWindow
                                  ffc0ea50         0   none ,l         * 
  ..tl0002
                                  ffc0ea52         0   none ,l         * 
  CALC_LOGN
                                  ffc0ea76         0   none ,l         * 
  CALC_FFT
                                  ffc0ead0         0   none ,l         * 
  ..tl0003
                                  ffc0eafb         0   none ,l         * 
  ..tl0004
                                  ffc0eb08         0   none ,l         * 
  CHECK_FFT_LOOP
                                  ffc0eb17         0   none ,l         * 
  _fft1st2nd
                                  ffc0eb30         0   none ,l         * 
  ..tl0005
                                  ffc0eb3b         0   none ,l         * 
  _fftN_N1
                                  ffc0ec39         0   none ,l         * 
  fftN_N1_LOOP
                                  ffc0ec4b         0   none ,l         * 
  ..tl0006
                                  ffc0ec55         0   none ,l         * 
  _fftNth
                                  ffc0ed63         0   none ,l         * 
  fftNth_LOOP
                                  ffc0ed69         0   none ,l         * 
  ..tl0007
                                  ffc0ed71         0   none ,l         * 
  _fftLast2
                                  ffc0edb5         0   none ,l         * 
  ..tl0008
                                  ffc0edc5         0   none ,l         * 
  _wasaNew
                                  ffc0ee1d         0   none ,l         * 
  ..tl0009
                                  ffc0ee43         0   none ,l         * 
  _brev4
                                  ffc0eeca         0   none ,l         * 
  ..tl000A
                                  ffc0eed7         0   none ,l         * 
FILE=r_dsp_rfft_x2_i16ci32_rxv2
                                  ffc0eefb  ffc0f3e7       4ed
  _R_rfft_x2_i16ci32
                                  ffc0eefb         0   none ,g         * 
  ..tl0001
                                  ffc0ef0e         0   none ,l         * 
  NoWindow
                                  ffc0ef44         0   none ,l         * 
  ..tl0002
                                  ffc0ef46         0   none ,l         * 
  CALC_LOGN
                                  ffc0ef6a         0   none ,l         * 
  CALC_FFT
                                  ffc0efc4         0   none ,l         * 
  ..tl0003
                                  ffc0efef         0   none ,l         * 
  ..tl0004
                                  ffc0effc         0   none ,l         * 
  CHECK_FFT_LOOP
                                  ffc0f00b         0   none ,l         * 
  _fft1st2nd
                                  ffc0f024         0   none ,l         * 
  ..tl0005
                                  ffc0f02f         0   none ,l         * 
  _fftN_N1
                                  ffc0f11d         0   none ,l         * 
  fftN_N1_LOOP
                                  ffc0f12f         0   none ,l         * 
  ..tl0006
                                  ffc0f139         0   none ,l         * 
  _fftNth
                                  ffc0f236         0   none ,l         * 
  fftNth_LOOP
                                  ffc0f23c         0   none ,l         * 
  ..tl0007
                                  ffc0f244         0   none ,l         * 
  _fftLast2
                                  ffc0f288         0   none ,l         * 
  ..tl0008
                                  ffc0f298         0   none ,l         * 
  _wasaNew
                                  ffc0f300         0   none ,l         * 
  ..tl0009
                                  ffc0f32b         0   none ,l         * 
  _brev4
                                  ffc0f3b7         0   none ,l         * 
  ..tl000A
                                  ffc0f3c4         0   none ,l         * 
FILE=r_dsp_rfft_x2_tw32_i16ci32_rxv2
                                  ffc0f3e8  ffc0f8c3       4dc
  _R_rfft_x2_tw32_i16ci32
                                  ffc0f3e8         0   none ,g         * 
  ..tl0001
                                  ffc0f3fb         0   none ,l         * 
  NoWindow
                                  ffc0f431         0   none ,l         * 
  ..tl0002
                                  ffc0f433         0   none ,l         * 
  CALC_LOGN
                                  ffc0f457         0   none ,l         * 
  CALC_FFT
                                  ffc0f4b1         0   none ,l         * 
  ..tl0003
                                  ffc0f4dc         0   none ,l         * 
  ..tl0004
                                  ffc0f4e9         0   none ,l         * 
  CHECK_FFT_LOOP
                                  ffc0f4f8         0   none ,l         * 
  _fft1st2nd
                                  ffc0f511         0   none ,l         * 
  ..tl0005
                                  ffc0f51c         0   none ,l         * 
  _fftN_N1
                                  ffc0f606         0   none ,l         * 
  fftN_N1_LOOP
                                  ffc0f618         0   none ,l         * 
  ..tl0006
                                  ffc0f622         0   none ,l         * 
  _fftNth
                                  ffc0f71c         0   none ,l         * 
  fftNth_LOOP
                                  ffc0f722         0   none ,l         * 
  ..tl0007
                                  ffc0f72a         0   none ,l         * 
  _fftLast2
                                  ffc0f76e         0   none ,l         * 
  ..tl0008
                                  ffc0f77e         0   none ,l         * 
  _wasaNew
                                  ffc0f7e6         0   none ,l         * 
  ..tl0009
                                  ffc0f80c         0   none ,l         * 
  _brev4
                                  ffc0f893         0   none ,l         * 
  ..tl000A
                                  ffc0f8a0         0   none ,l         * 
FILE=sincosfsub
                                  ffc0f8c4  ffc0f9ab        e8
  ___poly_sinf
                                  ffc0f8c4        31   func ,g         * 
  ___poly_cosf
                                  ffc0f8f5        28   func ,g         * 
  _poly_cosfn
                                  ffc0f91d         7   func ,l         * 
  _poly_sinfn
                                  ffc0f924         5   func ,l         * 
  _sincosf_special
                                  ffc0f929        33   func ,l         * 
  ___internal_sincosf
                                  ffc0f95c        50   func ,g         * 
FILE=xfwprep
                                  ffc0f9ac  ffc0fa44        99
  __Fwprep
                                  ffc0f9ac        99   func ,g         * 
FILE=xputfld
                                  ffc0fa45  ffc0fedb       497
  __Putfld
                                  ffc0fa45       497   func ,g         * 
FILE=xfopen
                                  ffc0fedc  ffc0ff0b        30
  __Fopen
                                  ffc0fedc        30   func ,g         * 
FILE=xvacopy
                                  ffc0ff0c  ffc0ff13         8
  __Vacopy
                                  ffc0ff0c         8   func ,g         * 
FILE=xputtxt
                                  ffc0ff14  ffc101f8       2e5
  __Puttxt
                                  ffc0ff14       2e5   func ,g         * 
FILE=strchr
                                  ffc101f9  ffc1020b        13
  _strchr
                                  ffc101f9        13   func ,g         * 
FILE=xctype
                                  ffc1020c  ffc10221        16
  __Getpctype
                                  ffc1020c        16   func ,g         * 
FILE=malloc
                                  ffc10222  ffc102ff        de
  _findmem
                                  ffc10222        7b   func ,l         * 
  _malloc
                                  ffc1029d        63   func ,g         * 
FILE=r_dsp_sqrt_int_rx
                                  ffc10300  ffc1047c       17d
  _R_sqrt_int32
                                  ffc10300         0   none ,g         * 
  _R_sqrtBody
                                  ffc10304         0   none ,l         * 
  ..tl0001
                                  ffc10315         0   none ,l         * 
  SQRT32LOOP
                                  ffc1031d         0   none ,l         * 
  SQRT32EXIT
                                  ffc10332         0   none ,l         * 
  ..tl0002
                                  ffc10337         0   none ,l         * 
  _R_sqrt_rem_int32
                                  ffc10338         0   none ,l         * 
  SQRTREM32EXIT
                                  ffc10385         0   none ,l         * 
  ..tl0003
                                  ffc1038a         0   none ,l         * 
  SQRTREM32NONOR
                                  ffc1038f         0   none ,l         * 
  _R_sqrtBody64
                                  ffc10397         0   none ,l         * 
  ..tl0004
                                  ffc103b9         0   none ,l         * 
  SQRT64QPRE
                                  ffc103c1         0   none ,l         * 
  SQRT64QLOOP
                                  ffc103c2         0   none ,l         * 
  ..tl0005
                                  ffc103ca         0   none ,l         * 
  SQRTCMP1_NEXT
                                  ffc103cf         0   none ,l         * 
  SQRT64LOOP
                                  ffc103d1         0   none ,l         * 
  SQRTCMP2_NEXT
                                  ffc103d8         0   none ,l         * 
  SQRTCMP3_NEXT
                                  ffc103f1         0   none ,l         * 
  SQRT64EXIT
                                  ffc103ff         0   none ,l         * 
  ..tl0006
                                  ffc10404         0   none ,l         * 
  _R_sqrt_int64
                                  ffc10409         0   none ,g         * 
  ..tl0007
                                  ffc10468         0   none ,l         * 
  SQRT64SQRT32
                                  ffc1046d         0   none ,l         * 
  SQRT64BODY64
                                  ffc10475         0   none ,l         * 
FILE=fmodf
                                  ffc1047d  ffc104ae        32
  _fmodl
                                  ffc1047d         2   func ,g         * 
  _fmod
                                  ffc1047f         2   func ,g         * 
  _fmodf
                                  ffc10481        2e   func ,g         * 
FILE=nanfval
                                  ffc104af  ffc104b5         7
  ___nanf_value
                                  ffc104af         7   func ,g         * 
FILE=xldtob
                                  ffc104b6  ffc108a5       3f0
  __Ldtob
                                  ffc104b6       3f0   func ,g         * 
FILE=xputstr
                                  ffc108a6  ffc10985        e0
  __Putstr
                                  ffc108a6        e0   func ,g         * 
FILE=xlitob
                                  ffc10986  ffc10a9b       116
  __Litob
                                  ffc10986       116   func ,g         * 
FILE=xgetmem
                                  ffc10a9c  ffc10ab6        1b
  __Getmem
                                  ffc10a9c        1b   func ,g         * 
FILE=_i_fmds
                                  ffc10ab7  ffc10b8e        d8
  __in_fmods
                                  ffc10ab7        d8   func ,g         * 
FILE=xgenld
                                  ffc10b8f  ffc10e51       2c3
  __Genld
                                  ffc10b8f       2c3   func ,g         * 
FILE=xwctomb
                                  ffc10e52  ffc10fa7       156
  __Wctombx
                                  ffc10e52       110   func ,g         * 
  __Wctomb
                                  ffc10f62        46   func ,g         * 
FILE=xstate
                                  ffc10fa8  ffc10fd9        32
  __Getmbcurmax
                                  ffc10fa8        16   func ,g         * 
  __Getpmbstate
                                  ffc10fbe        1c   func ,g         * 
FILE=xldscale
                                  ffc10fda  ffc10fdd         4
  __LDscale
                                  ffc10fda         4   func ,g         * 
FILE=xldunsca
                                  ffc10fde  ffc10fe1         4
  __LDunscale
                                  ffc10fde         4   func ,g         * 
FILE=__COM_MOD64u
                                  ffc10fe2  ffc11068        87
  __COM_MOD64u
                                  ffc10fe2         0   none ,g         * 
  _Loop_Init
                                  ffc10fec         0   none ,l         * 
  _Loop
                                  ffc10ff0         0   none ,l         * 
  _DivStart
                                  ffc10ffc         0   none ,l         * 
  _Success
                                  ffc1100a         0   none ,l         * 
  _DivEnd
                                  ffc11012         0   none ,l         * 
  IXI6DIV
                                  ffc11013         0   none ,l         * 
  IXI4DIV
                                  ffc11025         0   none ,l         * 
  IXI2DIV
                                  ffc11035         0   none ,l         * 
  I8I2DIV
                                  ffc1103d         0   none ,l         * 
  I4I2DIV
                                  ffc1105d         0   none ,l         * 
FILE=_div
                                  ffc11069  ffc11074         c
  _ldiv
                                  ffc11069         0   none ,g         * 
  _div
                                  ffc11069         0   none ,g         * 
FILE=localeco
                                  ffc11075  ffc1107b         7
  _localeconv
                                  ffc11075         7   func ,g         * 
FILE=xwcstate
                                  ffc1107c  ffc11097        1c
  __Getpwcstate
                                  ffc1107c        1c   func ,g         * 
FILE=xfdscale
                                  ffc11098  ffc111b0       119
  __FDscale
                                  ffc11098       119   func ,g         * 
FILE=xfdunsca
                                  ffc111b1  ffc1120c        5c
  __FDunscale
                                  ffc111b1        5c   func ,g         * 
FILE=xfdnorm
                                  ffc1120d  ffc1127a        6e
  __FDnorm
                                  ffc1120d        6e   func ,g         * 

SECTION=W_1
FILE=DefaultBuild\r_bsp_cpu.obj
                                  ffc1127b  ffc1128a        10
FILE=DefaultBuild\r_bsp_software_interrupt.obj
                                  ffc1128b  ffc11297         d

SECTION=W_2
FILE=DefaultBuild\r_s12ad_rx64m.obj
                                  ffc11298  ffc112b7        20

SECTION=L
FILE=DefaultBuild\dbsct.obj
                                  ffc112b8  ffc112bb         4
  _deadSpace
                                  ffc112b8         4   data ,g         * 
FILE=DefaultBuild\lowsrc.obj
                                  ffc112bc  ffc112fd        42
FILE=DefaultBuild\r_dhcp_client.obj
                                  ffc11300  ffc11370        71
FILE=DefaultBuild\r_dns_client.obj
                                  ffc11374  ffc11375         2
FILE=DefaultBuild\Sensor.obj
                                  ffc11378  ffc113bf        48
FILE=DefaultBuild\dsp_RFFT.obj
                                  ffc113c0  ffc113df        20
FILE=xprintf
                                  ffc113e0  ffc113e6         7
FILE=ether
                                  ffc113e8  ffc113f3         c
FILE=xldtob
                                  ffc113f4  ffc11415        22
FILE=xgenld
                                  ffc11418  ffc11419         2
FILE=localeco
                                  ffc1141c  ffc11428         d

SECTION=EXCEPTVECT
FILE=DefaultBuild\vecttbl.obj
                                  ffffff80  fffffffb        7c
  _Except_Vectors
                                  ffffff80        7c   data ,g         * 

SECTION=RESETVECT
FILE=DefaultBuild\vecttbl.obj
                                  fffffffc  ffffffff         4
  _Reset_Vector
                                  fffffffc         4   data ,g         * 

Absolute value symbols
FILE=r_rfft_f32cf32_rxv2
  STACKSIZE
                                  0000002c         0   none ,l         * 
  _DATA_BYTE
                                  00000008         0   none ,l         * 
  _TWDL_BYTE
                                  00000008         0   none ,l         * 
  R_DSP_FFT_OPT_NO_BITREV
                                  00000007         0   none ,l         * 
  _DATA_ORDER
                                  00000003         0   none ,l         * 
FILE=r_dsp_rfft_i16ci32_rxv2
  STACKSIZE
                                  0000002c         0   none ,l         * 
  _DATA_BYTE
                                  00000008         0   none ,l         * 
  _TWDL_BYTE
                                  00000004         0   none ,l         * 
  R_DSP_FFT_OPT_NO_BITREV
                                  00000007         0   none ,l         * 
  _DATA_ORDER
                                  00000003         0   none ,l         * 
FILE=r_dsp_rfft_sc_i16ci32_rxv2
  STACKSIZE
                                  0000002c         0   none ,l         * 
  _DATA_BYTE
                                  00000008         0   none ,l         * 
  _TWDL_BYTE
                                  00000004         0   none ,l         * 
  R_DSP_FFT_OPT_NO_BITREV
                                  00000007         0   none ,l         * 
  _DATA_ORDER
                                  00000003         0   none ,l         * 
FILE=r_dsp_rfft_sc_tw32_i16ci32_rxv2
  STACKSIZE
                                  0000002c         0   none ,l         * 
  _DATA_BYTE
                                  00000008         0   none ,l         * 
  _TWDL_BYTE
                                  00000008         0   none ,l         * 
  R_DSP_FFT_OPT_NO_BITREV
                                  00000007         0   none ,l         * 
  _DATA_ORDER
                                  00000003         0   none ,l         * 
FILE=r_dsp_rfft_tw32_i16ci32_rxv2
  STACKSIZE
                                  0000002c         0   none ,l         * 
  _DATA_BYTE
                                  00000008         0   none ,l         * 
  _TWDL_BYTE
                                  00000008         0   none ,l         * 
  R_DSP_FFT_OPT_NO_BITREV
                                  00000007         0   none ,l         * 
  _DATA_ORDER
                                  00000003         0   none ,l         * 
FILE=r_dsp_rfft_x2_i16ci32_rxv2
  STACKSIZE
                                  0000002c         0   none ,l         * 
  _DATA_BYTE
                                  00000008         0   none ,l         * 
  _TWDL_BYTE
                                  00000004         0   none ,l         * 
  R_DSP_FFT_OPT_NO_BITREV
                                  00000007         0   none ,l         * 
  _DATA_ORDER
                                  00000003         0   none ,l         * 
FILE=r_dsp_rfft_x2_tw32_i16ci32_rxv2
  STACKSIZE
                                  0000002c         0   none ,l         * 
  _DATA_BYTE
                                  00000008         0   none ,l         * 
  _TWDL_BYTE
                                  00000008         0   none ,l         * 
  R_DSP_FFT_OPT_NO_BITREV
                                  00000007         0   none ,l         * 
  _DATA_ORDER
                                  00000003         0   none ,l         * 

*** Unfilled Areas ***

AREA                                START    END

*** Delete Symbols ***

SYMBOL                                SIZE    INFO
